Archive member included to satisfy reference by file (symbol)

.\CortexM0\ARM_GCC_541\Debug\PSOC4_ForwardVoltageTSEP.a(Opamp_1.o)
                              .\CortexM0\ARM_GCC_541\Debug\diodeMeasurement.o (Opamp_1_Start)
.\CortexM0\ARM_GCC_541\Debug\PSOC4_ForwardVoltageTSEP.a(Opamp_2.o)
                              .\CortexM0\ARM_GCC_541\Debug\diodeMeasurement.o (Opamp_2_Start)
.\CortexM0\ARM_GCC_541\Debug\PSOC4_ForwardVoltageTSEP.a(ADC_SAR.o)
                              .\CortexM0\ARM_GCC_541\Debug\diodeMeasurement.o (ADC_SAR_Start)
.\CortexM0\ARM_GCC_541\Debug\PSOC4_ForwardVoltageTSEP.a(ADC_SAR_INT.o)
                              .\CortexM0\ARM_GCC_541\Debug\PSOC4_ForwardVoltageTSEP.a(ADC_SAR.o) (ADC_SAR_ISR)
.\CortexM0\ARM_GCC_541\Debug\PSOC4_ForwardVoltageTSEP.a(AMux_High.o)
                              .\CortexM0\ARM_GCC_541\Debug\diodeMeasurement.o (AMux_High_Start)
.\CortexM0\ARM_GCC_541\Debug\PSOC4_ForwardVoltageTSEP.a(AMux_Low.o)
                              .\CortexM0\ARM_GCC_541\Debug\diodeMeasurement.o (AMux_Low_Start)
.\CortexM0\ARM_GCC_541\Debug\PSOC4_ForwardVoltageTSEP.a(IDAC.o)
                              .\CortexM0\ARM_GCC_541\Debug\currentSink.o (IDAC_Start)
.\CortexM0\ARM_GCC_541\Debug\PSOC4_ForwardVoltageTSEP.a(DieTemp.o)
                              .\CortexM0\ARM_GCC_541\Debug\main.o (DieTemp_CountsTo_Celsius)
.\CortexM0\ARM_GCC_541\Debug\PSOC4_ForwardVoltageTSEP.a(GPIO_VREF.o)
                              .\CortexM0\ARM_GCC_541\Debug\currentSink.o (GPIO_VREF_Write)
.\CortexM0\ARM_GCC_541\Debug\PSOC4_ForwardVoltageTSEP.a(GPIO_S0.o)
                              .\CortexM0\ARM_GCC_541\Debug\currentSink.o (GPIO_S0_Write)
.\CortexM0\ARM_GCC_541\Debug\PSOC4_ForwardVoltageTSEP.a(GPIO_S1.o)
                              .\CortexM0\ARM_GCC_541\Debug\currentSink.o (GPIO_S1_Write)
.\CortexM0\ARM_GCC_541\Debug\PSOC4_ForwardVoltageTSEP.a(GPIO_EN.o)
                              .\CortexM0\ARM_GCC_541\Debug\currentSink.o (GPIO_EN_Write)
.\CortexM0\ARM_GCC_541\Debug\PSOC4_ForwardVoltageTSEP.a(SPIS.o)
                              .\CortexM0\ARM_GCC_541\Debug\myspi.o (SPIS_Start)
.\CortexM0\ARM_GCC_541\Debug\PSOC4_ForwardVoltageTSEP.a(SPIS_SPI_UART.o)
                              .\CortexM0\ARM_GCC_541\Debug\myspi.o (SPIS_SpiUartReadRxData)
.\CortexM0\ARM_GCC_541\Debug\PSOC4_ForwardVoltageTSEP.a(SPIS_SPI.o)
                              .\CortexM0\ARM_GCC_541\Debug\PSOC4_ForwardVoltageTSEP.a(SPIS.o) (SPIS_SpiInit)
.\CortexM0\ARM_GCC_541\Debug\PSOC4_ForwardVoltageTSEP.a(CyLib.o)
                              .\CortexM0\ARM_GCC_541\Debug\cyfitter_cfg.o (CySysClkWriteImoFreq)
.\CortexM0\ARM_GCC_541\Debug\PSOC4_ForwardVoltageTSEP.a(ISR_TurnOn_Sink.o)
                              .\CortexM0\ARM_GCC_541\Debug\currentSink.o (ISR_TurnOn_Sink_Start)
.\CortexM0\ARM_GCC_541\Debug\PSOC4_ForwardVoltageTSEP.a(ISR_TurnOff_Sink.o)
                              .\CortexM0\ARM_GCC_541\Debug\currentSink.o (ISR_TurnOff_Sink_Start)
.\CortexM0\ARM_GCC_541\Debug\PSOC4_ForwardVoltageTSEP.a(CyBootAsmGnu.o)
                              .\CortexM0\ARM_GCC_541\Debug\PSOC4_ForwardVoltageTSEP.a(CyLib.o) (CyDelayCycles)
.\CortexM0\ARM_GCC_541\Debug\PSOC4_ForwardVoltageTSEP.a(SPIS_SPI_UART_INT.o)
                              .\CortexM0\ARM_GCC_541\Debug\PSOC4_ForwardVoltageTSEP.a(SPIS_SPI.o) (SPIS_SPI_UART_ISR)
c:/program files (x86)/cypress/psoc creator/4.2/psoc creator/import/gnu/arm/5.4.1/bin/../lib/gcc/arm-none-eabi/5.4.1/armv6-m\libgcc.a(_udivsi3.o)
                              .\CortexM0\ARM_GCC_541\Debug\PSOC4_ForwardVoltageTSEP.a(CyLib.o) (__aeabi_uidiv)
c:/program files (x86)/cypress/psoc creator/4.2/psoc creator/import/gnu/arm/5.4.1/bin/../lib/gcc/arm-none-eabi/5.4.1/armv6-m\libgcc.a(_divsi3.o)
                              .\CortexM0\ARM_GCC_541\Debug\PSOC4_ForwardVoltageTSEP.a(ADC_SAR.o) (__aeabi_idiv)
c:/program files (x86)/cypress/psoc creator/4.2/psoc creator/import/gnu/arm/5.4.1/bin/../lib/gcc/arm-none-eabi/5.4.1/armv6-m\libgcc.a(_dvmd_tls.o)
                              c:/program files (x86)/cypress/psoc creator/4.2/psoc creator/import/gnu/arm/5.4.1/bin/../lib/gcc/arm-none-eabi/5.4.1/armv6-m\libgcc.a(_udivsi3.o) (__aeabi_idiv0)
c:/program files (x86)/cypress/psoc creator/4.2/psoc creator/import/gnu/arm/5.4.1/bin/../lib/gcc/arm-none-eabi/5.4.1/armv6-m\libgcc.a(_aeabi_ldivmod.o)
                              .\CortexM0\ARM_GCC_541\Debug\PSOC4_ForwardVoltageTSEP.a(ADC_SAR.o) (__aeabi_ldivmod)
c:/program files (x86)/cypress/psoc creator/4.2/psoc creator/import/gnu/arm/5.4.1/bin/../lib/gcc/arm-none-eabi/5.4.1/armv6-m\libgcc.a(_muldi3.o)
                              .\CortexM0\ARM_GCC_541\Debug\PSOC4_ForwardVoltageTSEP.a(ADC_SAR.o) (__aeabi_lmul)
c:/program files (x86)/cypress/psoc creator/4.2/psoc creator/import/gnu/arm/5.4.1/bin/../lib/gcc/arm-none-eabi/5.4.1/armv6-m\libgcc.a(bpabi.o)
[...]
Memory Configuration

Name             Origin             Length             Attributes
rom              0x00000000         0x00008000         xr
ram              0x20000000         0x00001000         xrw
*default*        0x00000000         0xffffffff

Linker script and memory map

LOAD c:/program files (x86)/cypress/psoc creator/4.2/psoc creator/import/gnu/arm/5.4.1/bin/../lib/gcc/arm-none-eabi/5.4.1/armv6-m/crti.o
LOAD c:/program files (x86)/cypress/psoc creator/4.2/psoc creator/import/gnu/arm/5.4.1/bin/../lib/gcc/arm-none-eabi/5.4.1/armv6-m/crtbegin.o
LOAD c:/program files (x86)/cypress/psoc creator/4.2/psoc creator/import/gnu/arm/5.4.1/bin/../lib/gcc/arm-none-eabi/5.4.1/../../../../arm-none-eabi/lib/armv6-m/crt0.o
START GROUP
LOAD .\CortexM0\ARM_GCC_541\Debug\main.o
LOAD .\CortexM0\ARM_GCC_541\Debug\currentSink.o
LOAD .\CortexM0\ARM_GCC_541\Debug\myspi.o
LOAD .\CortexM0\ARM_GCC_541\Debug\diodeMeasurement.o
LOAD .\CortexM0\ARM_GCC_541\Debug\cyfitter_cfg.o
LOAD .\CortexM0\ARM_GCC_541\Debug\cymetadata.o
LOAD .\CortexM0\ARM_GCC_541\Debug\Cm0Start.o
LOAD .\CortexM0\ARM_GCC_541\Debug\PSOC4_ForwardVoltageTSEP.a
LOAD c:/program files (x86)/cypress/psoc creator/4.2/psoc creator/import/gnu/arm/5.4.1/bin/../lib/gcc/arm-none-eabi/5.4.1/../../../../arm-none-eabi/lib/armv6-m\libm.a
END GROUP
START GROUP
LOAD c:/program files (x86)/cypress/psoc creator/4.2/psoc creator/import/gnu/arm/5.4.1/bin/../lib/gcc/arm-none-eabi/5.4.1/armv6-m\libgcc.a
LOAD c:/program files (x86)/cypress/psoc creator/4.2/psoc creator/import/gnu/arm/5.4.1/bin/../lib/gcc/arm-none-eabi/5.4.1/../../../../arm-none-eabi/lib/armv6-m\libg_nano.a
LOAD c:/program files (x86)/cypress/psoc creator/4.2/psoc creator/import/gnu/arm/5.4.1/bin/../lib/gcc/arm-none-eabi/5.4.1/../../../../arm-none-eabi/lib/armv6-m\libc_nano.a
END GROUP
START GROUP
LOAD c:/program files (x86)/cypress/psoc creator/4.2/psoc creator/import/gnu/arm/5.4.1/bin/../lib/gcc/arm-none-eabi/5.4.1/armv6-m\libgcc.a
LOAD c:/program files (x86)/cypress/psoc creator/4.2/psoc creator/import/gnu/arm/5.4.1/bin/../lib/gcc/arm-none-eabi/5.4.1/../../../../arm-none-eabi/lib/armv6-m\libc_nano.a
END GROUP
LOAD c:/program files (x86)/cypress/psoc creator/4.2/psoc creator/import/gnu/arm/5.4.1/bin/../lib/gcc/arm-none-eabi/5.4.1/armv6-m/crtend.o
LOAD c:/program files (x86)/cypress/psoc creator/4.2/psoc creator/import/gnu/arm/5.4.1/bin/../lib/gcc/arm-none-eabi/5.4.1/armv6-m/crtn.o
START GROUP
LOAD c:/program files (x86)/cypress/psoc creator/4.2/psoc creator/import/gnu/arm/5.4.1/bin/../lib/gcc/arm-none-eabi/5.4.1/armv6-m\libgcc.a
LOAD c:/program files (x86)/cypress/psoc creator/4.2/psoc creator/import/gnu/arm/5.4.1/bin/../lib/gcc/arm-none-eabi/5.4.1/../../../../arm-none-eabi/lib/armv6-m\libc.a
LOAD c:/program files (x86)/cypress/psoc creator/4.2/psoc creator/import/gnu/arm/5.4.1/bin/../lib/gcc/arm-none-eabi/5.4.1/../../../../arm-none-eabi/lib/armv6-m\libnosys.a
END GROUP
                0x00000000                CY_APPL_ORIGIN = 0x0
                0x00000080                CY_FLASH_ROW_SIZE = 0x80
                0x00000001                CY_APPL_NUM = 0x1
                0x00000001                CY_APPL_MAX = 0x1
                0x00000040                CY_METADATA_SIZE = 0x40
                0x00000000                CY_APPL_LOADABLE = 0x0
                0x00000000                CY_CHECKSUM_EXCLUDE_SIZE = ALIGN (0x0, CY_FLASH_ROW_SIZE)
                0x00000000                CY_APP_FOR_STACK_AND_COPIER = 0x0
                [!provide]                PROVIDE (__cy_heap_start, _end)
                0x00000001                PROVIDE (__cy_region_num, ((__cy_regions_end - __cy_regions) / 0x10))
                0x20001000                PROVIDE (__cy_stack, (ORIGIN (ram) + LENGTH (ram)))
                [!provide]                PROVIDE (__cy_heap_end, (__cy_stack - 0x400))

.cybootloader   0x00000000        0x0
 *(.cybootloader)
                0x00000000                appl1_start = CY_APPL_ORIGIN?CY_APPL_ORIGIN:ALIGN (CY_FLASH_ROW_SIZE)
                0x00003f80                appl2_start = (appl1_start + ALIGN ((((LENGTH (rom) - appl1_start) - (0x2 * CY_FLASH_ROW_SIZE)) / 0x2), CY_FLASH_ROW_SIZE))
                0x00000000                appl_start = (CY_APPL_NUM == 0x1)?appl1_start:appl2_start
                0x00000001                cy_project_type_bootloader = (appl_start == 0x0)?0x1:0x0
                0x00000000                cy_project_type_app_for_stack_and_copier = (CY_APP_FOR_STACK_AND_COPIER == 0x1)?0x1:0x0

.text           0x00000000     0x23b8
 CREATE_OBJECT_SYMBOLS
                0x00000000                PROVIDE (__cy_interrupt_vector, RomVectors)
 *(.romvectors)
 .romvectors    0x00000000       0x10 .\CortexM0\ARM_GCC_541\Debug\Cm0Start.o
                0x00000000                RomVectors
                0x00000001                ASSERT ((. != __cy_interrupt_vector), No interrupt vector)
                0x00000001                ASSERT (CY_APPL_ORIGIN?(SIZEOF (.cybootloader) <= CY_APPL_ORIGIN):0x1, Wrong image location)
                0x00000010                PROVIDE (__cy_reset, Reset)
 *(.text.Reset)
 .text.Reset    0x00000010        0x8 .\CortexM0\ARM_GCC_541\Debug\Cm0Start.o
                0x00000010                Reset
                0x00000001                ASSERT ((. != __cy_reset), No reset code)
 *(.psocinit)
 .psocinit      0x00000018      0x200 .\CortexM0\ARM_GCC_541\Debug\cyfitter_cfg.o
                0x00000094                cyfitter_cfg
                0x00000218                . = MAX (., 0x100)
 *(.text .text.* .gnu.linkonce.t.*)
 .text          0x00000218       0x60 c:/program files (x86)/cypress/psoc creator/4.2/psoc creator/import/gnu/arm/5.4.1/bin/../lib/gcc/arm-none-eabi/5.4.1/armv6-m/crtbegin.o
 .text.main     0x00000278       0xc4 .\CortexM0\ARM_GCC_541\Debug\main.o
                0x00000278                main
 .text.initializeCurrentSink
                0x0000033c       0x18 .\CortexM0\ARM_GCC_541\Debug\currentSink.o
                0x0000033c                initializeCurrentSink
 .text.turnOnSink
                0x00000354       0x40 .\CortexM0\ARM_GCC_541\Debug\currentSink.o
                0x00000354                turnOnSink
 .text.turnOffSink
                0x00000394       0x40 .\CortexM0\ARM_GCC_541\Debug\currentSink.o
                0x00000394                turnOffSink
 .text.setMultiplexerChan
                0x000003d4       0x68 .\CortexM0\ARM_GCC_541\Debug\currentSink.o
                0x000003d4                setMultiplexerChan
 .text.getISRState
                0x0000043c       0x14 .\CortexM0\ARM_GCC_541\Debug\currentSink.o
                0x0000043c                getISRState
 .text.resetISRState
                0x00000450       0x14 .\CortexM0\ARM_GCC_541\Debug\currentSink.o
                0x00000450                resetISRState
 .text.ISR_TurnOn_Sink_Interrupt_InterruptCallback
                0x00000464       0x18 .\CortexM0\ARM_GCC_541\Debug\currentSink.o
                0x00000464                ISR_TurnOn_Sink_Interrupt_InterruptCallback
 .text.ISR_TurnOff_Sink_Interrupt_InterruptCallback
                0x0000047c       0x18 .\CortexM0\ARM_GCC_541\Debug\currentSink.o
                0x0000047c                ISR_TurnOff_Sink_Interrupt_InterruptCallback
 .text.initializeSPIInterface
                0x00000494       0x3c .\CortexM0\ARM_GCC_541\Debug\myspi.o
                0x00000494                initializeSPIInterface
 .text.setSPITempReg
                0x000004d0       0x54 .\CortexM0\ARM_GCC_541\Debug\myspi.o
                0x000004d0                setSPITempReg
 .text.SPIS_SPI_UART_ISR_ExitCallback
                0x00000524       0xfc .\CortexM0\ARM_GCC_541\Debug\myspi.o
                0x00000524                SPIS_SPI_UART_ISR_ExitCallback
 .text.getSystemOffset
                0x00000620       0x84 .\CortexM0\ARM_GCC_541\Debug\diodeMeasurement.o
                0x00000620                getSystemOffset
 .text.initializeDiodeMeasurement
                0x000006a4       0x48 .\CortexM0\ARM_GCC_541\Debug\diodeMeasurement.o
                0x000006a4                initializeDiodeMeasurement
 .text.convertVoltageToTemperature
                0x000006ec       0xac .\CortexM0\ARM_GCC_541\Debug\diodeMeasurement.o
                0x000006ec                convertVoltageToTemperature
 .text.getDiodeTemperature
                0x00000798       0xf0 .\CortexM0\ARM_GCC_541\Debug\diodeMeasurement.o
                0x00000798                getDiodeTemperature
 .text.CYMEMZERO
                0x00000888       0x20 .\CortexM0\ARM_GCC_541\Debug\cyfitter_cfg.o
 .text.cfg_write_bytes32
                0x000008a8       0x84 .\CortexM0\ARM_GCC_541\Debug\cyfitter_cfg.o
 .text.AnalogSetDefault
                0x0000092c       0x4c .\CortexM0\ARM_GCC_541\Debug\cyfitter_cfg.o
 .text.SetAnalogRoutingPumps
                0x00000978       0x40 .\CortexM0\ARM_GCC_541\Debug\cyfitter_cfg.o
                0x00000978                SetAnalogRoutingPumps
 .text.AMux_High_Set
                0x000009b8       0x2c .\CortexM0\ARM_GCC_541\Debug\cyfitter_cfg.o
                0x000009b8                AMux_High_Set
 .text.AMux_High_Unset
                0x000009e4       0x2c .\CortexM0\ARM_GCC_541\Debug\cyfitter_cfg.o
                0x000009e4                AMux_High_Unset
 .text.AMux_Low_Set
                0x00000a10       0x2c .\CortexM0\ARM_GCC_541\Debug\cyfitter_cfg.o
                0x00000a10                AMux_Low_Set
 .text.AMux_Low_Unset
                0x00000a3c       0x2c .\CortexM0\ARM_GCC_541\Debug\cyfitter_cfg.o
                0x00000a3c                AMux_Low_Unset
 .text.IntDefaultHandler
                0x00000a68       0x14 .\CortexM0\ARM_GCC_541\Debug\Cm0Start.o
                0x00000a68                IntDefaultHandler
 .text.Start_c  0x00000a7c       0x98 .\CortexM0\ARM_GCC_541\Debug\Cm0Start.o
                0x00000a7c                Start_c
 .text.initialize_psoc
                0x00000b14       0x64 .\CortexM0\ARM_GCC_541\Debug\Cm0Start.o
                0x00000b14                initialize_psoc
 .text.Opamp_1_Init
                0x00000b78       0x34 .\CortexM0\ARM_GCC_541\Debug\PSOC4_ForwardVoltageTSEP.a(Opamp_1.o)
                0x00000b78                Opamp_1_Init
 .text.Opamp_1_Enable
                0x00000bac       0x28 .\CortexM0\ARM_GCC_541\Debug\PSOC4_ForwardVoltageTSEP.a(Opamp_1.o)
                0x00000bac                Opamp_1_Enable
 .text.Opamp_1_Start
                0x00000bd4       0x24 .\CortexM0\ARM_GCC_541\Debug\PSOC4_ForwardVoltageTSEP.a(Opamp_1.o)
                0x00000bd4                Opamp_1_Start
 .text.Opamp_2_Init
                0x00000bf8       0x34 .\CortexM0\ARM_GCC_541\Debug\PSOC4_ForwardVoltageTSEP.a(Opamp_2.o)
                0x00000bf8                Opamp_2_Init
 .text.Opamp_2_Enable
                0x00000c2c       0x28 .\CortexM0\ARM_GCC_541\Debug\PSOC4_ForwardVoltageTSEP.a(Opamp_2.o)
                0x00000c2c                Opamp_2_Enable
 .text.Opamp_2_Start
                0x00000c54       0x24 .\CortexM0\ARM_GCC_541\Debug\PSOC4_ForwardVoltageTSEP.a(Opamp_2.o)
                0x00000c54                Opamp_2_Start
 .text.ADC_SAR_Start
                0x00000c78       0x24 .\CortexM0\ARM_GCC_541\Debug\PSOC4_ForwardVoltageTSEP.a(ADC_SAR.o)
                0x00000c78                ADC_SAR_Start
 .text.ADC_SAR_Init
                0x00000c9c      0x260 .\CortexM0\ARM_GCC_541\Debug\PSOC4_ForwardVoltageTSEP.a(ADC_SAR.o)
                0x00000c9c                ADC_SAR_Init
 .text.ADC_SAR_Enable
                0x00000efc       0x2c .\CortexM0\ARM_GCC_541\Debug\PSOC4_ForwardVoltageTSEP.a(ADC_SAR.o)
                0x00000efc                ADC_SAR_Enable
 .text.ADC_SAR_StartConvert
                0x00000f28       0x1c .\CortexM0\ARM_GCC_541\Debug\PSOC4_ForwardVoltageTSEP.a(ADC_SAR.o)
                0x00000f28                ADC_SAR_StartConvert
 .text.ADC_SAR_StopConvert
                0x00000f44       0x20 .\CortexM0\ARM_GCC_541\Debug\PSOC4_ForwardVoltageTSEP.a(ADC_SAR.o)
                0x00000f44                ADC_SAR_StopConvert
 .text.ADC_SAR_IsEndConversion
                0x00000f64       0x7c .\CortexM0\ARM_GCC_541\Debug\PSOC4_ForwardVoltageTSEP.a(ADC_SAR.o)
                0x00000f64                ADC_SAR_IsEndConversion
 .text.ADC_SAR_GetResult16
                0x00000fe0       0x4c .\CortexM0\ARM_GCC_541\Debug\PSOC4_ForwardVoltageTSEP.a(ADC_SAR.o)
                0x00000fe0                ADC_SAR_GetResult16
 .text.ADC_SAR_EnableInjection
                0x0000102c       0x1c .\CortexM0\ARM_GCC_541\Debug\PSOC4_ForwardVoltageTSEP.a(ADC_SAR.o)
                0x0000102c                ADC_SAR_EnableInjection
 .text.ADC_SAR_ISR
                0x00001048       0x20 .\CortexM0\ARM_GCC_541\Debug\PSOC4_ForwardVoltageTSEP.a(ADC_SAR_INT.o)
                0x00001048                ADC_SAR_ISR
 .text.AMux_High_Start
                0x00001068       0x3c .\CortexM0\ARM_GCC_541\Debug\PSOC4_ForwardVoltageTSEP.a(AMux_High.o)
                0x00001068                AMux_High_Start
 .text.AMux_High_Select
                0x000010a4       0x30 .\CortexM0\ARM_GCC_541\Debug\PSOC4_ForwardVoltageTSEP.a(AMux_High.o)
                0x000010a4                AMux_High_Select
 .text.AMux_Low_Start
                0x000010d4       0x3c .\CortexM0\ARM_GCC_541\Debug\PSOC4_ForwardVoltageTSEP.a(AMux_Low.o)
                0x000010d4                AMux_Low_Start
 .text.AMux_Low_Select
                0x00001110       0x30 .\CortexM0\ARM_GCC_541\Debug\PSOC4_ForwardVoltageTSEP.a(AMux_Low.o)
                0x00001110                AMux_Low_Select
 .text.IDAC_Init
                0x00001140       0x84 .\CortexM0\ARM_GCC_541\Debug\PSOC4_ForwardVoltageTSEP.a(IDAC.o)
                0x00001140                IDAC_Init
 .text.IDAC_Enable
                0x000011c4       0x48 .\CortexM0\ARM_GCC_541\Debug\PSOC4_ForwardVoltageTSEP.a(IDAC.o)
                0x000011c4                IDAC_Enable
 .text.IDAC_Start
                0x0000120c       0x24 .\CortexM0\ARM_GCC_541\Debug\PSOC4_ForwardVoltageTSEP.a(IDAC.o)
                0x0000120c                IDAC_Start
 .text.IDAC_SetValue
                0x00001230       0x44 .\CortexM0\ARM_GCC_541\Debug\PSOC4_ForwardVoltageTSEP.a(IDAC.o)
                0x00001230                IDAC_SetValue
 .text.DieTemp_CountsTo_Celsius
                0x00001274       0xa8 .\CortexM0\ARM_GCC_541\Debug\PSOC4_ForwardVoltageTSEP.a(DieTemp.o)
                0x00001274                DieTemp_CountsTo_Celsius
 .text.GPIO_VREF_Write
                0x0000131c       0x50 .\CortexM0\ARM_GCC_541\Debug\PSOC4_ForwardVoltageTSEP.a(GPIO_VREF.o)
                0x0000131c                GPIO_VREF_Write
 .text.GPIO_S0_Write
                0x0000136c       0x50 .\CortexM0\ARM_GCC_541\Debug\PSOC4_ForwardVoltageTSEP.a(GPIO_S0.o)
                0x0000136c                GPIO_S0_Write
 .text.GPIO_S1_Write
                0x000013bc       0x50 .\CortexM0\ARM_GCC_541\Debug\PSOC4_ForwardVoltageTSEP.a(GPIO_S1.o)
                0x000013bc                GPIO_S1_Write
 .text.GPIO_EN_Write
                0x0000140c       0x50 .\CortexM0\ARM_GCC_541\Debug\PSOC4_ForwardVoltageTSEP.a(GPIO_EN.o)
                0x0000140c                GPIO_EN_Write
 .text.SPIS_Init
                0x0000145c       0x10 .\CortexM0\ARM_GCC_541\Debug\PSOC4_ForwardVoltageTSEP.a(SPIS.o)
                0x0000145c                SPIS_Init
 .text.SPIS_Enable
                0x0000146c       0x24 .\CortexM0\ARM_GCC_541\Debug\PSOC4_ForwardVoltageTSEP.a(SPIS.o)
                0x0000146c                SPIS_Enable
 .text.SPIS_Start
                0x00001490       0x24 .\CortexM0\ARM_GCC_541\Debug\PSOC4_ForwardVoltageTSEP.a(SPIS.o)
                0x00001490                SPIS_Start
 .text.SPIS_ScbEnableIntr
                0x000014b4       0x10 .\CortexM0\ARM_GCC_541\Debug\PSOC4_ForwardVoltageTSEP.a(SPIS.o)
 .text.SPIS_ScbModePostEnable
                0x000014c4       0x10 .\CortexM0\ARM_GCC_541\Debug\PSOC4_ForwardVoltageTSEP.a(SPIS.o)
 .text.SPIS_SpiUartReadRxData
                0x000014d4       0x20 .\CortexM0\ARM_GCC_541\Debug\PSOC4_ForwardVoltageTSEP.a(SPIS_SPI_UART.o)
                0x000014d4                SPIS_SpiUartReadRxData
 .text.SPIS_SpiUartGetRxBufferSize
                0x000014f4       0x20 .\CortexM0\ARM_GCC_541\Debug\PSOC4_ForwardVoltageTSEP.a(SPIS_SPI_UART.o)
                0x000014f4                SPIS_SpiUartGetRxBufferSize
 .text.SPIS_SpiUartClearRxBuffer
                0x00001514       0x2c .\CortexM0\ARM_GCC_541\Debug\PSOC4_ForwardVoltageTSEP.a(SPIS_SPI_UART.o)
                0x00001514                SPIS_SpiUartClearRxBuffer
 .text.SPIS_SpiUartWriteTxData
                0x00001540       0x2c .\CortexM0\ARM_GCC_541\Debug\PSOC4_ForwardVoltageTSEP.a(SPIS_SPI_UART.o)
                0x00001540                SPIS_SpiUartWriteTxData
 .text.SPIS_SpiUartPutArray
                0x0000156c       0x34 .\CortexM0\ARM_GCC_541\Debug\PSOC4_ForwardVoltageTSEP.a(SPIS_SPI_UART.o)
                0x0000156c                SPIS_SpiUartPutArray
 .text.SPIS_SpiUartClearTxBuffer
                0x000015a0       0x2c .\CortexM0\ARM_GCC_541\Debug\PSOC4_ForwardVoltageTSEP.a(SPIS_SPI_UART.o)
                0x000015a0                SPIS_SpiUartClearTxBuffer
 .text.SPIS_SpiInit
                0x000015cc       0xb4 .\CortexM0\ARM_GCC_541\Debug\PSOC4_ForwardVoltageTSEP.a(SPIS_SPI.o)
                0x000015cc                SPIS_SpiInit
 .text.SPIS_SpiPostEnable
                0x00001680       0x1c .\CortexM0\ARM_GCC_541\Debug\PSOC4_ForwardVoltageTSEP.a(SPIS_SPI.o)
                0x00001680                SPIS_SpiPostEnable
 .text.CySysClkWriteImoFreq
                0x0000169c      0x1e4 .\CortexM0\ARM_GCC_541\Debug\PSOC4_ForwardVoltageTSEP.a(CyLib.o)
                0x0000169c                CySysClkWriteImoFreq
 .text.CyIntSetVector
                0x00001880       0x4c .\CortexM0\ARM_GCC_541\Debug\PSOC4_ForwardVoltageTSEP.a(CyLib.o)
                0x00001880                CyIntSetVector
 .text.CyIntSetPriority
                0x000018cc       0xa8 .\CortexM0\ARM_GCC_541\Debug\PSOC4_ForwardVoltageTSEP.a(CyLib.o)
                0x000018cc                CyIntSetPriority
 .text.CyIntEnable
                0x00001974       0x2c .\CortexM0\ARM_GCC_541\Debug\PSOC4_ForwardVoltageTSEP.a(CyLib.o)
                0x00001974                CyIntEnable
 .text.CyIntDisable
                0x000019a0       0x2c .\CortexM0\ARM_GCC_541\Debug\PSOC4_ForwardVoltageTSEP.a(CyLib.o)
                0x000019a0                CyIntDisable
 .text.CyHalt   0x000019cc       0x18 .\CortexM0\ARM_GCC_541\Debug\PSOC4_ForwardVoltageTSEP.a(CyLib.o)
                0x000019cc                CyHalt
 .text.CyDelayUs
                0x000019e4       0x28 .\CortexM0\ARM_GCC_541\Debug\PSOC4_ForwardVoltageTSEP.a(CyLib.o)
                0x000019e4                CyDelayUs
 .text.ISR_TurnOn_Sink_Start
                0x00001a0c       0x24 .\CortexM0\ARM_GCC_541\Debug\PSOC4_ForwardVoltageTSEP.a(ISR_TurnOn_Sink.o)
                0x00001a0c                ISR_TurnOn_Sink_Start
 .text.ISR_TurnOn_Sink_Interrupt
                0x00001a30       0x10 .\CortexM0\ARM_GCC_541\Debug\PSOC4_ForwardVoltageTSEP.a(ISR_TurnOn_Sink.o)
                0x00001a30                ISR_TurnOn_Sink_Interrupt
 .text.ISR_TurnOn_Sink_SetVector
                0x00001a40       0x1c .\CortexM0\ARM_GCC_541\Debug\PSOC4_ForwardVoltageTSEP.a(ISR_TurnOn_Sink.o)
                0x00001a40                ISR_TurnOn_Sink_SetVector
 .text.ISR_TurnOn_Sink_SetPriority
                0x00001a5c       0x50 .\CortexM0\ARM_GCC_541\Debug\PSOC4_ForwardVoltageTSEP.a(ISR_TurnOn_Sink.o)
                0x00001a5c                ISR_TurnOn_Sink_SetPriority
 .text.ISR_TurnOn_Sink_Enable
                0x00001aac       0x14 .\CortexM0\ARM_GCC_541\Debug\PSOC4_ForwardVoltageTSEP.a(ISR_TurnOn_Sink.o)
                0x00001aac                ISR_TurnOn_Sink_Enable
 .text.ISR_TurnOn_Sink_Disable
                0x00001ac0       0x14 .\CortexM0\ARM_GCC_541\Debug\PSOC4_ForwardVoltageTSEP.a(ISR_TurnOn_Sink.o)
                0x00001ac0                ISR_TurnOn_Sink_Disable
 .text.ISR_TurnOn_Sink_ClearPending
                0x00001ad4       0x14 .\CortexM0\ARM_GCC_541\Debug\PSOC4_ForwardVoltageTSEP.a(ISR_TurnOn_Sink.o)
                0x00001ad4                ISR_TurnOn_Sink_ClearPending
 .text.ISR_TurnOff_Sink_Start
                0x00001ae8       0x24 .\CortexM0\ARM_GCC_541\Debug\PSOC4_ForwardVoltageTSEP.a(ISR_TurnOff_Sink.o)
                0x00001ae8                ISR_TurnOff_Sink_Start
 .text.ISR_TurnOff_Sink_Interrupt
                0x00001b0c       0x10 .\CortexM0\ARM_GCC_541\Debug\PSOC4_ForwardVoltageTSEP.a(ISR_TurnOff_Sink.o)
                0x00001b0c                ISR_TurnOff_Sink_Interrupt
 .text.ISR_TurnOff_Sink_SetVector
                0x00001b1c       0x1c .\CortexM0\ARM_GCC_541\Debug\PSOC4_ForwardVoltageTSEP.a(ISR_TurnOff_Sink.o)
                0x00001b1c                ISR_TurnOff_Sink_SetVector
 .text.ISR_TurnOff_Sink_SetPriority
                0x00001b38       0x50 .\CortexM0\ARM_GCC_541\Debug\PSOC4_ForwardVoltageTSEP.a(ISR_TurnOff_Sink.o)
                0x00001b38                ISR_TurnOff_Sink_SetPriority
 .text.ISR_TurnOff_Sink_Enable
                0x00001b88       0x14 .\CortexM0\ARM_GCC_541\Debug\PSOC4_ForwardVoltageTSEP.a(ISR_TurnOff_Sink.o)
                0x00001b88                ISR_TurnOff_Sink_Enable
 .text.ISR_TurnOff_Sink_Disable
                0x00001b9c       0x14 .\CortexM0\ARM_GCC_541\Debug\PSOC4_ForwardVoltageTSEP.a(ISR_TurnOff_Sink.o)
                0x00001b9c                ISR_TurnOff_Sink_Disable
 .text.ISR_TurnOff_Sink_ClearPending
                0x00001bb0       0x14 .\CortexM0\ARM_GCC_541\Debug\PSOC4_ForwardVoltageTSEP.a(ISR_TurnOff_Sink.o)
                0x00001bb0                ISR_TurnOff_Sink_ClearPending
 *fill*         0x00001bc4        0x4 
 .text          0x00001bc8       0x24 .\CortexM0\ARM_GCC_541\Debug\PSOC4_ForwardVoltageTSEP.a(CyBootAsmGnu.o)
                0x00001bc8                CyDelayCycles
                0x00001bdc                CyEnterCriticalSection
                0x00001be4                CyExitCriticalSection
 .text.SPIS_SPI_UART_ISR
                0x00001bec       0x20 .\CortexM0\ARM_GCC_541\Debug\PSOC4_ForwardVoltageTSEP.a(SPIS_SPI_UART_INT.o)
                0x00001bec                SPIS_SPI_UART_ISR
 .text          0x00001c0c      0x1d4 c:/program files (x86)/cypress/psoc creator/4.2/psoc creator/import/gnu/arm/5.4.1/bin/../lib/gcc/arm-none-eabi/5.4.1/armv6-m\libgcc.a(_divsi3.o)
                0x00001c0c                __divsi3
                0x00001c0c                __aeabi_idiv
                0x00001dd8                __aeabi_idivmod
 .text          0x00001de0        0x4 c:/program files (x86)/cypress/psoc creator/4.2/psoc creator/import/gnu/arm/5.4.1/bin/../lib/gcc/arm-none-eabi/5.4.1/armv6-m\libgcc.a(_dvmd_tls.o)
                0x00001de0                __aeabi_idiv0
                0x00001de0                __aeabi_ldiv0
 .text          0x00001de4      0x234 c:/program files (x86)/cypress/psoc creator/4.2/psoc creator/import/gnu/arm/5.4.1/bin/../lib/gcc/arm-none-eabi/5.4.1/armv6-m\libgcc.a(divsf3.o)
                0x00001de4                __aeabi_fdiv
 .text          0x00002018      0x228 c:/program files (x86)/cypress/psoc creator/4.2/psoc creator/import/gnu/arm/5.4.1/bin/../lib/gcc/arm-none-eabi/5.4.1/armv6-m\libgcc.a(mulsf3.o)
                0x00002018                __aeabi_fmul
 .text          0x00002240       0x44 c:/program files (x86)/cypress/psoc creator/4.2/psoc creator/import/gnu/arm/5.4.1/bin/../lib/gcc/arm-none-eabi/5.4.1/armv6-m\libgcc.a(fixsfsi.o)
                0x00002240                __aeabi_f2iz
 .text          0x00002284       0x90 c:/program files (x86)/cypress/psoc creator/4.2/psoc creator/import/gnu/arm/5.4.1/bin/../lib/gcc/arm-none-eabi/5.4.1/armv6-m\libgcc.a(floatsisf.o)
                0x00002284                __aeabi_i2f
 .text          0x00002314       0x3c c:/program files (x86)/cypress/psoc creator/4.2/psoc creator/import/gnu/arm/5.4.1/bin/../lib/gcc/arm-none-eabi/5.4.1/armv6-m\libgcc.a(_clzsi2.o)
                0x00002314                __clzsi2
 .text.__errno  0x00002350        0xc c:/program files (x86)/cypress/psoc creator/4.2/psoc creator/import/gnu/arm/5.4.1/bin/../lib/gcc/arm-none-eabi/5.4.1/../../../../arm-none-eabi/lib/armv6-m\libg_nano.a(lib_a-errno.o)
                0x00002350                __errno
 .text.__libc_init_array
                0x0000235c       0x4c c:/program files (x86)/cypress/psoc creator/4.2/psoc creator/import/gnu/arm/5.4.1/bin/../lib/gcc/arm-none-eabi/5.4.1/../../../../arm-none-eabi/lib/armv6-m\libg_nano.a(lib_a-init.o)
                0x0000235c                __libc_init_array
 .text.memset   0x000023a8       0x10 c:/program files (x86)/cypress/psoc creator/4.2/psoc creator/import/gnu/arm/5.4.1/bin/../lib/gcc/arm-none-eabi/5.4.1/../../../../arm-none-eabi/lib/armv6-m\libg_nano.a(lib_a-memset.o)
                0x000023a8                memset
 *(.plt)
 *(.gnu.warning)
 *(.glue_7t)
 .glue_7t       0x000023b8        0x0 linker stubs
 *(.glue_7)
 .glue_7        0x000023b8        0x0 linker stubs
 *(.vfp11_veneer)
 .vfp11_veneer  0x000023b8        0x0 linker stubs
 *(.bootloader)
 *(.ARM.extab* .gnu.linkonce.armextab.*)
 *(.gcc_except_table)

.v4_bx          0x000023b8        0x0
 .v4_bx         0x000023b8        0x0 linker stubs

.iplt           0x000023b8        0x0
 .iplt          0x000023b8        0x0 c:/program files (x86)/cypress/psoc creator/4.2/psoc creator/import/gnu/arm/5.4.1/bin/../lib/gcc/arm-none-eabi/5.4.1/armv6-m/crtbegin.o

.eh_frame_hdr
 *(.eh_frame_hdr)

.eh_frame       0x000023b8        0x4
 *(.eh_frame)
 .eh_frame      0x000023b8        0x0 c:/program files (x86)/cypress/psoc creator/4.2/psoc creator/import/gnu/arm/5.4.1/bin/../lib/gcc/arm-none-eabi/5.4.1/armv6-m/crtbegin.o
 .eh_frame      0x000023b8        0x4 c:/program files (x86)/cypress/psoc creator/4.2/psoc creator/import/gnu/arm/5.4.1/bin/../lib/gcc/arm-none-eabi/5.4.1/armv6-m/crtend.o
                [!provide]                PROVIDE (__exidx_start, .)

.ARM.exidx
 *(.ARM.exidx* .gnu.linkonce.armexidx.*)
                0x000023bc                __exidx_end = .

.rodata         0x000023bc      0x19c
 *(.rodata .rodata.* .gnu.linkonce.r.*)
 .rodata        0x000023bc       0x64 .\CortexM0\ARM_GCC_541\Debug\cyfitter_cfg.o
 .rodata        0x00002420        0xa .\CortexM0\ARM_GCC_541\Debug\PSOC4_ForwardVoltageTSEP.a(ADC_SAR.o)
 *fill*         0x0000242a        0x2 
 .rodata        0x0000242c       0x2e .\CortexM0\ARM_GCC_541\Debug\PSOC4_ForwardVoltageTSEP.a(CyLib.o)
                0x0000242c                cyImoFreqMhz2Reg
 *fill*         0x0000245a        0x2 
 .rodata        0x0000245c       0x80 c:/program files (x86)/cypress/psoc creator/4.2/psoc creator/import/gnu/arm/5.4.1/bin/../lib/gcc/arm-none-eabi/5.4.1/armv6-m\libgcc.a(divsf3.o)
 .rodata        0x000024dc       0x40 c:/program files (x86)/cypress/psoc creator/4.2/psoc creator/import/gnu/arm/5.4.1/bin/../lib/gcc/arm-none-eabi/5.4.1/armv6-m\libgcc.a(mulsf3.o)
 .rodata.str1.1
                0x0000251c        0x2 c:/program files (x86)/cypress/psoc creator/4.2/psoc creator/import/gnu/arm/5.4.1/bin/../lib/gcc/arm-none-eabi/5.4.1/../../../../arm-none-eabi/lib/armv6-m\libg_nano.a(lib_a-impure.o)
                0x00002520                . = ALIGN (0x4)
 *fill*         0x0000251e        0x2 
 *(.init)
 .init          0x00002520        0x4 c:/program files (x86)/cypress/psoc creator/4.2/psoc creator/import/gnu/arm/5.4.1/bin/../lib/gcc/arm-none-eabi/5.4.1/armv6-m/crti.o
                0x00002520                _init
 .init          0x00002524        0x8 c:/program files (x86)/cypress/psoc creator/4.2/psoc creator/import/gnu/arm/5.4.1/bin/../lib/gcc/arm-none-eabi/5.4.1/armv6-m/crtn.o
                0x0000252c                . = ALIGN (0x4)
                0x0000252c                __preinit_array_start = .
 *(.preinit_array)
                0x0000252c                __preinit_array_end = .
                0x0000252c                . = ALIGN (0x4)
                0x0000252c                __init_array_start = .
 *(SORT(.init_array.*))
 *(.init_array)
 .init_array    0x0000252c        0x4 c:/program files (x86)/cypress/psoc creator/4.2/psoc creator/import/gnu/arm/5.4.1/bin/../lib/gcc/arm-none-eabi/5.4.1/armv6-m/crtbegin.o
 .init_array    0x00002530        0x4 .\CortexM0\ARM_GCC_541\Debug\Cm0Start.o
                0x00002534                __init_array_end = .
                0x00002534                . = ALIGN (0x4)
 *(.fini)
 .fini          0x00002534        0x4 c:/program files (x86)/cypress/psoc creator/4.2/psoc creator/import/gnu/arm/5.4.1/bin/../lib/gcc/arm-none-eabi/5.4.1/armv6-m/crti.o
                0x00002534                _fini
 .fini          0x00002538        0x8 c:/program files (x86)/cypress/psoc creator/4.2/psoc creator/import/gnu/arm/5.4.1/bin/../lib/gcc/arm-none-eabi/5.4.1/armv6-m/crtn.o
                0x00002540                . = ALIGN (0x4)
                0x00002540                __fini_array_start = .
 *(.fini_array)
 .fini_array    0x00002540        0x4 c:/program files (x86)/cypress/psoc creator/4.2/psoc creator/import/gnu/arm/5.4.1/bin/../lib/gcc/arm-none-eabi/5.4.1/armv6-m/crtbegin.o
 *(SORT(.fini_array.*))
                0x00002544                __fini_array_end = .
                0x00002544                . = ALIGN (0x4)
 *crtbegin.o(.ctors)
 *(EXCLUDE_FILE(*crtend.o) .ctors)
 *(SORT(.ctors.*))
 *crtend.o(.ctors)
                0x00002544                . = ALIGN (0x4)
 *crtbegin.o(.dtors)
 *(EXCLUDE_FILE(*crtend.o) .dtors)
 *(SORT(.dtors.*))
 *crtend.o(.dtors)
                0x00002544                . = ALIGN (0x4)
                0x00002544                __cy_regions = .
                0x00002544        0x4 LONG 0x2558 __cy_region_init_ram
                0x00002548        0x4 LONG 0x200000c8 __cy_region_start_data
                0x0000254c        0x4 LONG 0x80 __cy_region_init_size_ram
                0x00002550        0x4 LONG 0x160 __cy_region_zero_size_ram
                0x00002554                __cy_regions_end = .
                0x00002558                . = ALIGN (0x8)
 *fill*         0x00002554        0x4 
                0x00002558                _etext = .

.cy_checksum_exclude
                0x00002558        0x0
 *(.cy_checksum_exclude)

.ramvectors     0x20000000       0xc0
                0x20000000                __cy_region_start_ram = .
 *(.ramvectors)
 .ramvectors    0x20000000       0xc0 .\CortexM0\ARM_GCC_541\Debug\Cm0Start.o
                0x20000000                CyRamVectors

.noinit         0x200000c0        0x4
 *(.noinit)
 .noinit        0x200000c0        0x4 .\CortexM0\ARM_GCC_541\Debug\Cm0Start.o

.data           0x200000c8       0x80 load address 0x00002558
                0x200000c8                __cy_region_start_data = .
 *(.jcr)
 .jcr           0x200000c8        0x0 c:/program files (x86)/cypress/psoc creator/4.2/psoc creator/import/gnu/arm/5.4.1/bin/../lib/gcc/arm-none-eabi/5.4.1/armv6-m/crtbegin.o
 .jcr           0x200000c8        0x4 c:/program files (x86)/cypress/psoc creator/4.2/psoc creator/import/gnu/arm/5.4.1/bin/../lib/gcc/arm-none-eabi/5.4.1/armv6-m/crtend.o
 *(.got.plt)
 *(.got)
 *(.shdata)
 *(.data .data.* .gnu.linkonce.d.*)
 .data          0x200000cc        0x1 .\CortexM0\ARM_GCC_541\Debug\PSOC4_ForwardVoltageTSEP.a(AMux_High.o)
 .data          0x200000cd        0x1 .\CortexM0\ARM_GCC_541\Debug\PSOC4_ForwardVoltageTSEP.a(AMux_Low.o)
 *fill*         0x200000ce        0x2 
 .data          0x200000d0       0x14 .\CortexM0\ARM_GCC_541\Debug\PSOC4_ForwardVoltageTSEP.a(CyLib.o)
                0x200000d0                cydelayFreqHz
                0x200000d4                cydelayFreqKhz
                0x200000d8                cydelayFreqMhz
                0x200000dc                cydelay32kMs
                0x200000e0                CySysClkPumpConfig
 .data.impure_data
                0x200000e4       0x60 c:/program files (x86)/cypress/psoc creator/4.2/psoc creator/import/gnu/arm/5.4.1/bin/../lib/gcc/arm-none-eabi/5.4.1/../../../../arm-none-eabi/lib/armv6-m\libg_nano.a(lib_a-impure.o)
 .data._impure_ptr
                0x20000144        0x4 c:/program files (x86)/cypress/psoc creator/4.2/psoc creator/import/gnu/arm/5.4.1/bin/../lib/gcc/arm-none-eabi/5.4.1/../../../../arm-none-eabi/lib/armv6-m\libg_nano.a(lib_a-impure.o)
                0x20000144                _impure_ptr
                0x20000148                . = ALIGN (0x8)
 *(.ram)
                0x20000148                _edata = .

.igot.plt       0x20000148        0x0 load address 0x000025d8
 .igot.plt      0x20000148        0x0 c:/program files (x86)/cypress/psoc creator/4.2/psoc creator/import/gnu/arm/5.4.1/bin/../lib/gcc/arm-none-eabi/5.4.1/armv6-m/crtbegin.o

.bss            0x20000148      0x160 load address 0x000025d8
                0x20000148                PROVIDE (__bss_start__, .)
 *(.shbss)
 *(.bss .bss.* .gnu.linkonce.b.*)
 .bss           0x20000148       0x1c c:/program files (x86)/cypress/psoc creator/4.2/psoc creator/import/gnu/arm/5.4.1/bin/../lib/gcc/arm-none-eabi/5.4.1/armv6-m/crtbegin.o
 .bss           0x20000164        0x1 .\CortexM0\ARM_GCC_541\Debug\main.o
                0x20000164                mode
 *fill*         0x20000165        0x1 
 .bss           0x20000166        0x2 .\CortexM0\ARM_GCC_541\Debug\diodeMeasurement.o
                0x20000166                ADCOffset
 .bss           0x20000168        0x8 .\CortexM0\ARM_GCC_541\Debug\PSOC4_ForwardVoltageTSEP.a(Opamp_1.o)
                0x20000168                Opamp_1_initVar
 .bss           0x20000170        0x8 .\CortexM0\ARM_GCC_541\Debug\PSOC4_ForwardVoltageTSEP.a(Opamp_2.o)
                0x20000170                Opamp_2_initVar
 .bss           0x20000178        0x1 .\CortexM0\ARM_GCC_541\Debug\PSOC4_ForwardVoltageTSEP.a(ADC_SAR.o)
                0x20000178                ADC_SAR_initVar
 *fill*         0x20000179        0x3 
 .bss           0x2000017c        0x4 .\CortexM0\ARM_GCC_541\Debug\PSOC4_ForwardVoltageTSEP.a(IDAC.o)
                0x2000017c                IDAC_initVar
 .bss           0x20000180        0x8 .\CortexM0\ARM_GCC_541\Debug\PSOC4_ForwardVoltageTSEP.a(SPIS.o)
                0x20000180                SPIS_initVar
                0x20000182                SPIS_IntrTxMask
                0x20000184                SPIS_customIntrHandler
 *(COMMON)
 COMMON         0x20000188        0x2 .\CortexM0\ARM_GCC_541\Debug\currentSink.o
                0x20000188                currentSourceState
                0x20000189                currentSinkToggleRequest
 *fill*         0x2000018a        0x2 
 COMMON         0x2000018c      0x109 .\CortexM0\ARM_GCC_541\Debug\myspi.o
                0x2000018c                SPI_Temp_Reg
                0x20000190                SPI_Status_Reg
                0x20000191                SPI_TXflag
                0x20000194                spiTxBuffer
                0x20000214                spiRxBuffer
                0x20000294                SPI_RXflag
 *fill*         0x20000295        0x3 
 COMMON         0x20000298        0xc .\CortexM0\ARM_GCC_541\Debug\PSOC4_ForwardVoltageTSEP.a(ADC_SAR.o)
                0x20000298                ADC_SAR_countsPer10Volt
                0x200002a0                ADC_SAR_offset
                0x200002a8                . = ALIGN (0x8)
 *fill*         0x200002a4        0x4 
 *(.ram.b)
                0x200002a8                _end = .
                0x200002a8                __end = .
                0x200002a8                PROVIDE (end, .)
                0x200002a8                PROVIDE (__bss_end__, .)
                0x00002558                __cy_region_init_ram = LOADADDR (.data)
                0x00000080                __cy_region_init_size_ram = (_edata - ADDR (.data))
                0x00000160                __cy_region_zero_size_ram = (_end - _edata)

.heap           0x200002a8       0x80 load address 0x000025d8
                0x200002a8                . = _end
                0x20000328                . = (. + 0x80)
 *fill*         0x200002a8       0x80 
                0x20000328                __cy_heap_limit = .

.stack          0x20000c00      0x400
                0x20000c00                __cy_stack_limit = .
                0x20001000                . = (. + 0x400)
 *fill*         0x20000c00      0x400 
                0x00000001                ASSERT ((__cy_stack_limit >= __cy_heap_limit), region RAM overflowed with stack)
                0x00000000                cy_checksum_exclude_size = (CY_APPL_LOADABLE == 0x1)?SIZEOF (.cy_checksum_exclude):0x0
                0x00000001                ASSERT ((cy_checksum_exclude_size <= CY_CHECKSUM_EXCLUDE_SIZE), CY_BOOT: Section .cy_checksum_exclude size exceedes specified limit.)
                0x00007fc0                cyloadermeta_start = (cy_project_type_bootloader || cy_project_type_app_for_stack_and_copier)?(LENGTH (rom) - CY_METADATA_SIZE):0xf0000000

.cyloadermeta
 *(.cyloadermeta)
                0x00007fc0                cyloadablemeta_start = cy_project_type_app_for_stack_and_copier?((LENGTH (rom) - CY_FLASH_ROW_SIZE) - CY_METADATA_SIZE):((LENGTH (rom) - (CY_FLASH_ROW_SIZE * (CY_APPL_NUM - 0x1))) - CY_METADATA_SIZE)

.cyloadablemeta
 *(.cyloadablemeta)

.cyflashprotect
                0x90400000       0x20
 *(.cyflashprotect)
 .cyflashprotect
                0x90400000       0x20 .\CortexM0\ARM_GCC_541\Debug\cymetadata.o
                0x90400000                cy_meta_flashprotect

.cymeta         0x90500000        0xc
 *(.cymeta)
 .cymeta        0x90500000        0xc .\CortexM0\ARM_GCC_541\Debug\cymetadata.o
                0x90500000                cy_metadata

.cychipprotect  0x90600000        0x1
 *(.cychipprotect)
 .cychipprotect
                0x90600000        0x1 .\CortexM0\ARM_GCC_541\Debug\cymetadata.o
                0x90600000                cy_meta_chipprotect

.rel.dyn        0x000025d8        0x0 load address 0x90600004
 .rel.iplt      0x000025d8        0x0 c:/program files (x86)/cypress/psoc creator/4.2/psoc creator/import/gnu/arm/5.4.1/bin/../lib/gcc/arm-none-eabi/5.4.1/armv6-m/crtbegin.o

.stab
 *(.stab)

.stabstr
 *(.stabstr)

.debug
 *(.debug)

.line
 *(.line)

.debug_srcinfo
 *(.debug_srcinfo)

.debug_sfnames
 *(.debug_sfnames)

.debug_aranges  0x00000000      0x8d0
 *(.debug_aranges)
 .debug_aranges
                0x00000000       0x20 .\CortexM0\ARM_GCC_541\Debug\main.o
 .debug_aranges
                0x00000020       0x70 .\CortexM0\ARM_GCC_541\Debug\currentSink.o
 .debug_aranges
                0x00000090       0x30 .\CortexM0\ARM_GCC_541\Debug\myspi.o
 .debug_aranges
                0x000000c0       0x38 .\CortexM0\ARM_GCC_541\Debug\diodeMeasurement.o
 .debug_aranges
                0x000000f8       0x78 .\CortexM0\ARM_GCC_541\Debug\cyfitter_cfg.o
 .debug_aranges
                0x00000170       0x18 .\CortexM0\ARM_GCC_541\Debug\cymetadata.o
 .debug_aranges
                0x00000188       0x48 .\CortexM0\ARM_GCC_541\Debug\Cm0Start.o
 .debug_aranges
                0x000001d0       0x48 .\CortexM0\ARM_GCC_541\Debug\PSOC4_ForwardVoltageTSEP.a(Opamp_1.o)
 .debug_aranges
                0x00000218       0x48 .\CortexM0\ARM_GCC_541\Debug\PSOC4_ForwardVoltageTSEP.a(Opamp_2.o)
 .debug_aranges
                0x00000260       0xb0 .\CortexM0\ARM_GCC_541\Debug\PSOC4_ForwardVoltageTSEP.a(ADC_SAR.o)
 .debug_aranges
                0x00000310       0x20 .\CortexM0\ARM_GCC_541\Debug\PSOC4_ForwardVoltageTSEP.a(ADC_SAR_INT.o)
 .debug_aranges
                0x00000330       0x30 .\CortexM0\ARM_GCC_541\Debug\PSOC4_ForwardVoltageTSEP.a(AMux_High.o)
 .debug_aranges
                0x00000360       0x30 .\CortexM0\ARM_GCC_541\Debug\PSOC4_ForwardVoltageTSEP.a(AMux_Low.o)
 .debug_aranges
                0x00000390       0x40 .\CortexM0\ARM_GCC_541\Debug\PSOC4_ForwardVoltageTSEP.a(IDAC.o)
 .debug_aranges
                0x000003d0       0x20 .\CortexM0\ARM_GCC_541\Debug\PSOC4_ForwardVoltageTSEP.a(DieTemp.o)
 .debug_aranges
                0x000003f0       0x48 .\CortexM0\ARM_GCC_541\Debug\PSOC4_ForwardVoltageTSEP.a(GPIO_VREF.o)
 .debug_aranges
                0x00000438       0x48 .\CortexM0\ARM_GCC_541\Debug\PSOC4_ForwardVoltageTSEP.a(GPIO_S0.o)
 .debug_aranges
                0x00000480       0x48 .\CortexM0\ARM_GCC_541\Debug\PSOC4_ForwardVoltageTSEP.a(GPIO_S1.o)
 .debug_aranges
                0x000004c8       0x48 .\CortexM0\ARM_GCC_541\Debug\PSOC4_ForwardVoltageTSEP.a(GPIO_EN.o)
 .debug_aranges
                0x00000510       0x70 .\CortexM0\ARM_GCC_541\Debug\PSOC4_ForwardVoltageTSEP.a(SPIS.o)
 .debug_aranges
                0x00000580       0x60 .\CortexM0\ARM_GCC_541\Debug\PSOC4_ForwardVoltageTSEP.a(SPIS_SPI_UART.o)
 .debug_aranges
                0x000005e0       0x30 .\CortexM0\ARM_GCC_541\Debug\PSOC4_ForwardVoltageTSEP.a(SPIS_SPI.o)
 .debug_aranges
                0x00000610      0x180 .\CortexM0\ARM_GCC_541\Debug\PSOC4_ForwardVoltageTSEP.a(CyLib.o)
 .debug_aranges
                0x00000790       0x80 .\CortexM0\ARM_GCC_541\Debug\PSOC4_ForwardVoltageTSEP.a(ISR_TurnOn_Sink.o)
 .debug_aranges
                0x00000810       0x80 .\CortexM0\ARM_GCC_541\Debug\PSOC4_ForwardVoltageTSEP.a(ISR_TurnOff_Sink.o)
 .debug_aranges
                0x00000890       0x20 .\CortexM0\ARM_GCC_541\Debug\PSOC4_ForwardVoltageTSEP.a(CyBootAsmGnu.o)
 .debug_aranges
                0x000008b0       0x20 .\CortexM0\ARM_GCC_541\Debug\PSOC4_ForwardVoltageTSEP.a(SPIS_SPI_UART_INT.o)

.debug_pubnames
 *(.debug_pubnames)

.debug_info     0x00000000     0x3743
 *(.debug_info .gnu.linkonce.wi.*)
 .debug_info    0x00000000      0x153 .\CortexM0\ARM_GCC_541\Debug\main.o
 .debug_info    0x00000153      0x1b4 .\CortexM0\ARM_GCC_541\Debug\currentSink.o
 .debug_info    0x00000307      0x1fc .\CortexM0\ARM_GCC_541\Debug\myspi.o
 .debug_info    0x00000503      0x24b .\CortexM0\ARM_GCC_541\Debug\diodeMeasurement.o
 .debug_info    0x0000074e      0x42b .\CortexM0\ARM_GCC_541\Debug\cyfitter_cfg.o
 .debug_info    0x00000b79       0xf8 .\CortexM0\ARM_GCC_541\Debug\cymetadata.o
 .debug_info    0x00000c71      0x312 .\CortexM0\ARM_GCC_541\Debug\Cm0Start.o
 .debug_info    0x00000f83      0x166 .\CortexM0\ARM_GCC_541\Debug\PSOC4_ForwardVoltageTSEP.a(Opamp_1.o)
 .debug_info    0x000010e9      0x166 .\CortexM0\ARM_GCC_541\Debug\PSOC4_ForwardVoltageTSEP.a(Opamp_2.o)
 .debug_info    0x0000124f      0x4ce .\CortexM0\ARM_GCC_541\Debug\PSOC4_ForwardVoltageTSEP.a(ADC_SAR.o)
 .debug_info    0x0000171d       0xcc .\CortexM0\ARM_GCC_541\Debug\PSOC4_ForwardVoltageTSEP.a(ADC_SAR_INT.o)
 .debug_info    0x000017e9      0x10a .\CortexM0\ARM_GCC_541\Debug\PSOC4_ForwardVoltageTSEP.a(AMux_High.o)
 .debug_info    0x000018f3      0x10a .\CortexM0\ARM_GCC_541\Debug\PSOC4_ForwardVoltageTSEP.a(AMux_Low.o)
 .debug_info    0x000019fd      0x1a5 .\CortexM0\ARM_GCC_541\Debug\PSOC4_ForwardVoltageTSEP.a(IDAC.o)
 .debug_info    0x00001ba2      0x12e .\CortexM0\ARM_GCC_541\Debug\PSOC4_ForwardVoltageTSEP.a(DieTemp.o)
 .debug_info    0x00001cd0      0x19a .\CortexM0\ARM_GCC_541\Debug\PSOC4_ForwardVoltageTSEP.a(GPIO_VREF.o)
 .debug_info    0x00001e6a      0x19a .\CortexM0\ARM_GCC_541\Debug\PSOC4_ForwardVoltageTSEP.a(GPIO_S0.o)
 .debug_info    0x00002004      0x19a .\CortexM0\ARM_GCC_541\Debug\PSOC4_ForwardVoltageTSEP.a(GPIO_S1.o)
 .debug_info    0x0000219e      0x19a .\CortexM0\ARM_GCC_541\Debug\PSOC4_ForwardVoltageTSEP.a(GPIO_EN.o)
 .debug_info    0x00002338      0x21a .\CortexM0\ARM_GCC_541\Debug\PSOC4_ForwardVoltageTSEP.a(SPIS.o)
 .debug_info    0x00002552      0x218 .\CortexM0\ARM_GCC_541\Debug\PSOC4_ForwardVoltageTSEP.a(SPIS_SPI_UART.o)
 .debug_info    0x0000276a      0x103 .\CortexM0\ARM_GCC_541\Debug\PSOC4_ForwardVoltageTSEP.a(SPIS_SPI.o)
 .debug_info    0x0000286d      0x8e0 .\CortexM0\ARM_GCC_541\Debug\PSOC4_ForwardVoltageTSEP.a(CyLib.o)
 .debug_info    0x0000314d      0x24d .\CortexM0\ARM_GCC_541\Debug\PSOC4_ForwardVoltageTSEP.a(ISR_TurnOn_Sink.o)
 .debug_info    0x0000339a      0x24d .\CortexM0\ARM_GCC_541\Debug\PSOC4_ForwardVoltageTSEP.a(ISR_TurnOff_Sink.o)
 .debug_info    0x000035e7       0x9e .\CortexM0\ARM_GCC_541\Debug\PSOC4_ForwardVoltageTSEP.a(CyBootAsmGnu.o)
 .debug_info    0x00003685       0xbe .\CortexM0\ARM_GCC_541\Debug\PSOC4_ForwardVoltageTSEP.a(SPIS_SPI_UART_INT.o)

.debug_abbrev   0x00000000     0x1621
 *(.debug_abbrev)
 .debug_abbrev  0x00000000       0x92 .\CortexM0\ARM_GCC_541\Debug\main.o
 .debug_abbrev  0x00000092       0xd3 .\CortexM0\ARM_GCC_541\Debug\currentSink.o
 .debug_abbrev  0x00000165       0xc0 .\CortexM0\ARM_GCC_541\Debug\myspi.o
 .debug_abbrev  0x00000225       0xb2 .\CortexM0\ARM_GCC_541\Debug\diodeMeasurement.o
 .debug_abbrev  0x000002d7      0x1b3 .\CortexM0\ARM_GCC_541\Debug\cyfitter_cfg.o
 .debug_abbrev  0x0000048a       0x5d .\CortexM0\ARM_GCC_541\Debug\cymetadata.o
 .debug_abbrev  0x000004e7      0x1c8 .\CortexM0\ARM_GCC_541\Debug\Cm0Start.o
 .debug_abbrev  0x000006af       0xc6 .\CortexM0\ARM_GCC_541\Debug\PSOC4_ForwardVoltageTSEP.a(Opamp_1.o)
 .debug_abbrev  0x00000775       0xc6 .\CortexM0\ARM_GCC_541\Debug\PSOC4_ForwardVoltageTSEP.a(Opamp_2.o)
 .debug_abbrev  0x0000083b      0x163 .\CortexM0\ARM_GCC_541\Debug\PSOC4_ForwardVoltageTSEP.a(ADC_SAR.o)
 .debug_abbrev  0x0000099e       0x65 .\CortexM0\ARM_GCC_541\Debug\PSOC4_ForwardVoltageTSEP.a(ADC_SAR_INT.o)
 .debug_abbrev  0x00000a03       0x6f .\CortexM0\ARM_GCC_541\Debug\PSOC4_ForwardVoltageTSEP.a(AMux_High.o)
 .debug_abbrev  0x00000a72       0x6f .\CortexM0\ARM_GCC_541\Debug\PSOC4_ForwardVoltageTSEP.a(AMux_Low.o)
 .debug_abbrev  0x00000ae1       0x9f .\CortexM0\ARM_GCC_541\Debug\PSOC4_ForwardVoltageTSEP.a(IDAC.o)
 .debug_abbrev  0x00000b80       0x76 .\CortexM0\ARM_GCC_541\Debug\PSOC4_ForwardVoltageTSEP.a(DieTemp.o)
 .debug_abbrev  0x00000bf6       0xaa .\CortexM0\ARM_GCC_541\Debug\PSOC4_ForwardVoltageTSEP.a(GPIO_VREF.o)
 .debug_abbrev  0x00000ca0       0xaa .\CortexM0\ARM_GCC_541\Debug\PSOC4_ForwardVoltageTSEP.a(GPIO_S0.o)
 .debug_abbrev  0x00000d4a       0xaa .\CortexM0\ARM_GCC_541\Debug\PSOC4_ForwardVoltageTSEP.a(GPIO_S1.o)
 .debug_abbrev  0x00000df4       0xaa .\CortexM0\ARM_GCC_541\Debug\PSOC4_ForwardVoltageTSEP.a(GPIO_EN.o)
 .debug_abbrev  0x00000e9e       0xdd .\CortexM0\ARM_GCC_541\Debug\PSOC4_ForwardVoltageTSEP.a(SPIS.o)
 .debug_abbrev  0x00000f7b      0x140 .\CortexM0\ARM_GCC_541\Debug\PSOC4_ForwardVoltageTSEP.a(SPIS_SPI_UART.o)
 .debug_abbrev  0x000010bb       0x97 .\CortexM0\ARM_GCC_541\Debug\PSOC4_ForwardVoltageTSEP.a(SPIS_SPI.o)
 .debug_abbrev  0x00001152      0x1a7 .\CortexM0\ARM_GCC_541\Debug\PSOC4_ForwardVoltageTSEP.a(CyLib.o)
 .debug_abbrev  0x000012f9      0x152 .\CortexM0\ARM_GCC_541\Debug\PSOC4_ForwardVoltageTSEP.a(ISR_TurnOn_Sink.o)
 .debug_abbrev  0x0000144b      0x152 .\CortexM0\ARM_GCC_541\Debug\PSOC4_ForwardVoltageTSEP.a(ISR_TurnOff_Sink.o)
 .debug_abbrev  0x0000159d       0x14 .\CortexM0\ARM_GCC_541\Debug\PSOC4_ForwardVoltageTSEP.a(CyBootAsmGnu.o)
 .debug_abbrev  0x000015b1       0x70 .\CortexM0\ARM_GCC_541\Debug\PSOC4_ForwardVoltageTSEP.a(SPIS_SPI_UART_INT.o)

.debug_line     0x00000000     0x1da8
 *(.debug_line)
 .debug_line    0x00000000       0x7f .\CortexM0\ARM_GCC_541\Debug\main.o
 .debug_line    0x0000007f      0x14b .\CortexM0\ARM_GCC_541\Debug\currentSink.o
 .debug_line    0x000001ca       0x9c .\CortexM0\ARM_GCC_541\Debug\myspi.o
 .debug_line    0x00000266      0x105 .\CortexM0\ARM_GCC_541\Debug\diodeMeasurement.o
 .debug_line    0x0000036b      0x208 .\CortexM0\ARM_GCC_541\Debug\cyfitter_cfg.o
 .debug_line    0x00000573      0x141 .\CortexM0\ARM_GCC_541\Debug\cymetadata.o
 .debug_line    0x000006b4      0x1cf .\CortexM0\ARM_GCC_541\Debug\Cm0Start.o
 .debug_line    0x00000883       0xc4 .\CortexM0\ARM_GCC_541\Debug\PSOC4_ForwardVoltageTSEP.a(Opamp_1.o)
 .debug_line    0x00000947       0xc4 .\CortexM0\ARM_GCC_541\Debug\PSOC4_ForwardVoltageTSEP.a(Opamp_2.o)
 .debug_line    0x00000a0b      0x2c6 .\CortexM0\ARM_GCC_541\Debug\PSOC4_ForwardVoltageTSEP.a(ADC_SAR.o)
 .debug_line    0x00000cd1       0x66 .\CortexM0\ARM_GCC_541\Debug\PSOC4_ForwardVoltageTSEP.a(ADC_SAR_INT.o)
 .debug_line    0x00000d37       0x9e .\CortexM0\ARM_GCC_541\Debug\PSOC4_ForwardVoltageTSEP.a(AMux_High.o)
 .debug_line    0x00000dd5       0x9d .\CortexM0\ARM_GCC_541\Debug\PSOC4_ForwardVoltageTSEP.a(AMux_Low.o)
 .debug_line    0x00000e72       0xb7 .\CortexM0\ARM_GCC_541\Debug\PSOC4_ForwardVoltageTSEP.a(IDAC.o)
 .debug_line    0x00000f29       0x6c .\CortexM0\ARM_GCC_541\Debug\PSOC4_ForwardVoltageTSEP.a(DieTemp.o)
 .debug_line    0x00000f95       0xc1 .\CortexM0\ARM_GCC_541\Debug\PSOC4_ForwardVoltageTSEP.a(GPIO_VREF.o)
 .debug_line    0x00001056       0xbf .\CortexM0\ARM_GCC_541\Debug\PSOC4_ForwardVoltageTSEP.a(GPIO_S0.o)
 .debug_line    0x00001115       0xbf .\CortexM0\ARM_GCC_541\Debug\PSOC4_ForwardVoltageTSEP.a(GPIO_S1.o)
 .debug_line    0x000011d4       0xbf .\CortexM0\ARM_GCC_541\Debug\PSOC4_ForwardVoltageTSEP.a(GPIO_EN.o)
 .debug_line    0x00001293      0x13b .\CortexM0\ARM_GCC_541\Debug\PSOC4_ForwardVoltageTSEP.a(SPIS.o)
 .debug_line    0x000013ce      0x123 .\CortexM0\ARM_GCC_541\Debug\PSOC4_ForwardVoltageTSEP.a(SPIS_SPI_UART.o)
 .debug_line    0x000014f1       0xaa .\CortexM0\ARM_GCC_541\Debug\PSOC4_ForwardVoltageTSEP.a(SPIS_SPI.o)
 .debug_line    0x0000159b      0x47b .\CortexM0\ARM_GCC_541\Debug\PSOC4_ForwardVoltageTSEP.a(CyLib.o)
 .debug_line    0x00001a16      0x15d .\CortexM0\ARM_GCC_541\Debug\PSOC4_ForwardVoltageTSEP.a(ISR_TurnOn_Sink.o)
 .debug_line    0x00001b73      0x14e .\CortexM0\ARM_GCC_541\Debug\PSOC4_ForwardVoltageTSEP.a(ISR_TurnOff_Sink.o)
 .debug_line    0x00001cc1       0x69 .\CortexM0\ARM_GCC_541\Debug\PSOC4_ForwardVoltageTSEP.a(CyBootAsmGnu.o)
 .debug_line    0x00001d2a       0x7e .\CortexM0\ARM_GCC_541\Debug\PSOC4_ForwardVoltageTSEP.a(SPIS_SPI_UART_INT.o)

.debug_frame    0x00000000     0x1bdc
 *(.debug_frame)
 .debug_frame   0x00000000       0x34 .\CortexM0\ARM_GCC_541\Debug\main.o
 .debug_frame   0x00000034      0x148 .\CortexM0\ARM_GCC_541\Debug\currentSink.o
 .debug_frame   0x0000017c       0x74 .\CortexM0\ARM_GCC_541\Debug\myspi.o
 .debug_frame   0x000001f0       0x90 .\CortexM0\ARM_GCC_541\Debug\diodeMeasurement.o
 .debug_frame   0x00000280      0x188 .\CortexM0\ARM_GCC_541\Debug\cyfitter_cfg.o
 .debug_frame   0x00000408       0xc8 .\CortexM0\ARM_GCC_541\Debug\Cm0Start.o
 .debug_frame   0x000004d0       0xc0 .\CortexM0\ARM_GCC_541\Debug\PSOC4_ForwardVoltageTSEP.a(Opamp_1.o)
 .debug_frame   0x00000590       0xc0 .\CortexM0\ARM_GCC_541\Debug\PSOC4_ForwardVoltageTSEP.a(Opamp_2.o)
 .debug_frame   0x00000650      0x264 .\CortexM0\ARM_GCC_541\Debug\PSOC4_ForwardVoltageTSEP.a(ADC_SAR.o)
 .debug_frame   0x000008b4       0x30 .\CortexM0\ARM_GCC_541\Debug\PSOC4_ForwardVoltageTSEP.a(ADC_SAR_INT.o)
 .debug_frame   0x000008e4       0x70 .\CortexM0\ARM_GCC_541\Debug\PSOC4_ForwardVoltageTSEP.a(AMux_High.o)
 .debug_frame   0x00000954       0x70 .\CortexM0\ARM_GCC_541\Debug\PSOC4_ForwardVoltageTSEP.a(AMux_Low.o)
 .debug_frame   0x000009c4       0xbc .\CortexM0\ARM_GCC_541\Debug\PSOC4_ForwardVoltageTSEP.a(IDAC.o)
 .debug_frame   0x00000a80       0x30 .\CortexM0\ARM_GCC_541\Debug\PSOC4_ForwardVoltageTSEP.a(DieTemp.o)
 .debug_frame   0x00000ab0       0xc8 .\CortexM0\ARM_GCC_541\Debug\PSOC4_ForwardVoltageTSEP.a(GPIO_VREF.o)
 .debug_frame   0x00000b78       0xc8 .\CortexM0\ARM_GCC_541\Debug\PSOC4_ForwardVoltageTSEP.a(GPIO_S0.o)
 .debug_frame   0x00000c40       0xc8 .\CortexM0\ARM_GCC_541\Debug\PSOC4_ForwardVoltageTSEP.a(GPIO_S1.o)
 .debug_frame   0x00000d08       0xc8 .\CortexM0\ARM_GCC_541\Debug\PSOC4_ForwardVoltageTSEP.a(GPIO_EN.o)
 .debug_frame   0x00000dd0      0x150 .\CortexM0\ARM_GCC_541\Debug\PSOC4_ForwardVoltageTSEP.a(SPIS.o)
 .debug_frame   0x00000f20      0x128 .\CortexM0\ARM_GCC_541\Debug\PSOC4_ForwardVoltageTSEP.a(SPIS_SPI_UART.o)
 .debug_frame   0x00001048       0x64 .\CortexM0\ARM_GCC_541\Debug\PSOC4_ForwardVoltageTSEP.a(SPIS_SPI.o)
 .debug_frame   0x000010ac      0x588 .\CortexM0\ARM_GCC_541\Debug\PSOC4_ForwardVoltageTSEP.a(CyLib.o)
 .debug_frame   0x00001634      0x190 .\CortexM0\ARM_GCC_541\Debug\PSOC4_ForwardVoltageTSEP.a(ISR_TurnOn_Sink.o)
 .debug_frame   0x000017c4      0x190 .\CortexM0\ARM_GCC_541\Debug\PSOC4_ForwardVoltageTSEP.a(ISR_TurnOff_Sink.o)
 .debug_frame   0x00001954       0x2c .\CortexM0\ARM_GCC_541\Debug\PSOC4_ForwardVoltageTSEP.a(SPIS_SPI_UART_INT.o)
 .debug_frame   0x00001980       0x20 c:/program files (x86)/cypress/psoc creator/4.2/psoc creator/import/gnu/arm/5.4.1/bin/../lib/gcc/arm-none-eabi/5.4.1/armv6-m\libgcc.a(_udivsi3.o)
 .debug_frame   0x000019a0       0x20 c:/program files (x86)/cypress/psoc creator/4.2/psoc creator/import/gnu/arm/5.4.1/bin/../lib/gcc/arm-none-eabi/5.4.1/armv6-m\libgcc.a(_divsi3.o)
 .debug_frame   0x000019c0       0x34 c:/program files (x86)/cypress/psoc creator/4.2/psoc creator/import/gnu/arm/5.4.1/bin/../lib/gcc/arm-none-eabi/5.4.1/armv6-m\libgcc.a(_muldi3.o)
 .debug_frame   0x000019f4       0x30 c:/program files (x86)/cypress/psoc creator/4.2/psoc creator/import/gnu/arm/5.4.1/bin/../lib/gcc/arm-none-eabi/5.4.1/armv6-m\libgcc.a(bpabi.o)
 .debug_frame   0x00001a24       0x3c c:/program files (x86)/cypress/psoc creator/4.2/psoc creator/import/gnu/arm/5.4.1/bin/../lib/gcc/arm-none-eabi/5.4.1/armv6-m\libgcc.a(divsf3.o)
 .debug_frame   0x00001a60       0x38 c:/program files (x86)/cypress/psoc creator/4.2/psoc creator/import/gnu/arm/5.4.1/bin/../lib/gcc/arm-none-eabi/5.4.1/armv6-m\libgcc.a(mulsf3.o)
 .debug_frame   0x00001a98       0x20 c:/program files (x86)/cypress/psoc creator/4.2/psoc creator/import/gnu/arm/5.4.1/bin/../lib/gcc/arm-none-eabi/5.4.1/armv6-m\libgcc.a(fixsfsi.o)
 .debug_frame   0x00001ab8       0x2c c:/program files (x86)/cypress/psoc creator/4.2/psoc creator/import/gnu/arm/5.4.1/bin/../lib/gcc/arm-none-eabi/5.4.1/armv6-m\libgcc.a(floatsisf.o)
 .debug_frame   0x00001ae4       0x3c c:/program files (x86)/cypress/psoc creator/4.2/psoc creator/import/gnu/arm/5.4.1/bin/../lib/gcc/arm-none-eabi/5.4.1/armv6-m\libgcc.a(_divdi3.o)
 .debug_frame   0x00001b20       0x20 c:/program files (x86)/cypress/psoc creator/4.2/psoc creator/import/gnu/arm/5.4.1/bin/../lib/gcc/arm-none-eabi/5.4.1/../../../../arm-none-eabi/lib/armv6-m\libg_nano.a(lib_a-errno.o)
 .debug_frame   0x00001b40       0x28 c:/program files (x86)/cypress/psoc creator/4.2/psoc creator/import/gnu/arm/5.4.1/bin/../lib/gcc/arm-none-eabi/5.4.1/../../../../arm-none-eabi/lib/armv6-m\libg_nano.a(lib_a-exit.o)
 .debug_frame   0x00001b68       0x2c c:/program files (x86)/cypress/psoc creator/4.2/psoc creator/import/gnu/arm/5.4.1/bin/../lib/gcc/arm-none-eabi/5.4.1/../../../../arm-none-eabi/lib/armv6-m\libg_nano.a(lib_a-init.o)
 .debug_frame   0x00001b94       0x28 c:/program files (x86)/cypress/psoc creator/4.2/psoc creator/import/gnu/arm/5.4.1/bin/../lib/gcc/arm-none-eabi/5.4.1/../../../../arm-none-eabi/lib/armv6-m\libg_nano.a(lib_a-memcpy-stub.o)
 .debug_frame   0x00001bbc       0x20 c:/program files (x86)/cypress/psoc creator/4.2/psoc creator/import/gnu/arm/5.4.1/bin/../lib/gcc/arm-none-eabi/5.4.1/../../../../arm-none-eabi/lib/armv6-m\libg_nano.a(lib_a-memset.o)

.debug_str      0x00000000     0x1a44
 *(.debug_str)
 .debug_str     0x00000000      0x1c8 .\CortexM0\ARM_GCC_541\Debug\main.o
                                0x214 (size before relaxing)
 .debug_str     0x000001c8      0x134 .\CortexM0\ARM_GCC_541\Debug\currentSink.o
                                0x2c8 (size before relaxing)
 .debug_str     0x000002fc       0xbd .\CortexM0\ARM_GCC_541\Debug\myspi.o
                                0x26d (size before relaxing)
 .debug_str     0x000003b9       0xae .\CortexM0\ARM_GCC_541\Debug\diodeMeasurement.o
                                0x2b2 (size before relaxing)
 .debug_str     0x00000467      0x16a .\CortexM0\ARM_GCC_541\Debug\cyfitter_cfg.o
                                0x337 (size before relaxing)
 .debug_str     0x000005d1       0x63 .\CortexM0\ARM_GCC_541\Debug\cymetadata.o
                                0x1d6 (size before relaxing)
 .debug_str     0x00000634      0x119 .\CortexM0\ARM_GCC_541\Debug\Cm0Start.o
                                0x2dc (size before relaxing)
 .debug_str     0x0000074d       0xaf .\CortexM0\ARM_GCC_541\Debug\PSOC4_ForwardVoltageTSEP.a(Opamp_1.o)
                                0x236 (size before relaxing)
 .debug_str     0x000007fc       0xa3 .\CortexM0\ARM_GCC_541\Debug\PSOC4_ForwardVoltageTSEP.a(Opamp_2.o)
                                0x236 (size before relaxing)
 .debug_str     0x0000089f      0x255 .\CortexM0\ARM_GCC_541\Debug\PSOC4_ForwardVoltageTSEP.a(ADC_SAR.o)
                                0x42d (size before relaxing)
 .debug_str     0x00000af4       0x3d .\CortexM0\ARM_GCC_541\Debug\PSOC4_ForwardVoltageTSEP.a(ADC_SAR_INT.o)
                                0x1d3 (size before relaxing)
 .debug_str     0x00000b31       0x6f .\CortexM0\ARM_GCC_541\Debug\PSOC4_ForwardVoltageTSEP.a(AMux_High.o)
                                0x1f6 (size before relaxing)
 .debug_str     0x00000ba0       0x6a .\CortexM0\ARM_GCC_541\Debug\PSOC4_ForwardVoltageTSEP.a(AMux_Low.o)
                                0x1f1 (size before relaxing)
 .debug_str     0x00000c0a       0x8d .\CortexM0\ARM_GCC_541\Debug\PSOC4_ForwardVoltageTSEP.a(IDAC.o)
                                0x234 (size before relaxing)
 .debug_str     0x00000c97       0x6f .\CortexM0\ARM_GCC_541\Debug\PSOC4_ForwardVoltageTSEP.a(DieTemp.o)
                                0x215 (size before relaxing)
 .debug_str     0x00000d06       0xc7 .\CortexM0\ARM_GCC_541\Debug\PSOC4_ForwardVoltageTSEP.a(GPIO_VREF.o)
                                0x260 (size before relaxing)
 .debug_str     0x00000dcd       0x95 .\CortexM0\ARM_GCC_541\Debug\PSOC4_ForwardVoltageTSEP.a(GPIO_S0.o)
                                0x252 (size before relaxing)
 .debug_str     0x00000e62       0x95 .\CortexM0\ARM_GCC_541\Debug\PSOC4_ForwardVoltageTSEP.a(GPIO_S1.o)
                                0x252 (size before relaxing)
 .debug_str     0x00000ef7       0x95 .\CortexM0\ARM_GCC_541\Debug\PSOC4_ForwardVoltageTSEP.a(GPIO_EN.o)
                                0x252 (size before relaxing)
 .debug_str     0x00000f8c      0x13c .\CortexM0\ARM_GCC_541\Debug\PSOC4_ForwardVoltageTSEP.a(SPIS.o)
                                0x2df (size before relaxing)
 .debug_str     0x000010c8      0x135 .\CortexM0\ARM_GCC_541\Debug\PSOC4_ForwardVoltageTSEP.a(SPIS_SPI_UART.o)
                                0x2dc (size before relaxing)
 .debug_str     0x000011fd       0x4f .\CortexM0\ARM_GCC_541\Debug\PSOC4_ForwardVoltageTSEP.a(SPIS_SPI.o)
                                0x202 (size before relaxing)
 .debug_str     0x0000124c      0x4ba .\CortexM0\ARM_GCC_541\Debug\PSOC4_ForwardVoltageTSEP.a(CyLib.o)
                                0x689 (size before relaxing)
 .debug_str     0x00001706      0x181 .\CortexM0\ARM_GCC_541\Debug\PSOC4_ForwardVoltageTSEP.a(ISR_TurnOn_Sink.o)
                                0x357 (size before relaxing)
 .debug_str     0x00001887      0x180 .\CortexM0\ARM_GCC_541\Debug\PSOC4_ForwardVoltageTSEP.a(ISR_TurnOff_Sink.o)
                                0x365 (size before relaxing)
 .debug_str     0x00001a07       0x3d .\CortexM0\ARM_GCC_541\Debug\PSOC4_ForwardVoltageTSEP.a(SPIS_SPI_UART_INT.o)
                                0x1ea (size before relaxing)

.debug_loc
 *(.debug_loc)

.debug_macinfo
 *(.debug_macinfo)

.debug_ranges   0x00000000      0x708
 *(.debug_ranges)
 .debug_ranges  0x00000000       0x10 .\CortexM0\ARM_GCC_541\Debug\main.o
 .debug_ranges  0x00000010       0x60 .\CortexM0\ARM_GCC_541\Debug\currentSink.o
 .debug_ranges  0x00000070       0x20 .\CortexM0\ARM_GCC_541\Debug\myspi.o
 .debug_ranges  0x00000090       0x28 .\CortexM0\ARM_GCC_541\Debug\diodeMeasurement.o
 .debug_ranges  0x000000b8       0x68 .\CortexM0\ARM_GCC_541\Debug\cyfitter_cfg.o
 .debug_ranges  0x00000120       0x38 .\CortexM0\ARM_GCC_541\Debug\Cm0Start.o
 .debug_ranges  0x00000158       0x38 .\CortexM0\ARM_GCC_541\Debug\PSOC4_ForwardVoltageTSEP.a(Opamp_1.o)
 .debug_ranges  0x00000190       0x38 .\CortexM0\ARM_GCC_541\Debug\PSOC4_ForwardVoltageTSEP.a(Opamp_2.o)
 .debug_ranges  0x000001c8       0xa0 .\CortexM0\ARM_GCC_541\Debug\PSOC4_ForwardVoltageTSEP.a(ADC_SAR.o)
 .debug_ranges  0x00000268       0x10 .\CortexM0\ARM_GCC_541\Debug\PSOC4_ForwardVoltageTSEP.a(ADC_SAR_INT.o)
 .debug_ranges  0x00000278       0x20 .\CortexM0\ARM_GCC_541\Debug\PSOC4_ForwardVoltageTSEP.a(AMux_High.o)
 .debug_ranges  0x00000298       0x20 .\CortexM0\ARM_GCC_541\Debug\PSOC4_ForwardVoltageTSEP.a(AMux_Low.o)
 .debug_ranges  0x000002b8       0x30 .\CortexM0\ARM_GCC_541\Debug\PSOC4_ForwardVoltageTSEP.a(IDAC.o)
 .debug_ranges  0x000002e8       0x10 .\CortexM0\ARM_GCC_541\Debug\PSOC4_ForwardVoltageTSEP.a(DieTemp.o)
 .debug_ranges  0x000002f8       0x38 .\CortexM0\ARM_GCC_541\Debug\PSOC4_ForwardVoltageTSEP.a(GPIO_VREF.o)
 .debug_ranges  0x00000330       0x38 .\CortexM0\ARM_GCC_541\Debug\PSOC4_ForwardVoltageTSEP.a(GPIO_S0.o)
 .debug_ranges  0x00000368       0x38 .\CortexM0\ARM_GCC_541\Debug\PSOC4_ForwardVoltageTSEP.a(GPIO_S1.o)
 .debug_ranges  0x000003a0       0x38 .\CortexM0\ARM_GCC_541\Debug\PSOC4_ForwardVoltageTSEP.a(GPIO_EN.o)
 .debug_ranges  0x000003d8       0x60 .\CortexM0\ARM_GCC_541\Debug\PSOC4_ForwardVoltageTSEP.a(SPIS.o)
 .debug_ranges  0x00000438       0x50 .\CortexM0\ARM_GCC_541\Debug\PSOC4_ForwardVoltageTSEP.a(SPIS_SPI_UART.o)
 .debug_ranges  0x00000488       0x20 .\CortexM0\ARM_GCC_541\Debug\PSOC4_ForwardVoltageTSEP.a(SPIS_SPI.o)
 .debug_ranges  0x000004a8      0x170 .\CortexM0\ARM_GCC_541\Debug\PSOC4_ForwardVoltageTSEP.a(CyLib.o)
 .debug_ranges  0x00000618       0x70 .\CortexM0\ARM_GCC_541\Debug\PSOC4_ForwardVoltageTSEP.a(ISR_TurnOn_Sink.o)
 .debug_ranges  0x00000688       0x70 .\CortexM0\ARM_GCC_541\Debug\PSOC4_ForwardVoltageTSEP.a(ISR_TurnOff_Sink.o)
 .debug_ranges  0x000006f8       0x10 .\CortexM0\ARM_GCC_541\Debug\PSOC4_ForwardVoltageTSEP.a(SPIS_SPI_UART_INT.o)

.comment        0x00000000       0x6e
 .comment       0x00000000       0x6e .\CortexM0\ARM_GCC_541\Debug\main.o
                                 0x6f (size before relaxing)
 .comment       0x0000006e       0x6f .\CortexM0\ARM_GCC_541\Debug\currentSink.o
 .comment       0x0000006e       0x6f .\CortexM0\ARM_GCC_541\Debug\myspi.o
 .comment       0x0000006e       0x6f .\CortexM0\ARM_GCC_541\Debug\diodeMeasurement.o
 .comment       0x0000006e       0x6f .\CortexM0\ARM_GCC_541\Debug\cyfitter_cfg.o
 .comment       0x0000006e       0x6f .\CortexM0\ARM_GCC_541\Debug\cymetadata.o
 .comment       0x0000006e       0x6f .\CortexM0\ARM_GCC_541\Debug\Cm0Start.o
 .comment       0x0000006e       0x6f .\CortexM0\ARM_GCC_541\Debug\PSOC4_ForwardVoltageTSEP.a(Opamp_1.o)
 .comment       0x0000006e       0x6f .\CortexM0\ARM_GCC_541\Debug\PSOC4_ForwardVoltageTSEP.a(Opamp_2.o)
 .comment       0x0000006e       0x6f .\CortexM0\ARM_GCC_541\Debug\PSOC4_ForwardVoltageTSEP.a(ADC_SAR.o)
 .comment       0x0000006e       0x6f .\CortexM0\ARM_GCC_541\Debug\PSOC4_ForwardVoltageTSEP.a(ADC_SAR_INT.o)
 .comment       0x0000006e       0x6f .\CortexM0\ARM_GCC_541\Debug\PSOC4_ForwardVoltageTSEP.a(AMux_High.o)
 .comment       0x0000006e       0x6f .\CortexM0\ARM_GCC_541\Debug\PSOC4_ForwardVoltageTSEP.a(AMux_Low.o)
 .comment       0x0000006e       0x6f .\CortexM0\ARM_GCC_541\Debug\PSOC4_ForwardVoltageTSEP.a(IDAC.o)
 .comment       0x0000006e       0x6f .\CortexM0\ARM_GCC_541\Debug\PSOC4_ForwardVoltageTSEP.a(DieTemp.o)
 .comment       0x0000006e       0x6f .\CortexM0\ARM_GCC_541\Debug\PSOC4_ForwardVoltageTSEP.a(GPIO_VREF.o)
 .comment       0x0000006e       0x6f .\CortexM0\ARM_GCC_541\Debug\PSOC4_ForwardVoltageTSEP.a(GPIO_S0.o)
 .comment       0x0000006e       0x6f .\CortexM0\ARM_GCC_541\Debug\PSOC4_ForwardVoltageTSEP.a(GPIO_S1.o)
 .comment       0x0000006e       0x6f .\CortexM0\ARM_GCC_541\Debug\PSOC4_ForwardVoltageTSEP.a(GPIO_EN.o)
 .comment       0x0000006e       0x6f .\CortexM0\ARM_GCC_541\Debug\PSOC4_ForwardVoltageTSEP.a(SPIS.o)
 .comment       0x0000006e       0x6f .\CortexM0\ARM_GCC_541\Debug\PSOC4_ForwardVoltageTSEP.a(SPIS_SPI_UART.o)
 .comment       0x0000006e       0x6f .\CortexM0\ARM_GCC_541\Debug\PSOC4_ForwardVoltageTSEP.a(SPIS_SPI.o)
 .comment       0x0000006e       0x6f .\CortexM0\ARM_GCC_541\Debug\PSOC4_ForwardVoltageTSEP.a(CyLib.o)
 .comment       0x0000006e       0x6f .\CortexM0\ARM_GCC_541\Debug\PSOC4_ForwardVoltageTSEP.a(ISR_TurnOn_Sink.o)
 .comment       0x0000006e       0x6f .\CortexM0\ARM_GCC_541\Debug\PSOC4_ForwardVoltageTSEP.a(ISR_TurnOff_Sink.o)
 .comment       0x0000006e       0x6f .\CortexM0\ARM_GCC_541\Debug\PSOC4_ForwardVoltageTSEP.a(SPIS_SPI_UART_INT.o)

.debug_weaknames
 *(.debug_weaknames)

.debug_funcnames
 *(.debug_funcnames)

.debug_typenames
 *(.debug_typenames)

.debug_varnames
 *(.debug_varnames)

.note.gnu.arm.ident
 *(.note.gnu.arm.ident)

.ARM.attributes
                0x00000000       0x28
 *(.ARM.attributes)
 .ARM.attributes
                0x00000000       0x1e c:/program files (x86)/cypress/psoc creator/4.2/psoc creator/import/gnu/arm/5.4.1/bin/../lib/gcc/arm-none-eabi/5.4.1/armv6-m/crti.o
 .ARM.attributes
                0x0000001e       0x2c c:/program files (x86)/cypress/psoc creator/4.2/psoc creator/import/gnu/arm/5.4.1/bin/../lib/gcc/arm-none-eabi/5.4.1/armv6-m/crtbegin.o
 .ARM.attributes
                0x0000004a       0x1b c:/program files (x86)/cypress/psoc creator/4.2/psoc creator/import/gnu/arm/5.4.1/bin/../lib/gcc/arm-none-eabi/5.4.1/../../../../arm-none-eabi/lib/armv6-m/crt0.o
 .ARM.attributes
                0x00000065       0x31 .\CortexM0\ARM_GCC_541\Debug\main.o
 .ARM.attributes
                0x00000096       0x31 .\CortexM0\ARM_GCC_541\Debug\currentSink.o
 .ARM.attributes
                0x000000c7       0x31 .\CortexM0\ARM_GCC_541\Debug\myspi.o
 .ARM.attributes
                0x000000f8       0x31 .\CortexM0\ARM_GCC_541\Debug\diodeMeasurement.o
 .ARM.attributes
                0x00000129       0x31 .\CortexM0\ARM_GCC_541\Debug\cyfitter_cfg.o
 .ARM.attributes
                0x0000015a       0x31 .\CortexM0\ARM_GCC_541\Debug\cymetadata.o
 .ARM.attributes
                0x0000018b       0x31 .\CortexM0\ARM_GCC_541\Debug\Cm0Start.o
 .ARM.attributes
                0x000001bc       0x31 .\CortexM0\ARM_GCC_541\Debug\PSOC4_ForwardVoltageTSEP.a(Opamp_1.o)
 .ARM.attributes
                0x000001ed       0x31 .\CortexM0\ARM_GCC_541\Debug\PSOC4_ForwardVoltageTSEP.a(Opamp_2.o)
 .ARM.attributes
                0x0000021e       0x31 .\CortexM0\ARM_GCC_541\Debug\PSOC4_ForwardVoltageTSEP.a(ADC_SAR.o)
 .ARM.attributes
                0x0000024f       0x31 .\CortexM0\ARM_GCC_541\Debug\PSOC4_ForwardVoltageTSEP.a(ADC_SAR_INT.o)
 .ARM.attributes
                0x00000280       0x31 .\CortexM0\ARM_GCC_541\Debug\PSOC4_ForwardVoltageTSEP.a(AMux_High.o)
 .ARM.attributes
                0x000002b1       0x31 .\CortexM0\ARM_GCC_541\Debug\PSOC4_ForwardVoltageTSEP.a(AMux_Low.o)
 .ARM.attributes
                0x000002e2       0x31 .\CortexM0\ARM_GCC_541\Debug\PSOC4_ForwardVoltageTSEP.a(IDAC.o)
 .ARM.attributes
                0x00000313       0x31 .\CortexM0\ARM_GCC_541\Debug\PSOC4_ForwardVoltageTSEP.a(DieTemp.o)
 .ARM.attributes
                0x00000344       0x31 .\CortexM0\ARM_GCC_541\Debug\PSOC4_ForwardVoltageTSEP.a(GPIO_VREF.o)
 .ARM.attributes
                0x00000375       0x31 .\CortexM0\ARM_GCC_541\Debug\PSOC4_ForwardVoltageTSEP.a(GPIO_S0.o)
 .ARM.attributes
                0x000003a6       0x31 .\CortexM0\ARM_GCC_541\Debug\PSOC4_ForwardVoltageTSEP.a(GPIO_S1.o)
 .ARM.attributes
                0x000003d7       0x31 .\CortexM0\ARM_GCC_541\Debug\PSOC4_ForwardVoltageTSEP.a(GPIO_EN.o)
 .ARM.attributes
                0x00000408       0x31 .\CortexM0\ARM_GCC_541\Debug\PSOC4_ForwardVoltageTSEP.a(SPIS.o)
 .ARM.attributes
                0x00000439       0x31 .\CortexM0\ARM_GCC_541\Debug\PSOC4_ForwardVoltageTSEP.a(SPIS_SPI_UART.o)
 .ARM.attributes
                0x0000046a       0x31 .\CortexM0\ARM_GCC_541\Debug\PSOC4_ForwardVoltageTSEP.a(SPIS_SPI.o)
 .ARM.attributes
                0x0000049b       0x31 .\CortexM0\ARM_GCC_541\Debug\PSOC4_ForwardVoltageTSEP.a(CyLib.o)
 .ARM.attributes
                0x000004cc       0x31 .\CortexM0\ARM_GCC_541\Debug\PSOC4_ForwardVoltageTSEP.a(ISR_TurnOn_Sink.o)
 .ARM.attributes
                0x000004fd       0x31 .\CortexM0\ARM_GCC_541\Debug\PSOC4_ForwardVoltageTSEP.a(ISR_TurnOff_Sink.o)
 .ARM.attributes
                0x0000052e       0x21 .\CortexM0\ARM_GCC_541\Debug\PSOC4_ForwardVoltageTSEP.a(CyBootAsmGnu.o)
 .ARM.attributes
                0x0000054f       0x31 .\CortexM0\ARM_GCC_541\Debug\PSOC4_ForwardVoltageTSEP.a(SPIS_SPI_UART_INT.o)
 .ARM.attributes
                0x00000580       0x1e c:/program files (x86)/cypress/psoc creator/4.2/psoc creator/import/gnu/arm/5.4.1/bin/../lib/gcc/arm-none-eabi/5.4.1/armv6-m\libgcc.a(_udivsi3.o)
 .ARM.attributes
                0x0000059e       0x1e c:/program files (x86)/cypress/psoc creator/4.2/psoc creator/import/gnu/arm/5.4.1/bin/../lib/gcc/arm-none-eabi/5.4.1/armv6-m\libgcc.a(_divsi3.o)
 .ARM.attributes
                0x000005bc       0x1e c:/program files (x86)/cypress/psoc creator/4.2/psoc creator/import/gnu/arm/5.4.1/bin/../lib/gcc/arm-none-eabi/5.4.1/armv6-m\libgcc.a(_dvmd_tls.o)
 .ARM.attributes
                0x000005da       0x1e c:/program files (x86)/cypress/psoc creator/4.2/psoc creator/import/gnu/arm/5.4.1/bin/../lib/gcc/arm-none-eabi/5.4.1/armv6-m\libgcc.a(_aeabi_ldivmod.o)
 .ARM.attributes
                0x000005f8       0x2c c:/program files (x86)/cypress/psoc creator/4.2/psoc creator/import/gnu/arm/5.4.1/bin/../lib/gcc/arm-none-eabi/5.4.1/armv6-m\libgcc.a(_muldi3.o)
 .ARM.attributes
                0x00000624       0x2c c:/program files (x86)/cypress/psoc creator/4.2/psoc creator/import/gnu/arm/5.4.1/bin/../lib/gcc/arm-none-eabi/5.4.1/armv6-m\libgcc.a(bpabi.o)
 .ARM.attributes
                0x00000650       0x2c c:/program files (x86)/cypress/psoc creator/4.2/psoc creator/import/gnu/arm/5.4.1/bin/../lib/gcc/arm-none-eabi/5.4.1/armv6-m\libgcc.a(divsf3.o)
 .ARM.attributes
                0x0000067c       0x2c c:/program files (x86)/cypress/psoc creator/4.2/psoc creator/import/gnu/arm/5.4.1/bin/../lib/gcc/arm-none-eabi/5.4.1/armv6-m\libgcc.a(mulsf3.o)
 .ARM.attributes
                0x000006a8       0x2c c:/program files (x86)/cypress/psoc creator/4.2/psoc creator/import/gnu/arm/5.4.1/bin/../lib/gcc/arm-none-eabi/5.4.1/armv6-m\libgcc.a(fixsfsi.o)
 .ARM.attributes
                0x000006d4       0x2c c:/program files (x86)/cypress/psoc creator/4.2/psoc creator/import/gnu/arm/5.4.1/bin/../lib/gcc/arm-none-eabi/5.4.1/armv6-m\libgcc.a(floatsisf.o)
 .ARM.attributes
                0x00000700       0x1e c:/program files (x86)/cypress/psoc creator/4.2/psoc creator/import/gnu/arm/5.4.1/bin/../lib/gcc/arm-none-eabi/5.4.1/armv6-m\libgcc.a(_clzsi2.o)
 .ARM.attributes
                0x0000071e       0x2c c:/program files (x86)/cypress/psoc creator/4.2/psoc creator/import/gnu/arm/5.4.1/bin/../lib/gcc/arm-none-eabi/5.4.1/armv6-m\libgcc.a(_divdi3.o)
 .ARM.attributes
                0x0000074a       0x1e c:/program files (x86)/cypress/psoc creator/4.2/psoc creator/import/gnu/arm/5.4.1/bin/../lib/gcc/arm-none-eabi/5.4.1/armv6-m\libgcc.a(_clzdi2.o)
 .ARM.attributes
                0x00000768       0x2c c:/program files (x86)/cypress/psoc creator/4.2/psoc creator/import/gnu/arm/5.4.1/bin/../lib/gcc/arm-none-eabi/5.4.1/../../../../arm-none-eabi/lib/armv6-m\libg_nano.a(lib_a-errno.o)
 .ARM.attributes
                0x00000794       0x2c c:/program files (x86)/cypress/psoc creator/4.2/psoc creator/import/gnu/arm/5.4.1/bin/../lib/gcc/arm-none-eabi/5.4.1/../../../../arm-none-eabi/lib/armv6-m\libg_nano.a(lib_a-exit.o)
 .ARM.attributes
                0x000007c0       0x2c c:/program files (x86)/cypress/psoc creator/4.2/psoc creator/import/gnu/arm/5.4.1/bin/../lib/gcc/arm-none-eabi/5.4.1/../../../../arm-none-eabi/lib/armv6-m\libg_nano.a(lib_a-impure.o)
 .ARM.attributes
                0x000007ec       0x2c c:/program files (x86)/cypress/psoc creator/4.2/psoc creator/import/gnu/arm/5.4.1/bin/../lib/gcc/arm-none-eabi/5.4.1/../../../../arm-none-eabi/lib/armv6-m\libg_nano.a(lib_a-init.o)
 .ARM.attributes
                0x00000818       0x2c c:/program files (x86)/cypress/psoc creator/4.2/psoc creator/import/gnu/arm/5.4.1/bin/../lib/gcc/arm-none-eabi/5.4.1/../../../../arm-none-eabi/lib/armv6-m\libg_nano.a(lib_a-memcpy-stub.o)
 .ARM.attributes
                0x00000844       0x2c c:/program files (x86)/cypress/psoc creator/4.2/psoc creator/import/gnu/arm/5.4.1/bin/../lib/gcc/arm-none-eabi/5.4.1/../../../../arm-none-eabi/lib/armv6-m\libg_nano.a(lib_a-memset.o)
 .ARM.attributes
                0x00000870       0x2c c:/program files (x86)/cypress/psoc creator/4.2/psoc creator/import/gnu/arm/5.4.1/bin/../lib/gcc/arm-none-eabi/5.4.1/armv6-m/crtend.o
 .ARM.attributes
                0x0000089c       0x1e c:/program files (x86)/cypress/psoc creator/4.2/psoc creator/import/gnu/arm/5.4.1/bin/../lib/gcc/arm-none-eabi/5.4.1/armv6-m/crtn.o

/DISCARD/
 *(.note.GNU-stack)
OUTPUT(C:\Users\Lars\Documents\PSoC Creator\Workspace01\PSOC4_ForwardVoltageTSEP.cydsn\CortexM0\ARM_GCC_541\Debug\PSOC4_ForwardVoltageTSEP.elf elf32-littlearm)
