ARM GAS  C:\Users\Lars\AppData\Local\Temp\cctsn7gg.s 			page 1


   1              		.syntax unified
   2              		.cpu cortex-m0
   3              		.fpu softvfp
   4              		.eabi_attribute 20, 1
   5              		.eabi_attribute 21, 1
   6              		.eabi_attribute 23, 3
   7              		.eabi_attribute 24, 1
   8              		.eabi_attribute 25, 1
   9              		.eabi_attribute 26, 1
  10              		.eabi_attribute 30, 6
  11              		.eabi_attribute 34, 0
  12              		.eabi_attribute 18, 4
  13              		.thumb
  14              		.syntax unified
  15              		.file	"cyfitter_cfg.c"
  16              		.text
  17              	.Ltext0:
  18              		.cfi_sections	.debug_frame
  19              		.section	.text.CYMEMZERO,"ax",%progbits
  20              		.align	2
  21              		.code	16
  22              		.thumb_func
  23              		.type	CYMEMZERO, %function
  24              	CYMEMZERO:
  25              	.LFB0:
  26              		.file 1 "Generated_Source\\PSoC4\\cyfitter_cfg.c"
   1:Generated_Source\PSoC4/cyfitter_cfg.c **** 
   2:Generated_Source\PSoC4/cyfitter_cfg.c **** /*******************************************************************************
   3:Generated_Source\PSoC4/cyfitter_cfg.c **** * File Name: cyfitter_cfg.c
   4:Generated_Source\PSoC4/cyfitter_cfg.c **** * 
   5:Generated_Source\PSoC4/cyfitter_cfg.c **** * PSoC Creator  4.2
   6:Generated_Source\PSoC4/cyfitter_cfg.c **** *
   7:Generated_Source\PSoC4/cyfitter_cfg.c **** * Description:
   8:Generated_Source\PSoC4/cyfitter_cfg.c **** * This file contains device initialization code.
   9:Generated_Source\PSoC4/cyfitter_cfg.c **** * Except for the user defined sections in CyClockStartupError(), this file should not be modified.
  10:Generated_Source\PSoC4/cyfitter_cfg.c **** * This file is automatically generated by PSoC Creator.
  11:Generated_Source\PSoC4/cyfitter_cfg.c **** *
  12:Generated_Source\PSoC4/cyfitter_cfg.c **** ********************************************************************************
  13:Generated_Source\PSoC4/cyfitter_cfg.c **** * Copyright (c) 2007-2018 Cypress Semiconductor.  All rights reserved.
  14:Generated_Source\PSoC4/cyfitter_cfg.c **** * You may use this file only in accordance with the license, terms, conditions, 
  15:Generated_Source\PSoC4/cyfitter_cfg.c **** * disclaimers, and limitations in the end user license agreement accompanying 
  16:Generated_Source\PSoC4/cyfitter_cfg.c **** * the software package with which this file was provided.
  17:Generated_Source\PSoC4/cyfitter_cfg.c **** ********************************************************************************/
  18:Generated_Source\PSoC4/cyfitter_cfg.c **** 
  19:Generated_Source\PSoC4/cyfitter_cfg.c **** #include <string.h>
  20:Generated_Source\PSoC4/cyfitter_cfg.c **** #include "cytypes.h"
  21:Generated_Source\PSoC4/cyfitter_cfg.c **** #include "cydevice_trm.h"
  22:Generated_Source\PSoC4/cyfitter_cfg.c **** #include "cyfitter.h"
  23:Generated_Source\PSoC4/cyfitter_cfg.c **** #include "CyLib.h"
  24:Generated_Source\PSoC4/cyfitter_cfg.c **** #include "cyfitter_cfg.h"
  25:Generated_Source\PSoC4/cyfitter_cfg.c **** #include "cyapicallbacks.h"
  26:Generated_Source\PSoC4/cyfitter_cfg.c **** 
  27:Generated_Source\PSoC4/cyfitter_cfg.c **** 
  28:Generated_Source\PSoC4/cyfitter_cfg.c **** #if defined(__GNUC__) || defined(__ARMCC_VERSION)
  29:Generated_Source\PSoC4/cyfitter_cfg.c ****     #define CYPACKED 
  30:Generated_Source\PSoC4/cyfitter_cfg.c ****     #define CYPACKED_ATTR __attribute__ ((packed))
  31:Generated_Source\PSoC4/cyfitter_cfg.c ****     #define CYALIGNED __attribute__ ((aligned))
ARM GAS  C:\Users\Lars\AppData\Local\Temp\cctsn7gg.s 			page 2


  32:Generated_Source\PSoC4/cyfitter_cfg.c ****     #define CY_CFG_UNUSED __attribute__ ((unused))
  33:Generated_Source\PSoC4/cyfitter_cfg.c ****     #ifndef CY_CFG_SECTION
  34:Generated_Source\PSoC4/cyfitter_cfg.c ****         #define CY_CFG_SECTION __attribute__ ((section(".psocinit")))
  35:Generated_Source\PSoC4/cyfitter_cfg.c ****     #endif
  36:Generated_Source\PSoC4/cyfitter_cfg.c ****     
  37:Generated_Source\PSoC4/cyfitter_cfg.c ****     #if defined(__ARMCC_VERSION)
  38:Generated_Source\PSoC4/cyfitter_cfg.c ****         #define CY_CFG_MEMORY_BARRIER() __memory_changed()
  39:Generated_Source\PSoC4/cyfitter_cfg.c ****     #else
  40:Generated_Source\PSoC4/cyfitter_cfg.c ****         #define CY_CFG_MEMORY_BARRIER() __sync_synchronize()
  41:Generated_Source\PSoC4/cyfitter_cfg.c ****     #endif
  42:Generated_Source\PSoC4/cyfitter_cfg.c ****     
  43:Generated_Source\PSoC4/cyfitter_cfg.c **** #elif defined(__ICCARM__)
  44:Generated_Source\PSoC4/cyfitter_cfg.c ****     #include <intrinsics.h>
  45:Generated_Source\PSoC4/cyfitter_cfg.c **** 
  46:Generated_Source\PSoC4/cyfitter_cfg.c ****     #define CYPACKED __packed
  47:Generated_Source\PSoC4/cyfitter_cfg.c ****     #define CYPACKED_ATTR 
  48:Generated_Source\PSoC4/cyfitter_cfg.c ****     #define CYALIGNED _Pragma("data_alignment=4")
  49:Generated_Source\PSoC4/cyfitter_cfg.c ****     #define CY_CFG_UNUSED _Pragma("diag_suppress=Pe177")
  50:Generated_Source\PSoC4/cyfitter_cfg.c ****     #define CY_CFG_SECTION _Pragma("location=\".psocinit\"")
  51:Generated_Source\PSoC4/cyfitter_cfg.c ****     
  52:Generated_Source\PSoC4/cyfitter_cfg.c ****     #define CY_CFG_MEMORY_BARRIER() __DMB()
  53:Generated_Source\PSoC4/cyfitter_cfg.c ****     
  54:Generated_Source\PSoC4/cyfitter_cfg.c **** #else
  55:Generated_Source\PSoC4/cyfitter_cfg.c ****     #error Unsupported toolchain
  56:Generated_Source\PSoC4/cyfitter_cfg.c **** #endif
  57:Generated_Source\PSoC4/cyfitter_cfg.c **** 
  58:Generated_Source\PSoC4/cyfitter_cfg.c **** #ifndef CYCODE
  59:Generated_Source\PSoC4/cyfitter_cfg.c ****     #define CYCODE
  60:Generated_Source\PSoC4/cyfitter_cfg.c **** #endif
  61:Generated_Source\PSoC4/cyfitter_cfg.c **** #ifndef CYDATA
  62:Generated_Source\PSoC4/cyfitter_cfg.c ****     #define CYDATA
  63:Generated_Source\PSoC4/cyfitter_cfg.c **** #endif
  64:Generated_Source\PSoC4/cyfitter_cfg.c **** #ifndef CYFAR
  65:Generated_Source\PSoC4/cyfitter_cfg.c ****     #define CYFAR
  66:Generated_Source\PSoC4/cyfitter_cfg.c **** #endif
  67:Generated_Source\PSoC4/cyfitter_cfg.c **** #ifndef CYXDATA
  68:Generated_Source\PSoC4/cyfitter_cfg.c ****     #define CYXDATA
  69:Generated_Source\PSoC4/cyfitter_cfg.c **** #endif
  70:Generated_Source\PSoC4/cyfitter_cfg.c **** 
  71:Generated_Source\PSoC4/cyfitter_cfg.c **** 
  72:Generated_Source\PSoC4/cyfitter_cfg.c **** CY_CFG_UNUSED
  73:Generated_Source\PSoC4/cyfitter_cfg.c **** static void CYMEMZERO(void *s, size_t n);
  74:Generated_Source\PSoC4/cyfitter_cfg.c **** CY_CFG_UNUSED
  75:Generated_Source\PSoC4/cyfitter_cfg.c **** static void CYMEMZERO(void *s, size_t n)
  76:Generated_Source\PSoC4/cyfitter_cfg.c **** {
  27              		.loc 1 76 0
  28              		.cfi_startproc
  29              		@ args = 0, pretend = 0, frame = 8
  30              		@ frame_needed = 1, uses_anonymous_args = 0
  31 0000 80B5     		push	{r7, lr}
  32              		.cfi_def_cfa_offset 8
  33              		.cfi_offset 7, -8
  34              		.cfi_offset 14, -4
  35 0002 82B0     		sub	sp, sp, #8
  36              		.cfi_def_cfa_offset 16
  37 0004 00AF     		add	r7, sp, #0
  38              		.cfi_def_cfa_register 7
ARM GAS  C:\Users\Lars\AppData\Local\Temp\cctsn7gg.s 			page 3


  39 0006 7860     		str	r0, [r7, #4]
  40 0008 3960     		str	r1, [r7]
  77:Generated_Source\PSoC4/cyfitter_cfg.c **** 	(void)memset(s, 0, n);
  41              		.loc 1 77 0
  42 000a 3A68     		ldr	r2, [r7]
  43 000c 7B68     		ldr	r3, [r7, #4]
  44 000e 0021     		movs	r1, #0
  45 0010 1800     		movs	r0, r3
  46 0012 FFF7FEFF 		bl	memset
  78:Generated_Source\PSoC4/cyfitter_cfg.c **** }
  47              		.loc 1 78 0
  48 0016 C046     		nop
  49 0018 BD46     		mov	sp, r7
  50 001a 02B0     		add	sp, sp, #8
  51              		@ sp needed
  52 001c 80BD     		pop	{r7, pc}
  53              		.cfi_endproc
  54              	.LFE0:
  55              		.size	CYMEMZERO, .-CYMEMZERO
  56 001e C046     		.section	.text.CYCONFIGCPY,"ax",%progbits
  57              		.align	2
  58              		.code	16
  59              		.thumb_func
  60              		.type	CYCONFIGCPY, %function
  61              	CYCONFIGCPY:
  62              	.LFB1:
  79:Generated_Source\PSoC4/cyfitter_cfg.c **** CY_CFG_UNUSED
  80:Generated_Source\PSoC4/cyfitter_cfg.c **** static void CYCONFIGCPY(void *dest, const void *src, size_t n);
  81:Generated_Source\PSoC4/cyfitter_cfg.c **** CY_CFG_UNUSED
  82:Generated_Source\PSoC4/cyfitter_cfg.c **** static void CYCONFIGCPY(void *dest, const void *src, size_t n)
  83:Generated_Source\PSoC4/cyfitter_cfg.c **** {
  63              		.loc 1 83 0
  64              		.cfi_startproc
  65              		@ args = 0, pretend = 0, frame = 16
  66              		@ frame_needed = 1, uses_anonymous_args = 0
  67 0000 80B5     		push	{r7, lr}
  68              		.cfi_def_cfa_offset 8
  69              		.cfi_offset 7, -8
  70              		.cfi_offset 14, -4
  71 0002 84B0     		sub	sp, sp, #16
  72              		.cfi_def_cfa_offset 24
  73 0004 00AF     		add	r7, sp, #0
  74              		.cfi_def_cfa_register 7
  75 0006 F860     		str	r0, [r7, #12]
  76 0008 B960     		str	r1, [r7, #8]
  77 000a 7A60     		str	r2, [r7, #4]
  84:Generated_Source\PSoC4/cyfitter_cfg.c **** 	(void)memcpy(dest, src, n);
  78              		.loc 1 84 0
  79 000c 7A68     		ldr	r2, [r7, #4]
  80 000e B968     		ldr	r1, [r7, #8]
  81 0010 FB68     		ldr	r3, [r7, #12]
  82 0012 1800     		movs	r0, r3
  83 0014 FFF7FEFF 		bl	memcpy
  85:Generated_Source\PSoC4/cyfitter_cfg.c **** }
  84              		.loc 1 85 0
  85 0018 C046     		nop
  86 001a BD46     		mov	sp, r7
ARM GAS  C:\Users\Lars\AppData\Local\Temp\cctsn7gg.s 			page 4


  87 001c 04B0     		add	sp, sp, #16
  88              		@ sp needed
  89 001e 80BD     		pop	{r7, pc}
  90              		.cfi_endproc
  91              	.LFE1:
  92              		.size	CYCONFIGCPY, .-CYCONFIGCPY
  93              		.section	.text.CYCONFIGCPYCODE,"ax",%progbits
  94              		.align	2
  95              		.code	16
  96              		.thumb_func
  97              		.type	CYCONFIGCPYCODE, %function
  98              	CYCONFIGCPYCODE:
  99              	.LFB2:
  86:Generated_Source\PSoC4/cyfitter_cfg.c **** CY_CFG_UNUSED
  87:Generated_Source\PSoC4/cyfitter_cfg.c **** static void CYCONFIGCPYCODE(void *dest, const void *src, size_t n);
  88:Generated_Source\PSoC4/cyfitter_cfg.c **** CY_CFG_UNUSED
  89:Generated_Source\PSoC4/cyfitter_cfg.c **** static void CYCONFIGCPYCODE(void *dest, const void *src, size_t n)
  90:Generated_Source\PSoC4/cyfitter_cfg.c **** {
 100              		.loc 1 90 0
 101              		.cfi_startproc
 102              		@ args = 0, pretend = 0, frame = 16
 103              		@ frame_needed = 1, uses_anonymous_args = 0
 104 0000 80B5     		push	{r7, lr}
 105              		.cfi_def_cfa_offset 8
 106              		.cfi_offset 7, -8
 107              		.cfi_offset 14, -4
 108 0002 84B0     		sub	sp, sp, #16
 109              		.cfi_def_cfa_offset 24
 110 0004 00AF     		add	r7, sp, #0
 111              		.cfi_def_cfa_register 7
 112 0006 F860     		str	r0, [r7, #12]
 113 0008 B960     		str	r1, [r7, #8]
 114 000a 7A60     		str	r2, [r7, #4]
  91:Generated_Source\PSoC4/cyfitter_cfg.c **** 	(void)memcpy(dest, src, n);
 115              		.loc 1 91 0
 116 000c 7A68     		ldr	r2, [r7, #4]
 117 000e B968     		ldr	r1, [r7, #8]
 118 0010 FB68     		ldr	r3, [r7, #12]
 119 0012 1800     		movs	r0, r3
 120 0014 FFF7FEFF 		bl	memcpy
  92:Generated_Source\PSoC4/cyfitter_cfg.c **** }
 121              		.loc 1 92 0
 122 0018 C046     		nop
 123 001a BD46     		mov	sp, r7
 124 001c 04B0     		add	sp, sp, #16
 125              		@ sp needed
 126 001e 80BD     		pop	{r7, pc}
 127              		.cfi_endproc
 128              	.LFE2:
 129              		.size	CYCONFIGCPYCODE, .-CYCONFIGCPYCODE
 130              		.section	.text.cfg_write_bytes32,"ax",%progbits
 131              		.align	2
 132              		.code	16
 133              		.thumb_func
 134              		.type	cfg_write_bytes32, %function
 135              	cfg_write_bytes32:
 136              	.LFB3:
ARM GAS  C:\Users\Lars\AppData\Local\Temp\cctsn7gg.s 			page 5


  93:Generated_Source\PSoC4/cyfitter_cfg.c **** 
  94:Generated_Source\PSoC4/cyfitter_cfg.c **** 
  95:Generated_Source\PSoC4/cyfitter_cfg.c **** 
  96:Generated_Source\PSoC4/cyfitter_cfg.c **** 
  97:Generated_Source\PSoC4/cyfitter_cfg.c **** /* Clock startup error codes                                                   */
  98:Generated_Source\PSoC4/cyfitter_cfg.c **** #define CYCLOCKSTART_NO_ERROR    0u
  99:Generated_Source\PSoC4/cyfitter_cfg.c **** #define CYCLOCKSTART_XTAL_ERROR  1u
 100:Generated_Source\PSoC4/cyfitter_cfg.c **** #define CYCLOCKSTART_32KHZ_ERROR 2u
 101:Generated_Source\PSoC4/cyfitter_cfg.c **** #define CYCLOCKSTART_PLL_ERROR   3u
 102:Generated_Source\PSoC4/cyfitter_cfg.c **** #define CYCLOCKSTART_FLL_ERROR   4u
 103:Generated_Source\PSoC4/cyfitter_cfg.c **** #define CYCLOCKSTART_WCO_ERROR   5u
 104:Generated_Source\PSoC4/cyfitter_cfg.c **** 
 105:Generated_Source\PSoC4/cyfitter_cfg.c **** 
 106:Generated_Source\PSoC4/cyfitter_cfg.c **** #ifdef CY_NEED_CYCLOCKSTARTUPERROR
 107:Generated_Source\PSoC4/cyfitter_cfg.c **** /*******************************************************************************
 108:Generated_Source\PSoC4/cyfitter_cfg.c **** * Function Name: CyClockStartupError
 109:Generated_Source\PSoC4/cyfitter_cfg.c **** ********************************************************************************
 110:Generated_Source\PSoC4/cyfitter_cfg.c **** * Summary:
 111:Generated_Source\PSoC4/cyfitter_cfg.c **** *  If an error is encountered during clock configuration (crystal startup error,
 112:Generated_Source\PSoC4/cyfitter_cfg.c **** *  PLL lock error, etc.), the system will end up here.  Unless reimplemented by
 113:Generated_Source\PSoC4/cyfitter_cfg.c **** *  the customer, this function will stop in an infinite loop.
 114:Generated_Source\PSoC4/cyfitter_cfg.c **** *
 115:Generated_Source\PSoC4/cyfitter_cfg.c **** * Parameters:
 116:Generated_Source\PSoC4/cyfitter_cfg.c **** *   void
 117:Generated_Source\PSoC4/cyfitter_cfg.c **** *
 118:Generated_Source\PSoC4/cyfitter_cfg.c **** * Return:
 119:Generated_Source\PSoC4/cyfitter_cfg.c **** *   void
 120:Generated_Source\PSoC4/cyfitter_cfg.c **** *
 121:Generated_Source\PSoC4/cyfitter_cfg.c **** *******************************************************************************/
 122:Generated_Source\PSoC4/cyfitter_cfg.c **** CY_CFG_UNUSED
 123:Generated_Source\PSoC4/cyfitter_cfg.c **** static void CyClockStartupError(uint8 errorCode);
 124:Generated_Source\PSoC4/cyfitter_cfg.c **** CY_CFG_UNUSED
 125:Generated_Source\PSoC4/cyfitter_cfg.c **** static void CyClockStartupError(uint8 errorCode)
 126:Generated_Source\PSoC4/cyfitter_cfg.c **** {
 127:Generated_Source\PSoC4/cyfitter_cfg.c ****     /* To remove the compiler warning if errorCode not used.                */
 128:Generated_Source\PSoC4/cyfitter_cfg.c ****     errorCode = errorCode;
 129:Generated_Source\PSoC4/cyfitter_cfg.c **** 
 130:Generated_Source\PSoC4/cyfitter_cfg.c ****     /* If we have a clock startup error (bad MHz crystal, PLL lock, etc.),  */
 131:Generated_Source\PSoC4/cyfitter_cfg.c ****     /* we will end up here to allow the customer to implement something to  */
 132:Generated_Source\PSoC4/cyfitter_cfg.c ****     /* deal with the clock condition.                                       */
 133:Generated_Source\PSoC4/cyfitter_cfg.c **** 
 134:Generated_Source\PSoC4/cyfitter_cfg.c **** #ifdef CY_CFG_CLOCK_STARTUP_ERROR_CALLBACK
 135:Generated_Source\PSoC4/cyfitter_cfg.c ****     CY_CFG_Clock_Startup_ErrorCallback();
 136:Generated_Source\PSoC4/cyfitter_cfg.c **** #else
 137:Generated_Source\PSoC4/cyfitter_cfg.c ****     /*  If not using CY_CFG_CLOCK_STARTUP_ERROR_CALLBACK, place your clock startup code here. */
 138:Generated_Source\PSoC4/cyfitter_cfg.c ****     /* `#START CyClockStartupError` */
 139:Generated_Source\PSoC4/cyfitter_cfg.c **** 
 140:Generated_Source\PSoC4/cyfitter_cfg.c **** 
 141:Generated_Source\PSoC4/cyfitter_cfg.c **** 
 142:Generated_Source\PSoC4/cyfitter_cfg.c ****     /* `#END` */
 143:Generated_Source\PSoC4/cyfitter_cfg.c **** 
 144:Generated_Source\PSoC4/cyfitter_cfg.c ****     while(1) {}
 145:Generated_Source\PSoC4/cyfitter_cfg.c **** #endif /* CY_CFG_CLOCK_STARTUP_ERROR_CALLBACK */
 146:Generated_Source\PSoC4/cyfitter_cfg.c **** }
 147:Generated_Source\PSoC4/cyfitter_cfg.c **** #endif
 148:Generated_Source\PSoC4/cyfitter_cfg.c **** 
 149:Generated_Source\PSoC4/cyfitter_cfg.c **** #define CY_CFG_BASE_ADDR_COUNT 7u
ARM GAS  C:\Users\Lars\AppData\Local\Temp\cctsn7gg.s 			page 6


 150:Generated_Source\PSoC4/cyfitter_cfg.c **** CYPACKED typedef struct
 151:Generated_Source\PSoC4/cyfitter_cfg.c **** {
 152:Generated_Source\PSoC4/cyfitter_cfg.c **** 	uint8 offset;
 153:Generated_Source\PSoC4/cyfitter_cfg.c **** 	uint8 value;
 154:Generated_Source\PSoC4/cyfitter_cfg.c **** } CYPACKED_ATTR cy_cfg_addrvalue_t;
 155:Generated_Source\PSoC4/cyfitter_cfg.c **** 
 156:Generated_Source\PSoC4/cyfitter_cfg.c **** 
 157:Generated_Source\PSoC4/cyfitter_cfg.c **** 
 158:Generated_Source\PSoC4/cyfitter_cfg.c **** /*******************************************************************************
 159:Generated_Source\PSoC4/cyfitter_cfg.c **** * Function Name: cfg_write_bytes32
 160:Generated_Source\PSoC4/cyfitter_cfg.c **** ********************************************************************************
 161:Generated_Source\PSoC4/cyfitter_cfg.c **** * Summary:
 162:Generated_Source\PSoC4/cyfitter_cfg.c **** *  This function is used for setting up the chip configuration areas that
 163:Generated_Source\PSoC4/cyfitter_cfg.c **** *  contain relatively sparse data.
 164:Generated_Source\PSoC4/cyfitter_cfg.c **** *
 165:Generated_Source\PSoC4/cyfitter_cfg.c **** * Parameters:
 166:Generated_Source\PSoC4/cyfitter_cfg.c **** *   void
 167:Generated_Source\PSoC4/cyfitter_cfg.c **** *
 168:Generated_Source\PSoC4/cyfitter_cfg.c **** * Return:
 169:Generated_Source\PSoC4/cyfitter_cfg.c **** *   void
 170:Generated_Source\PSoC4/cyfitter_cfg.c **** *
 171:Generated_Source\PSoC4/cyfitter_cfg.c **** *******************************************************************************/
 172:Generated_Source\PSoC4/cyfitter_cfg.c **** static void cfg_write_bytes32(const uint32 addr_table[], const cy_cfg_addrvalue_t data_table[]);
 173:Generated_Source\PSoC4/cyfitter_cfg.c **** static void cfg_write_bytes32(const uint32 addr_table[], const cy_cfg_addrvalue_t data_table[])
 174:Generated_Source\PSoC4/cyfitter_cfg.c **** {
 137              		.loc 1 174 0
 138              		.cfi_startproc
 139              		@ args = 0, pretend = 0, frame = 24
 140              		@ frame_needed = 1, uses_anonymous_args = 0
 141 0000 80B5     		push	{r7, lr}
 142              		.cfi_def_cfa_offset 8
 143              		.cfi_offset 7, -8
 144              		.cfi_offset 14, -4
 145 0002 86B0     		sub	sp, sp, #24
 146              		.cfi_def_cfa_offset 32
 147 0004 00AF     		add	r7, sp, #0
 148              		.cfi_def_cfa_register 7
 149 0006 7860     		str	r0, [r7, #4]
 150 0008 3960     		str	r1, [r7]
 175:Generated_Source\PSoC4/cyfitter_cfg.c **** 	/* For 32-bit little-endian architectures */
 176:Generated_Source\PSoC4/cyfitter_cfg.c **** 	uint32 i, j = 0u;
 151              		.loc 1 176 0
 152 000a 0023     		movs	r3, #0
 153 000c 3B61     		str	r3, [r7, #16]
 177:Generated_Source\PSoC4/cyfitter_cfg.c **** 	for (i = 0u; i < CY_CFG_BASE_ADDR_COUNT; i++)
 154              		.loc 1 177 0
 155 000e 0023     		movs	r3, #0
 156 0010 7B61     		str	r3, [r7, #20]
 157 0012 2FE0     		b	.L5
 158              	.L8:
 159              	.LBB2:
 178:Generated_Source\PSoC4/cyfitter_cfg.c **** 	{
 179:Generated_Source\PSoC4/cyfitter_cfg.c **** 		uint32 baseAddr = addr_table[i];
 160              		.loc 1 179 0
 161 0014 7B69     		ldr	r3, [r7, #20]
 162 0016 9B00     		lsls	r3, r3, #2
 163 0018 7A68     		ldr	r2, [r7, #4]
ARM GAS  C:\Users\Lars\AppData\Local\Temp\cctsn7gg.s 			page 7


 164 001a D318     		adds	r3, r2, r3
 165 001c 1B68     		ldr	r3, [r3]
 166 001e BB60     		str	r3, [r7, #8]
 180:Generated_Source\PSoC4/cyfitter_cfg.c **** 		uint8 count = (uint8)baseAddr;
 167              		.loc 1 180 0
 168 0020 0F23     		movs	r3, #15
 169 0022 FB18     		adds	r3, r7, r3
 170 0024 BA68     		ldr	r2, [r7, #8]
 171 0026 1A70     		strb	r2, [r3]
 181:Generated_Source\PSoC4/cyfitter_cfg.c **** 		baseAddr &= 0xFFFFFF00u;
 172              		.loc 1 181 0
 173 0028 BB68     		ldr	r3, [r7, #8]
 174 002a FF22     		movs	r2, #255
 175 002c 9343     		bics	r3, r2
 176 002e BB60     		str	r3, [r7, #8]
 182:Generated_Source\PSoC4/cyfitter_cfg.c **** 		while (count != 0u)
 177              		.loc 1 182 0
 178 0030 18E0     		b	.L6
 179              	.L7:
 183:Generated_Source\PSoC4/cyfitter_cfg.c **** 		{
 184:Generated_Source\PSoC4/cyfitter_cfg.c **** 			CY_SET_REG8((void *)(baseAddr + data_table[j].offset), data_table[j].value);
 180              		.loc 1 184 0
 181 0032 3B69     		ldr	r3, [r7, #16]
 182 0034 5B00     		lsls	r3, r3, #1
 183 0036 3A68     		ldr	r2, [r7]
 184 0038 D318     		adds	r3, r2, r3
 185 003a 1B78     		ldrb	r3, [r3]
 186 003c 1A00     		movs	r2, r3
 187 003e BB68     		ldr	r3, [r7, #8]
 188 0040 D318     		adds	r3, r2, r3
 189 0042 1900     		movs	r1, r3
 190 0044 3B69     		ldr	r3, [r7, #16]
 191 0046 5B00     		lsls	r3, r3, #1
 192 0048 3A68     		ldr	r2, [r7]
 193 004a D318     		adds	r3, r2, r3
 194 004c 5B78     		ldrb	r3, [r3, #1]
 195 004e 0B70     		strb	r3, [r1]
 185:Generated_Source\PSoC4/cyfitter_cfg.c **** 			j++;
 196              		.loc 1 185 0
 197 0050 3B69     		ldr	r3, [r7, #16]
 198 0052 0133     		adds	r3, r3, #1
 199 0054 3B61     		str	r3, [r7, #16]
 186:Generated_Source\PSoC4/cyfitter_cfg.c **** 			count--;
 200              		.loc 1 186 0
 201 0056 0F23     		movs	r3, #15
 202 0058 FB18     		adds	r3, r7, r3
 203 005a 1A78     		ldrb	r2, [r3]
 204 005c 0F23     		movs	r3, #15
 205 005e FB18     		adds	r3, r7, r3
 206 0060 013A     		subs	r2, r2, #1
 207 0062 1A70     		strb	r2, [r3]
 208              	.L6:
 182:Generated_Source\PSoC4/cyfitter_cfg.c **** 		{
 209              		.loc 1 182 0
 210 0064 0F23     		movs	r3, #15
 211 0066 FB18     		adds	r3, r7, r3
 212 0068 1B78     		ldrb	r3, [r3]
ARM GAS  C:\Users\Lars\AppData\Local\Temp\cctsn7gg.s 			page 8


 213 006a 002B     		cmp	r3, #0
 214 006c E1D1     		bne	.L7
 215              	.LBE2:
 177:Generated_Source\PSoC4/cyfitter_cfg.c **** 	{
 216              		.loc 1 177 0 discriminator 2
 217 006e 7B69     		ldr	r3, [r7, #20]
 218 0070 0133     		adds	r3, r3, #1
 219 0072 7B61     		str	r3, [r7, #20]
 220              	.L5:
 177:Generated_Source\PSoC4/cyfitter_cfg.c **** 	{
 221              		.loc 1 177 0 is_stmt 0 discriminator 1
 222 0074 7B69     		ldr	r3, [r7, #20]
 223 0076 062B     		cmp	r3, #6
 224 0078 CCD9     		bls	.L8
 187:Generated_Source\PSoC4/cyfitter_cfg.c **** 		}
 188:Generated_Source\PSoC4/cyfitter_cfg.c **** 	}
 189:Generated_Source\PSoC4/cyfitter_cfg.c **** }
 225              		.loc 1 189 0 is_stmt 1
 226 007a C046     		nop
 227 007c BD46     		mov	sp, r7
 228 007e 06B0     		add	sp, sp, #24
 229              		@ sp needed
 230 0080 80BD     		pop	{r7, pc}
 231              		.cfi_endproc
 232              	.LFE3:
 233              		.size	cfg_write_bytes32, .-cfg_write_bytes32
 234 0082 C046     		.section	.psocinit,"ax",%progbits
 235              		.align	2
 236              		.code	16
 237              		.thumb_func
 238              		.type	ClockSetup, %function
 239              	ClockSetup:
 240              	.LFB4:
 190:Generated_Source\PSoC4/cyfitter_cfg.c **** 
 191:Generated_Source\PSoC4/cyfitter_cfg.c **** 
 192:Generated_Source\PSoC4/cyfitter_cfg.c **** /*******************************************************************************
 193:Generated_Source\PSoC4/cyfitter_cfg.c **** * Function Name: ClockSetup
 194:Generated_Source\PSoC4/cyfitter_cfg.c **** ********************************************************************************
 195:Generated_Source\PSoC4/cyfitter_cfg.c **** *
 196:Generated_Source\PSoC4/cyfitter_cfg.c **** * Summary:
 197:Generated_Source\PSoC4/cyfitter_cfg.c **** *   Performs the initialization of all of the clocks in the device based on the
 198:Generated_Source\PSoC4/cyfitter_cfg.c **** *   settings in the Clock tab of the DWR.  This includes enabling the requested
 199:Generated_Source\PSoC4/cyfitter_cfg.c **** *   clocks and setting the necessary dividers to produce the desired frequency. 
 200:Generated_Source\PSoC4/cyfitter_cfg.c **** *
 201:Generated_Source\PSoC4/cyfitter_cfg.c **** * Parameters:
 202:Generated_Source\PSoC4/cyfitter_cfg.c **** *   void
 203:Generated_Source\PSoC4/cyfitter_cfg.c **** *
 204:Generated_Source\PSoC4/cyfitter_cfg.c **** * Return:
 205:Generated_Source\PSoC4/cyfitter_cfg.c **** *   void
 206:Generated_Source\PSoC4/cyfitter_cfg.c **** *
 207:Generated_Source\PSoC4/cyfitter_cfg.c **** *******************************************************************************/
 208:Generated_Source\PSoC4/cyfitter_cfg.c **** static void ClockSetup(void);
 209:Generated_Source\PSoC4/cyfitter_cfg.c **** CY_CFG_SECTION
 210:Generated_Source\PSoC4/cyfitter_cfg.c **** static void ClockSetup(void)
 211:Generated_Source\PSoC4/cyfitter_cfg.c **** {
 241              		.loc 1 211 0
 242              		.cfi_startproc
ARM GAS  C:\Users\Lars\AppData\Local\Temp\cctsn7gg.s 			page 9


 243              		@ args = 0, pretend = 0, frame = 0
 244              		@ frame_needed = 1, uses_anonymous_args = 0
 245 0000 80B5     		push	{r7, lr}
 246              		.cfi_def_cfa_offset 8
 247              		.cfi_offset 7, -8
 248              		.cfi_offset 14, -4
 249 0002 00AF     		add	r7, sp, #0
 250              		.cfi_def_cfa_register 7
 212:Generated_Source\PSoC4/cyfitter_cfg.c **** 	/* Enable HALF_EN before trimming for the flash accelerator. */
 213:Generated_Source\PSoC4/cyfitter_cfg.c **** 	CY_SET_REG32((void CYXDATA *)(CYREG_CLK_SELECT), (CY_GET_REG32((void *)CYREG_CLK_SELECT) | 0x00040
 251              		.loc 1 213 0
 252 0004 0F4B     		ldr	r3, .L10
 253 0006 0F4A     		ldr	r2, .L10
 254 0008 1268     		ldr	r2, [r2]
 255 000a 8021     		movs	r1, #128
 256 000c C902     		lsls	r1, r1, #11
 257 000e 0A43     		orrs	r2, r1
 258 0010 1A60     		str	r2, [r3]
 214:Generated_Source\PSoC4/cyfitter_cfg.c **** 
 215:Generated_Source\PSoC4/cyfitter_cfg.c **** 	/* Setup and trim IMO based on desired frequency. */
 216:Generated_Source\PSoC4/cyfitter_cfg.c **** 	CySysClkWriteImoFreq(24u);
 259              		.loc 1 216 0
 260 0012 1820     		movs	r0, #24
 261 0014 FFF7FEFF 		bl	CySysClkWriteImoFreq
 217:Generated_Source\PSoC4/cyfitter_cfg.c **** 
 218:Generated_Source\PSoC4/cyfitter_cfg.c **** 	/* Disable HALF_EN since it is not required at this IMO frequency. */
 219:Generated_Source\PSoC4/cyfitter_cfg.c **** 	CY_SET_REG32((void CYXDATA *)(CYREG_CLK_SELECT), (CY_GET_REG32((void *)CYREG_CLK_SELECT) & 0xFFFBF
 262              		.loc 1 219 0
 263 0018 0A4B     		ldr	r3, .L10
 264 001a 0A4A     		ldr	r2, .L10
 265 001c 1268     		ldr	r2, [r2]
 266 001e 0A49     		ldr	r1, .L10+4
 267 0020 0A40     		ands	r2, r1
 268 0022 1A60     		str	r2, [r3]
 220:Generated_Source\PSoC4/cyfitter_cfg.c **** 	/* CYDEV_CLK_ILO_CONFIG Starting address: CYDEV_CLK_ILO_CONFIG */
 221:Generated_Source\PSoC4/cyfitter_cfg.c **** 	CY_SET_REG32((void *)(CYREG_CLK_ILO_CONFIG), 0x80000006u);
 269              		.loc 1 221 0
 270 0024 094B     		ldr	r3, .L10+8
 271 0026 0A4A     		ldr	r2, .L10+12
 272 0028 1A60     		str	r2, [r3]
 222:Generated_Source\PSoC4/cyfitter_cfg.c **** 
 223:Generated_Source\PSoC4/cyfitter_cfg.c **** 
 224:Generated_Source\PSoC4/cyfitter_cfg.c **** 	/* CYDEV_CLK_IMO_CONFIG Starting address: CYDEV_CLK_IMO_CONFIG */
 225:Generated_Source\PSoC4/cyfitter_cfg.c **** 	CY_SET_REG32((void *)(CYREG_CLK_IMO_CONFIG), 0x80000000u);
 273              		.loc 1 225 0
 274 002a 0A4B     		ldr	r3, .L10+16
 275 002c 8022     		movs	r2, #128
 276 002e 1206     		lsls	r2, r2, #24
 277 0030 1A60     		str	r2, [r3]
 226:Generated_Source\PSoC4/cyfitter_cfg.c **** 
 227:Generated_Source\PSoC4/cyfitter_cfg.c **** 	/* CYDEV_CLK_SELECT Starting address: CYDEV_CLK_SELECT */
 228:Generated_Source\PSoC4/cyfitter_cfg.c **** 	CY_SET_REG32((void *)(CYREG_CLK_SELECT), 0x00000000u);
 278              		.loc 1 228 0
 279 0032 044B     		ldr	r3, .L10
 280 0034 0022     		movs	r2, #0
 281 0036 1A60     		str	r2, [r3]
 229:Generated_Source\PSoC4/cyfitter_cfg.c **** 
ARM GAS  C:\Users\Lars\AppData\Local\Temp\cctsn7gg.s 			page 10


 230:Generated_Source\PSoC4/cyfitter_cfg.c **** 	CY_SET_REG32((void *)(CYREG_WDT_CONFIG), 0x00000000u);
 282              		.loc 1 230 0
 283 0038 074B     		ldr	r3, .L10+20
 284 003a 0022     		movs	r2, #0
 285 003c 1A60     		str	r2, [r3]
 231:Generated_Source\PSoC4/cyfitter_cfg.c **** }
 286              		.loc 1 231 0
 287 003e C046     		nop
 288 0040 BD46     		mov	sp, r7
 289              		@ sp needed
 290 0042 80BD     		pop	{r7, pc}
 291              	.L11:
 292              		.align	2
 293              	.L10:
 294 0044 00010B40 		.word	1074462976
 295 0048 FFFFFBFF 		.word	-262145
 296 004c 04010B40 		.word	1074462980
 297 0050 06000080 		.word	-2147483642
 298 0054 08010B40 		.word	1074462984
 299 0058 0C020B40 		.word	1074463244
 300              		.cfi_endproc
 301              	.LFE4:
 302              		.size	ClockSetup, .-ClockSetup
 303              		.section	.text.AnalogSetDefault,"ax",%progbits
 304              		.align	2
 305              		.code	16
 306              		.thumb_func
 307              		.type	AnalogSetDefault, %function
 308              	AnalogSetDefault:
 309              	.LFB5:
 232:Generated_Source\PSoC4/cyfitter_cfg.c **** 
 233:Generated_Source\PSoC4/cyfitter_cfg.c **** 
 234:Generated_Source\PSoC4/cyfitter_cfg.c **** /* Analog API Functions */
 235:Generated_Source\PSoC4/cyfitter_cfg.c **** 
 236:Generated_Source\PSoC4/cyfitter_cfg.c **** 
 237:Generated_Source\PSoC4/cyfitter_cfg.c **** /*******************************************************************************
 238:Generated_Source\PSoC4/cyfitter_cfg.c **** * Function Name: AnalogSetDefault
 239:Generated_Source\PSoC4/cyfitter_cfg.c **** ********************************************************************************
 240:Generated_Source\PSoC4/cyfitter_cfg.c **** *
 241:Generated_Source\PSoC4/cyfitter_cfg.c **** * Summary:
 242:Generated_Source\PSoC4/cyfitter_cfg.c **** *  Sets up the analog portions of the chip to default values based on chip
 243:Generated_Source\PSoC4/cyfitter_cfg.c **** *  configuration options from the project.
 244:Generated_Source\PSoC4/cyfitter_cfg.c **** *
 245:Generated_Source\PSoC4/cyfitter_cfg.c **** * Parameters:
 246:Generated_Source\PSoC4/cyfitter_cfg.c **** *  void
 247:Generated_Source\PSoC4/cyfitter_cfg.c **** *
 248:Generated_Source\PSoC4/cyfitter_cfg.c **** * Return:
 249:Generated_Source\PSoC4/cyfitter_cfg.c **** *  void
 250:Generated_Source\PSoC4/cyfitter_cfg.c **** *
 251:Generated_Source\PSoC4/cyfitter_cfg.c **** *******************************************************************************/
 252:Generated_Source\PSoC4/cyfitter_cfg.c **** static void AnalogSetDefault(void);
 253:Generated_Source\PSoC4/cyfitter_cfg.c **** static void AnalogSetDefault(void)
 254:Generated_Source\PSoC4/cyfitter_cfg.c **** {
 310              		.loc 1 254 0
 311              		.cfi_startproc
 312              		@ args = 0, pretend = 0, frame = 0
 313              		@ frame_needed = 1, uses_anonymous_args = 0
ARM GAS  C:\Users\Lars\AppData\Local\Temp\cctsn7gg.s 			page 11


 314 0000 80B5     		push	{r7, lr}
 315              		.cfi_def_cfa_offset 8
 316              		.cfi_offset 7, -8
 317              		.cfi_offset 14, -4
 318 0002 00AF     		add	r7, sp, #0
 319              		.cfi_def_cfa_register 7
 255:Generated_Source\PSoC4/cyfitter_cfg.c **** }
 320              		.loc 1 255 0
 321 0004 C046     		nop
 322 0006 BD46     		mov	sp, r7
 323              		@ sp needed
 324 0008 80BD     		pop	{r7, pc}
 325              		.cfi_endproc
 326              	.LFE5:
 327              		.size	AnalogSetDefault, .-AnalogSetDefault
 328 000a C046     		.section	.psocinit
 329              		.align	2
 330              		.global	cyfitter_cfg
 331              		.code	16
 332              		.thumb_func
 333              		.type	cyfitter_cfg, %function
 334              	cyfitter_cfg:
 335              	.LFB6:
 256:Generated_Source\PSoC4/cyfitter_cfg.c **** 
 257:Generated_Source\PSoC4/cyfitter_cfg.c **** 
 258:Generated_Source\PSoC4/cyfitter_cfg.c **** 
 259:Generated_Source\PSoC4/cyfitter_cfg.c **** 
 260:Generated_Source\PSoC4/cyfitter_cfg.c **** /*******************************************************************************
 261:Generated_Source\PSoC4/cyfitter_cfg.c **** * Function Name: cyfitter_cfg
 262:Generated_Source\PSoC4/cyfitter_cfg.c **** ********************************************************************************
 263:Generated_Source\PSoC4/cyfitter_cfg.c **** * Summary:
 264:Generated_Source\PSoC4/cyfitter_cfg.c **** *  This function is called by the start-up code for the selected device. It
 265:Generated_Source\PSoC4/cyfitter_cfg.c **** *  performs all of the necessary device configuration based on the design
 266:Generated_Source\PSoC4/cyfitter_cfg.c **** *  settings.  This includes settings from the Design Wide Resources (DWR) such
 267:Generated_Source\PSoC4/cyfitter_cfg.c **** *  as Clocks and Pins as well as any component configuration that is necessary.
 268:Generated_Source\PSoC4/cyfitter_cfg.c **** *
 269:Generated_Source\PSoC4/cyfitter_cfg.c **** * Parameters:
 270:Generated_Source\PSoC4/cyfitter_cfg.c **** *   void
 271:Generated_Source\PSoC4/cyfitter_cfg.c **** *
 272:Generated_Source\PSoC4/cyfitter_cfg.c **** * Return:
 273:Generated_Source\PSoC4/cyfitter_cfg.c **** *   void
 274:Generated_Source\PSoC4/cyfitter_cfg.c **** *
 275:Generated_Source\PSoC4/cyfitter_cfg.c **** *******************************************************************************/
 276:Generated_Source\PSoC4/cyfitter_cfg.c **** CY_CFG_SECTION
 277:Generated_Source\PSoC4/cyfitter_cfg.c **** void cyfitter_cfg(void)
 278:Generated_Source\PSoC4/cyfitter_cfg.c **** {
 336              		.loc 1 278 0
 337              		.cfi_startproc
 338              		@ args = 0, pretend = 0, frame = 8
 339              		@ frame_needed = 1, uses_anonymous_args = 0
 340 005c 80B5     		push	{r7, lr}
 341              		.cfi_def_cfa_offset 8
 342              		.cfi_offset 7, -8
 343              		.cfi_offset 14, -4
 344 005e 82B0     		sub	sp, sp, #8
 345              		.cfi_def_cfa_offset 16
 346 0060 00AF     		add	r7, sp, #0
ARM GAS  C:\Users\Lars\AppData\Local\Temp\cctsn7gg.s 			page 12


 347              		.cfi_def_cfa_register 7
 279:Generated_Source\PSoC4/cyfitter_cfg.c **** 	/* Disable interrupts by default. Let user enable if/when they want. */
 280:Generated_Source\PSoC4/cyfitter_cfg.c **** 	CyGlobalIntDisable;
 348              		.loc 1 280 0
 349              		.syntax divided
 350              	@ 280 "Generated_Source\PSoC4\cyfitter_cfg.c" 1
 351 0062 72B6     		CPSID   i
 352              	@ 0 "" 2
 353              		.thumb
 354              		.syntax unified
 355              	.LBB3:
 281:Generated_Source\PSoC4/cyfitter_cfg.c **** 
 282:Generated_Source\PSoC4/cyfitter_cfg.c **** 	{
 283:Generated_Source\PSoC4/cyfitter_cfg.c **** 		static const uint32 CYCODE cy_cfg_addr_table[] = {
 284:Generated_Source\PSoC4/cyfitter_cfg.c **** 			0x400F3004u, /* Base address: 0x400F3000 Count: 4 */
 285:Generated_Source\PSoC4/cyfitter_cfg.c **** 			0x400F3102u, /* Base address: 0x400F3100 Count: 2 */
 286:Generated_Source\PSoC4/cyfitter_cfg.c **** 			0x400F3302u, /* Base address: 0x400F3300 Count: 2 */
 287:Generated_Source\PSoC4/cyfitter_cfg.c **** 			0x400F4002u, /* Base address: 0x400F4000 Count: 2 */
 288:Generated_Source\PSoC4/cyfitter_cfg.c **** 			0x400F4102u, /* Base address: 0x400F4100 Count: 2 */
 289:Generated_Source\PSoC4/cyfitter_cfg.c **** 			0x400F4202u, /* Base address: 0x400F4200 Count: 2 */
 290:Generated_Source\PSoC4/cyfitter_cfg.c **** 			0x400F4302u, /* Base address: 0x400F4300 Count: 2 */
 291:Generated_Source\PSoC4/cyfitter_cfg.c **** 		};
 292:Generated_Source\PSoC4/cyfitter_cfg.c **** 
 293:Generated_Source\PSoC4/cyfitter_cfg.c **** 		static const cy_cfg_addrvalue_t CYCODE cy_cfg_data_table[] = {
 294:Generated_Source\PSoC4/cyfitter_cfg.c **** 			{0x38u, 0x88u},
 295:Generated_Source\PSoC4/cyfitter_cfg.c **** 			{0x3Eu, 0x44u},
 296:Generated_Source\PSoC4/cyfitter_cfg.c **** 			{0x58u, 0x04u},
 297:Generated_Source\PSoC4/cyfitter_cfg.c **** 			{0x5Fu, 0x01u},
 298:Generated_Source\PSoC4/cyfitter_cfg.c **** 			{0x18u, 0x01u},
 299:Generated_Source\PSoC4/cyfitter_cfg.c **** 			{0x1Bu, 0x04u},
 300:Generated_Source\PSoC4/cyfitter_cfg.c **** 			{0xABu, 0x04u},
 301:Generated_Source\PSoC4/cyfitter_cfg.c **** 			{0xB4u, 0x01u},
 302:Generated_Source\PSoC4/cyfitter_cfg.c **** 			{0x57u, 0x20u},
 303:Generated_Source\PSoC4/cyfitter_cfg.c **** 			{0xD4u, 0x40u},
 304:Generated_Source\PSoC4/cyfitter_cfg.c **** 			{0xABu, 0x20u},
 305:Generated_Source\PSoC4/cyfitter_cfg.c **** 			{0xEEu, 0x20u},
 306:Generated_Source\PSoC4/cyfitter_cfg.c **** 			{0x70u, 0x08u},
 307:Generated_Source\PSoC4/cyfitter_cfg.c **** 			{0xDCu, 0x01u},
 308:Generated_Source\PSoC4/cyfitter_cfg.c **** 			{0xB4u, 0x08u},
 309:Generated_Source\PSoC4/cyfitter_cfg.c **** 			{0xECu, 0x08u},
 310:Generated_Source\PSoC4/cyfitter_cfg.c **** 		};
 311:Generated_Source\PSoC4/cyfitter_cfg.c **** 
 312:Generated_Source\PSoC4/cyfitter_cfg.c **** 
 313:Generated_Source\PSoC4/cyfitter_cfg.c **** 
 314:Generated_Source\PSoC4/cyfitter_cfg.c **** 		CYPACKED typedef struct {
 315:Generated_Source\PSoC4/cyfitter_cfg.c **** 			void CYFAR *address;
 316:Generated_Source\PSoC4/cyfitter_cfg.c **** 			uint16 size;
 317:Generated_Source\PSoC4/cyfitter_cfg.c **** 		} CYPACKED_ATTR cfg_memset_t;
 318:Generated_Source\PSoC4/cyfitter_cfg.c **** 
 319:Generated_Source\PSoC4/cyfitter_cfg.c **** 		static const cfg_memset_t CYCODE cfg_memset_list[] = {
 320:Generated_Source\PSoC4/cyfitter_cfg.c **** 			/* address, size */
 321:Generated_Source\PSoC4/cyfitter_cfg.c **** 			{(void CYFAR *)(CYDEV_UDB_P0_U0_BASE), 1024u},
 322:Generated_Source\PSoC4/cyfitter_cfg.c **** 			{(void CYFAR *)(CYDEV_UDB_DSI0_BASE), 1024u},
 323:Generated_Source\PSoC4/cyfitter_cfg.c **** 		};
 324:Generated_Source\PSoC4/cyfitter_cfg.c **** 
 325:Generated_Source\PSoC4/cyfitter_cfg.c **** 		uint8 CYDATA i;
 326:Generated_Source\PSoC4/cyfitter_cfg.c **** 
ARM GAS  C:\Users\Lars\AppData\Local\Temp\cctsn7gg.s 			page 13


 327:Generated_Source\PSoC4/cyfitter_cfg.c **** 		/* Zero out critical memory blocks before beginning configuration */
 328:Generated_Source\PSoC4/cyfitter_cfg.c **** 		for (i = 0u; i < (sizeof(cfg_memset_list)/sizeof(cfg_memset_list[0])); i++)
 356              		.loc 1 328 0
 357 0064 FB1D     		adds	r3, r7, #7
 358 0066 0022     		movs	r2, #0
 359 0068 1A70     		strb	r2, [r3]
 360 006a 22E0     		b	.L14
 361              	.L15:
 362              	.LBB4:
 329:Generated_Source\PSoC4/cyfitter_cfg.c **** 		{
 330:Generated_Source\PSoC4/cyfitter_cfg.c **** 			const cfg_memset_t CYCODE * CYDATA ms = &cfg_memset_list[i];
 363              		.loc 1 330 0 discriminator 3
 364 006c FB1D     		adds	r3, r7, #7
 365 006e 1A78     		ldrb	r2, [r3]
 366 0070 1300     		movs	r3, r2
 367 0072 5B00     		lsls	r3, r3, #1
 368 0074 9B18     		adds	r3, r3, r2
 369 0076 5B00     		lsls	r3, r3, #1
 370 0078 314A     		ldr	r2, .L16
 371 007a 9B18     		adds	r3, r3, r2
 372 007c 3B60     		str	r3, [r7]
 331:Generated_Source\PSoC4/cyfitter_cfg.c **** 			CYMEMZERO(ms->address, (size_t)(uint32)(ms->size));
 373              		.loc 1 331 0 discriminator 3
 374 007e 3B68     		ldr	r3, [r7]
 375 0080 1A78     		ldrb	r2, [r3]
 376 0082 5978     		ldrb	r1, [r3, #1]
 377 0084 0902     		lsls	r1, r1, #8
 378 0086 0A43     		orrs	r2, r1
 379 0088 9978     		ldrb	r1, [r3, #2]
 380 008a 0904     		lsls	r1, r1, #16
 381 008c 0A43     		orrs	r2, r1
 382 008e DB78     		ldrb	r3, [r3, #3]
 383 0090 1B06     		lsls	r3, r3, #24
 384 0092 1343     		orrs	r3, r2
 385 0094 1800     		movs	r0, r3
 386 0096 3B68     		ldr	r3, [r7]
 387 0098 1A79     		ldrb	r2, [r3, #4]
 388 009a 5B79     		ldrb	r3, [r3, #5]
 389 009c 1B02     		lsls	r3, r3, #8
 390 009e 1343     		orrs	r3, r2
 391 00a0 9BB2     		uxth	r3, r3
 392 00a2 1900     		movs	r1, r3
 393 00a4 FFF7FEFF 		bl	CYMEMZERO
 394              	.LBE4:
 328:Generated_Source\PSoC4/cyfitter_cfg.c **** 		{
 395              		.loc 1 328 0 discriminator 3
 396 00a8 FB1D     		adds	r3, r7, #7
 397 00aa 1A78     		ldrb	r2, [r3]
 398 00ac FB1D     		adds	r3, r7, #7
 399 00ae 0132     		adds	r2, r2, #1
 400 00b0 1A70     		strb	r2, [r3]
 401              	.L14:
 328:Generated_Source\PSoC4/cyfitter_cfg.c **** 		{
 402              		.loc 1 328 0 is_stmt 0 discriminator 1
 403 00b2 FB1D     		adds	r3, r7, #7
 404 00b4 1B78     		ldrb	r3, [r3]
 405 00b6 012B     		cmp	r3, #1
ARM GAS  C:\Users\Lars\AppData\Local\Temp\cctsn7gg.s 			page 14


 406 00b8 D8D9     		bls	.L15
 332:Generated_Source\PSoC4/cyfitter_cfg.c **** 		}
 333:Generated_Source\PSoC4/cyfitter_cfg.c **** 
 334:Generated_Source\PSoC4/cyfitter_cfg.c **** 		cfg_write_bytes32(cy_cfg_addr_table, cy_cfg_data_table);
 407              		.loc 1 334 0 is_stmt 1
 408 00ba 224A     		ldr	r2, .L16+4
 409 00bc 224B     		ldr	r3, .L16+8
 410 00be 1100     		movs	r1, r2
 411 00c0 1800     		movs	r0, r3
 412 00c2 FFF7FEFF 		bl	cfg_write_bytes32
 335:Generated_Source\PSoC4/cyfitter_cfg.c **** 
 336:Generated_Source\PSoC4/cyfitter_cfg.c **** 		/* HSIOM Starting address: CYDEV_HSIOM_BASE */
 337:Generated_Source\PSoC4/cyfitter_cfg.c **** 		CY_SET_REG32((void *)(CYDEV_HSIOM_BASE), 0x00000007u);
 413              		.loc 1 337 0
 414 00c6 214B     		ldr	r3, .L16+12
 415 00c8 0722     		movs	r2, #7
 416 00ca 1A60     		str	r2, [r3]
 338:Generated_Source\PSoC4/cyfitter_cfg.c **** 		CY_SET_REG32((void *)(CYREG_HSIOM_PORT_SEL3), 0x0000EE00u);
 417              		.loc 1 338 0
 418 00cc 204B     		ldr	r3, .L16+16
 419 00ce EE22     		movs	r2, #238
 420 00d0 1202     		lsls	r2, r2, #8
 421 00d2 1A60     		str	r2, [r3]
 339:Generated_Source\PSoC4/cyfitter_cfg.c **** 
 340:Generated_Source\PSoC4/cyfitter_cfg.c **** 		/* UDB_PA_0 Starting address: CYDEV_UDB_PA0_BASE */
 341:Generated_Source\PSoC4/cyfitter_cfg.c **** 		CY_SET_REG32((void *)(CYDEV_UDB_PA0_BASE), 0x00990000u);
 422              		.loc 1 341 0
 423 00d4 1F4B     		ldr	r3, .L16+20
 424 00d6 9922     		movs	r2, #153
 425 00d8 1204     		lsls	r2, r2, #16
 426 00da 1A60     		str	r2, [r3]
 342:Generated_Source\PSoC4/cyfitter_cfg.c **** 		CY_SET_REG32((void *)(CYREG_UDB_PA0_CFG8), 0x00010000u);
 427              		.loc 1 342 0
 428 00dc 1E4B     		ldr	r3, .L16+24
 429 00de 8022     		movs	r2, #128
 430 00e0 5202     		lsls	r2, r2, #9
 431 00e2 1A60     		str	r2, [r3]
 343:Generated_Source\PSoC4/cyfitter_cfg.c **** 
 344:Generated_Source\PSoC4/cyfitter_cfg.c **** 		/* UDB_PA_3 Starting address: CYDEV_UDB_PA3_BASE */
 345:Generated_Source\PSoC4/cyfitter_cfg.c **** 		CY_SET_REG32((void *)(CYDEV_UDB_PA3_BASE), 0x00990000u);
 432              		.loc 1 345 0
 433 00e4 1D4B     		ldr	r3, .L16+28
 434 00e6 9922     		movs	r2, #153
 435 00e8 1204     		lsls	r2, r2, #16
 436 00ea 1A60     		str	r2, [r3]
 346:Generated_Source\PSoC4/cyfitter_cfg.c **** 
 347:Generated_Source\PSoC4/cyfitter_cfg.c **** 		/* Enable UDB array and digital routing */
 348:Generated_Source\PSoC4/cyfitter_cfg.c **** 		CY_SET_XTND_REG8((void *)CYREG_UDB_UDBIF_WAIT_CFG, (uint8)((CY_GET_XTND_REG8((void *)CYREG_UDB_UD
 437              		.loc 1 348 0
 438 00ec 1C4A     		ldr	r2, .L16+32
 439 00ee 1C4B     		ldr	r3, .L16+32
 440 00f0 1B78     		ldrb	r3, [r3]
 441 00f2 DBB2     		uxtb	r3, r3
 442 00f4 3C21     		movs	r1, #60
 443 00f6 8B43     		bics	r3, r1
 444 00f8 DBB2     		uxtb	r3, r3
 445 00fa 1421     		movs	r1, #20
ARM GAS  C:\Users\Lars\AppData\Local\Temp\cctsn7gg.s 			page 15


 446 00fc 0B43     		orrs	r3, r1
 447 00fe DBB2     		uxtb	r3, r3
 448 0100 1370     		strb	r3, [r2]
 349:Generated_Source\PSoC4/cyfitter_cfg.c **** 		CY_SET_XTND_REG8((void *)CYREG_UDB_UDBIF_BANK_CTL, (uint8)(CY_GET_XTND_REG8((void *)CYREG_UDB_UDB
 449              		.loc 1 349 0
 450 0102 184A     		ldr	r2, .L16+36
 451 0104 174B     		ldr	r3, .L16+36
 452 0106 1B78     		ldrb	r3, [r3]
 453 0108 DBB2     		uxtb	r3, r3
 454 010a 1621     		movs	r1, #22
 455 010c 0B43     		orrs	r3, r1
 456 010e DBB2     		uxtb	r3, r3
 457 0110 1370     		strb	r3, [r2]
 458              	.LBE3:
 350:Generated_Source\PSoC4/cyfitter_cfg.c **** 	}
 351:Generated_Source\PSoC4/cyfitter_cfg.c **** 
 352:Generated_Source\PSoC4/cyfitter_cfg.c **** 	/* Perform second pass device configuration. These items must be configured in specific order afte
 353:Generated_Source\PSoC4/cyfitter_cfg.c **** 	/* IOPINS0_0 Starting address: CYDEV_PRT0_BASE */
 354:Generated_Source\PSoC4/cyfitter_cfg.c **** 	CY_SET_REG32((void *)(CYDEV_PRT0_BASE), 0x00000081u);
 459              		.loc 1 354 0
 460 0112 154B     		ldr	r3, .L16+40
 461 0114 8122     		movs	r2, #129
 462 0116 1A60     		str	r2, [r3]
 355:Generated_Source\PSoC4/cyfitter_cfg.c **** 	CY_SET_REG32((void *)(CYREG_PRT0_PC), 0x00400000u);
 463              		.loc 1 355 0
 464 0118 144B     		ldr	r3, .L16+44
 465 011a 8022     		movs	r2, #128
 466 011c D203     		lsls	r2, r2, #15
 467 011e 1A60     		str	r2, [r3]
 356:Generated_Source\PSoC4/cyfitter_cfg.c **** 	CY_SET_REG32((void *)(CYREG_PRT0_PC2), 0x00000001u);
 468              		.loc 1 356 0
 469 0120 134B     		ldr	r3, .L16+48
 470 0122 0122     		movs	r2, #1
 471 0124 1A60     		str	r2, [r3]
 357:Generated_Source\PSoC4/cyfitter_cfg.c **** 
 358:Generated_Source\PSoC4/cyfitter_cfg.c **** 	/* IOPINS0_3 Starting address: CYDEV_PRT3_BASE */
 359:Generated_Source\PSoC4/cyfitter_cfg.c **** 	CY_SET_REG32((void *)(CYREG_PRT3_PC), 0x00000D80u);
 472              		.loc 1 359 0
 473 0126 134B     		ldr	r3, .L16+52
 474 0128 D822     		movs	r2, #216
 475 012a 1201     		lsls	r2, r2, #4
 476 012c 1A60     		str	r2, [r3]
 360:Generated_Source\PSoC4/cyfitter_cfg.c **** 
 361:Generated_Source\PSoC4/cyfitter_cfg.c **** 
 362:Generated_Source\PSoC4/cyfitter_cfg.c **** 	/* Setup clocks based on selections from Clock DWR */
 363:Generated_Source\PSoC4/cyfitter_cfg.c **** 	ClockSetup();
 477              		.loc 1 363 0
 478 012e FFF767FF 		bl	ClockSetup
 364:Generated_Source\PSoC4/cyfitter_cfg.c **** 
 365:Generated_Source\PSoC4/cyfitter_cfg.c **** 	/* Perform basic analog initialization to defaults */
 366:Generated_Source\PSoC4/cyfitter_cfg.c **** 	AnalogSetDefault();
 479              		.loc 1 366 0
 480 0132 FFF7FEFF 		bl	AnalogSetDefault
 367:Generated_Source\PSoC4/cyfitter_cfg.c **** 
 368:Generated_Source\PSoC4/cyfitter_cfg.c **** }
 481              		.loc 1 368 0
 482 0136 C046     		nop
ARM GAS  C:\Users\Lars\AppData\Local\Temp\cctsn7gg.s 			page 16


 483 0138 BD46     		mov	sp, r7
 484 013a 02B0     		add	sp, sp, #8
 485              		@ sp needed
 486 013c 80BD     		pop	{r7, pc}
 487              	.L17:
 488 013e C046     		.align	2
 489              	.L16:
 490 0140 00000000 		.word	cfg_memset_list.4870
 491 0144 28000000 		.word	cy_cfg_data_table.4865
 492 0148 0C000000 		.word	cy_cfg_addr_table.4864
 493 014c 00000140 		.word	1073807360
 494 0150 0C000140 		.word	1073807372
 495 0154 00500F40 		.word	1074745344
 496 0158 08500F40 		.word	1074745352
 497 015c 30500F40 		.word	1074745392
 498 0160 01700F40 		.word	1074753537
 499 0164 00700F40 		.word	1074753536
 500 0168 00000440 		.word	1074003968
 501 016c 08000440 		.word	1074003976
 502 0170 18000440 		.word	1074003992
 503 0174 08030440 		.word	1074004744
 504              		.cfi_endproc
 505              	.LFE6:
 506              		.size	cyfitter_cfg, .-cyfitter_cfg
 507              		.section	.rodata
 508              		.align	2
 509              		.type	cfg_memset_list.4870, %object
 510              		.size	cfg_memset_list.4870, 12
 511              	cfg_memset_list.4870:
 512 0000 00300F40 		.word	1074737152
 513 0004 0004     		.short	1024
 514 0006 00400F40 		.4byte	1074741248
 515 000a 0004     		.short	1024
 516              		.align	2
 517              		.type	cy_cfg_addr_table.4864, %object
 518              		.size	cy_cfg_addr_table.4864, 28
 519              	cy_cfg_addr_table.4864:
 520 000c 04300F40 		.word	1074737156
 521 0010 02310F40 		.word	1074737410
 522 0014 02330F40 		.word	1074737922
 523 0018 02400F40 		.word	1074741250
 524 001c 02410F40 		.word	1074741506
 525 0020 02420F40 		.word	1074741762
 526 0024 02430F40 		.word	1074742018
 527              		.align	2
 528              		.type	cy_cfg_data_table.4865, %object
 529              		.size	cy_cfg_data_table.4865, 32
 530              	cy_cfg_data_table.4865:
 531 0028 38       		.byte	56
 532 0029 88       		.byte	-120
 533 002a 3E       		.byte	62
 534 002b 44       		.byte	68
 535 002c 58       		.byte	88
 536 002d 04       		.byte	4
 537 002e 5F       		.byte	95
 538 002f 01       		.byte	1
 539 0030 18       		.byte	24
ARM GAS  C:\Users\Lars\AppData\Local\Temp\cctsn7gg.s 			page 17


 540 0031 01       		.byte	1
 541 0032 1B       		.byte	27
 542 0033 04       		.byte	4
 543 0034 AB       		.byte	-85
 544 0035 04       		.byte	4
 545 0036 B4       		.byte	-76
 546 0037 01       		.byte	1
 547 0038 57       		.byte	87
 548 0039 20       		.byte	32
 549 003a D4       		.byte	-44
 550 003b 40       		.byte	64
 551 003c AB       		.byte	-85
 552 003d 20       		.byte	32
 553 003e EE       		.byte	-18
 554 003f 20       		.byte	32
 555 0040 70       		.byte	112
 556 0041 08       		.byte	8
 557 0042 DC       		.byte	-36
 558 0043 01       		.byte	1
 559 0044 B4       		.byte	-76
 560 0045 08       		.byte	8
 561 0046 EC       		.byte	-20
 562 0047 08       		.byte	8
 563              		.text
 564              	.Letext0:
 565              		.file 2 "c:\\program files (x86)\\cypress\\psoc creator\\4.2\\psoc creator\\import\\gnu\\arm\\5.4.
 566              		.file 3 "Generated_Source\\PSoC4\\cytypes.h"
 567              		.section	.debug_info,"",%progbits
 568              	.Ldebug_info0:
 569 0000 59030000 		.4byte	0x359
 570 0004 0400     		.2byte	0x4
 571 0006 00000000 		.4byte	.Ldebug_abbrev0
 572 000a 04       		.byte	0x4
 573 000b 01       		.uleb128 0x1
 574 000c 18010000 		.4byte	.LASF40
 575 0010 0C       		.byte	0xc
 576 0011 B4020000 		.4byte	.LASF41
 577 0015 59000000 		.4byte	.LASF42
 578 0019 00000000 		.4byte	.Ldebug_ranges0+0
 579 001d 00000000 		.4byte	0
 580 0021 00000000 		.4byte	.Ldebug_line0
 581 0025 02       		.uleb128 0x2
 582 0026 04       		.byte	0x4
 583 0027 05       		.byte	0x5
 584 0028 696E7400 		.ascii	"int\000"
 585 002c 03       		.uleb128 0x3
 586 002d 06000000 		.4byte	.LASF12
 587 0031 02       		.byte	0x2
 588 0032 D8       		.byte	0xd8
 589 0033 37000000 		.4byte	0x37
 590 0037 04       		.uleb128 0x4
 591 0038 04       		.byte	0x4
 592 0039 07       		.byte	0x7
 593 003a FE010000 		.4byte	.LASF0
 594 003e 04       		.uleb128 0x4
 595 003f 08       		.byte	0x8
 596 0040 05       		.byte	0x5
ARM GAS  C:\Users\Lars\AppData\Local\Temp\cctsn7gg.s 			page 18


 597 0041 5C020000 		.4byte	.LASF1
 598 0045 04       		.uleb128 0x4
 599 0046 08       		.byte	0x8
 600 0047 04       		.byte	0x4
 601 0048 9C020000 		.4byte	.LASF2
 602 004c 04       		.uleb128 0x4
 603 004d 01       		.byte	0x1
 604 004e 06       		.byte	0x6
 605 004f A8020000 		.4byte	.LASF3
 606 0053 04       		.uleb128 0x4
 607 0054 01       		.byte	0x1
 608 0055 08       		.byte	0x8
 609 0056 A6010000 		.4byte	.LASF4
 610 005a 04       		.uleb128 0x4
 611 005b 02       		.byte	0x2
 612 005c 05       		.byte	0x5
 613 005d 89020000 		.4byte	.LASF5
 614 0061 04       		.uleb128 0x4
 615 0062 02       		.byte	0x2
 616 0063 07       		.byte	0x7
 617 0064 49020000 		.4byte	.LASF6
 618 0068 04       		.uleb128 0x4
 619 0069 04       		.byte	0x4
 620 006a 05       		.byte	0x5
 621 006b 93020000 		.4byte	.LASF7
 622 006f 04       		.uleb128 0x4
 623 0070 04       		.byte	0x4
 624 0071 07       		.byte	0x7
 625 0072 F6000000 		.4byte	.LASF8
 626 0076 04       		.uleb128 0x4
 627 0077 08       		.byte	0x8
 628 0078 07       		.byte	0x7
 629 0079 13020000 		.4byte	.LASF9
 630 007d 04       		.uleb128 0x4
 631 007e 04       		.byte	0x4
 632 007f 07       		.byte	0x7
 633 0080 40020000 		.4byte	.LASF10
 634 0084 05       		.uleb128 0x5
 635 0085 04       		.byte	0x4
 636 0086 04       		.uleb128 0x4
 637 0087 01       		.byte	0x1
 638 0088 08       		.byte	0x8
 639 0089 6A020000 		.4byte	.LASF11
 640 008d 06       		.uleb128 0x6
 641 008e 08010000 		.4byte	.LASF13
 642 0092 03       		.byte	0x3
 643 0093 E401     		.2byte	0x1e4
 644 0095 53000000 		.4byte	0x53
 645 0099 06       		.uleb128 0x6
 646 009a E5010000 		.4byte	.LASF14
 647 009e 03       		.byte	0x3
 648 009f E501     		.2byte	0x1e5
 649 00a1 61000000 		.4byte	0x61
 650 00a5 06       		.uleb128 0x6
 651 00a6 F7010000 		.4byte	.LASF15
 652 00aa 03       		.byte	0x3
 653 00ab E601     		.2byte	0x1e6
ARM GAS  C:\Users\Lars\AppData\Local\Temp\cctsn7gg.s 			page 19


 654 00ad 6F000000 		.4byte	0x6f
 655 00b1 04       		.uleb128 0x4
 656 00b2 04       		.byte	0x4
 657 00b3 04       		.byte	0x4
 658 00b4 D1000000 		.4byte	.LASF16
 659 00b8 04       		.uleb128 0x4
 660 00b9 08       		.byte	0x8
 661 00ba 04       		.byte	0x4
 662 00bb B4010000 		.4byte	.LASF17
 663 00bf 06       		.uleb128 0x6
 664 00c0 F1000000 		.4byte	.LASF18
 665 00c4 03       		.byte	0x3
 666 00c5 8E02     		.2byte	0x28e
 667 00c7 CB000000 		.4byte	0xcb
 668 00cb 07       		.uleb128 0x7
 669 00cc 8D000000 		.4byte	0x8d
 670 00d0 06       		.uleb128 0x6
 671 00d1 00000000 		.4byte	.LASF19
 672 00d5 03       		.byte	0x3
 673 00d6 9002     		.2byte	0x290
 674 00d8 DC000000 		.4byte	0xdc
 675 00dc 07       		.uleb128 0x7
 676 00dd A5000000 		.4byte	0xa5
 677 00e1 08       		.uleb128 0x8
 678 00e2 02       		.byte	0x2
 679 00e3 01       		.byte	0x1
 680 00e4 96       		.byte	0x96
 681 00e5 02010000 		.4byte	0x102
 682 00e9 09       		.uleb128 0x9
 683 00ea 82020000 		.4byte	.LASF20
 684 00ee 01       		.byte	0x1
 685 00ef 98       		.byte	0x98
 686 00f0 8D000000 		.4byte	0x8d
 687 00f4 00       		.byte	0
 688 00f5 09       		.uleb128 0x9
 689 00f6 1E000000 		.4byte	.LASF21
 690 00fa 01       		.byte	0x1
 691 00fb 99       		.byte	0x99
 692 00fc 8D000000 		.4byte	0x8d
 693 0100 01       		.byte	0x1
 694 0101 00       		.byte	0
 695 0102 03       		.uleb128 0x3
 696 0103 6F020000 		.4byte	.LASF22
 697 0107 01       		.byte	0x1
 698 0108 9A       		.byte	0x9a
 699 0109 E1000000 		.4byte	0xe1
 700 010d 0A       		.uleb128 0xa
 701 010e 0E010000 		.4byte	.LASF23
 702 0112 01       		.byte	0x1
 703 0113 4B       		.byte	0x4b
 704 0114 00000000 		.4byte	.LFB0
 705 0118 1E000000 		.4byte	.LFE0-.LFB0
 706 011c 01       		.uleb128 0x1
 707 011d 9C       		.byte	0x9c
 708 011e 3B010000 		.4byte	0x13b
 709 0122 0B       		.uleb128 0xb
 710 0123 7300     		.ascii	"s\000"
ARM GAS  C:\Users\Lars\AppData\Local\Temp\cctsn7gg.s 			page 20


 711 0125 01       		.byte	0x1
 712 0126 4B       		.byte	0x4b
 713 0127 84000000 		.4byte	0x84
 714 012b 02       		.uleb128 0x2
 715 012c 91       		.byte	0x91
 716 012d 74       		.sleb128 -12
 717 012e 0B       		.uleb128 0xb
 718 012f 6E00     		.ascii	"n\000"
 719 0131 01       		.byte	0x1
 720 0132 4B       		.byte	0x4b
 721 0133 2C000000 		.4byte	0x2c
 722 0137 02       		.uleb128 0x2
 723 0138 91       		.byte	0x91
 724 0139 70       		.sleb128 -16
 725 013a 00       		.byte	0
 726 013b 0A       		.uleb128 0xa
 727 013c EA020000 		.4byte	.LASF24
 728 0140 01       		.byte	0x1
 729 0141 52       		.byte	0x52
 730 0142 00000000 		.4byte	.LFB1
 731 0146 20000000 		.4byte	.LFE1-.LFB1
 732 014a 01       		.uleb128 0x1
 733 014b 9C       		.byte	0x9c
 734 014c 79010000 		.4byte	0x179
 735 0150 0C       		.uleb128 0xc
 736 0151 D7000000 		.4byte	.LASF25
 737 0155 01       		.byte	0x1
 738 0156 52       		.byte	0x52
 739 0157 84000000 		.4byte	0x84
 740 015b 02       		.uleb128 0x2
 741 015c 91       		.byte	0x91
 742 015d 74       		.sleb128 -12
 743 015e 0B       		.uleb128 0xb
 744 015f 73726300 		.ascii	"src\000"
 745 0163 01       		.byte	0x1
 746 0164 52       		.byte	0x52
 747 0165 79010000 		.4byte	0x179
 748 0169 02       		.uleb128 0x2
 749 016a 91       		.byte	0x91
 750 016b 70       		.sleb128 -16
 751 016c 0B       		.uleb128 0xb
 752 016d 6E00     		.ascii	"n\000"
 753 016f 01       		.byte	0x1
 754 0170 52       		.byte	0x52
 755 0171 2C000000 		.4byte	0x2c
 756 0175 02       		.uleb128 0x2
 757 0176 91       		.byte	0x91
 758 0177 6C       		.sleb128 -20
 759 0178 00       		.byte	0
 760 0179 0D       		.uleb128 0xd
 761 017a 04       		.byte	0x4
 762 017b 7F010000 		.4byte	0x17f
 763 017f 0E       		.uleb128 0xe
 764 0180 0A       		.uleb128 0xa
 765 0181 DA020000 		.4byte	.LASF26
 766 0185 01       		.byte	0x1
 767 0186 59       		.byte	0x59
ARM GAS  C:\Users\Lars\AppData\Local\Temp\cctsn7gg.s 			page 21


 768 0187 00000000 		.4byte	.LFB2
 769 018b 20000000 		.4byte	.LFE2-.LFB2
 770 018f 01       		.uleb128 0x1
 771 0190 9C       		.byte	0x9c
 772 0191 BE010000 		.4byte	0x1be
 773 0195 0C       		.uleb128 0xc
 774 0196 D7000000 		.4byte	.LASF25
 775 019a 01       		.byte	0x1
 776 019b 59       		.byte	0x59
 777 019c 84000000 		.4byte	0x84
 778 01a0 02       		.uleb128 0x2
 779 01a1 91       		.byte	0x91
 780 01a2 74       		.sleb128 -12
 781 01a3 0B       		.uleb128 0xb
 782 01a4 73726300 		.ascii	"src\000"
 783 01a8 01       		.byte	0x1
 784 01a9 59       		.byte	0x59
 785 01aa 79010000 		.4byte	0x179
 786 01ae 02       		.uleb128 0x2
 787 01af 91       		.byte	0x91
 788 01b0 70       		.sleb128 -16
 789 01b1 0B       		.uleb128 0xb
 790 01b2 6E00     		.ascii	"n\000"
 791 01b4 01       		.byte	0x1
 792 01b5 59       		.byte	0x59
 793 01b6 2C000000 		.4byte	0x2c
 794 01ba 02       		.uleb128 0x2
 795 01bb 91       		.byte	0x91
 796 01bc 6C       		.sleb128 -20
 797 01bd 00       		.byte	0
 798 01be 0F       		.uleb128 0xf
 799 01bf BB010000 		.4byte	.LASF27
 800 01c3 01       		.byte	0x1
 801 01c4 AD       		.byte	0xad
 802 01c5 00000000 		.4byte	.LFB3
 803 01c9 82000000 		.4byte	.LFE3-.LFB3
 804 01cd 01       		.uleb128 0x1
 805 01ce 9C       		.byte	0x9c
 806 01cf 2E020000 		.4byte	0x22e
 807 01d3 0C       		.uleb128 0xc
 808 01d4 DA010000 		.4byte	.LASF28
 809 01d8 01       		.byte	0x1
 810 01d9 AD       		.byte	0xad
 811 01da 2E020000 		.4byte	0x22e
 812 01de 02       		.uleb128 0x2
 813 01df 91       		.byte	0x91
 814 01e0 64       		.sleb128 -28
 815 01e1 0C       		.uleb128 0xc
 816 01e2 EC010000 		.4byte	.LASF29
 817 01e6 01       		.byte	0x1
 818 01e7 AD       		.byte	0xad
 819 01e8 39020000 		.4byte	0x239
 820 01ec 02       		.uleb128 0x2
 821 01ed 91       		.byte	0x91
 822 01ee 60       		.sleb128 -32
 823 01ef 10       		.uleb128 0x10
 824 01f0 6900     		.ascii	"i\000"
ARM GAS  C:\Users\Lars\AppData\Local\Temp\cctsn7gg.s 			page 22


 825 01f2 01       		.byte	0x1
 826 01f3 B0       		.byte	0xb0
 827 01f4 A5000000 		.4byte	0xa5
 828 01f8 02       		.uleb128 0x2
 829 01f9 91       		.byte	0x91
 830 01fa 74       		.sleb128 -12
 831 01fb 10       		.uleb128 0x10
 832 01fc 6A00     		.ascii	"j\000"
 833 01fe 01       		.byte	0x1
 834 01ff B0       		.byte	0xb0
 835 0200 A5000000 		.4byte	0xa5
 836 0204 02       		.uleb128 0x2
 837 0205 91       		.byte	0x91
 838 0206 70       		.sleb128 -16
 839 0207 11       		.uleb128 0x11
 840 0208 14000000 		.4byte	.LBB2
 841 020c 5A000000 		.4byte	.LBE2-.LBB2
 842 0210 12       		.uleb128 0x12
 843 0211 37020000 		.4byte	.LASF30
 844 0215 01       		.byte	0x1
 845 0216 B3       		.byte	0xb3
 846 0217 A5000000 		.4byte	0xa5
 847 021b 02       		.uleb128 0x2
 848 021c 91       		.byte	0x91
 849 021d 68       		.sleb128 -24
 850 021e 12       		.uleb128 0x12
 851 021f 24000000 		.4byte	.LASF31
 852 0223 01       		.byte	0x1
 853 0224 B4       		.byte	0xb4
 854 0225 8D000000 		.4byte	0x8d
 855 0229 02       		.uleb128 0x2
 856 022a 91       		.byte	0x91
 857 022b 6F       		.sleb128 -17
 858 022c 00       		.byte	0
 859 022d 00       		.byte	0
 860 022e 0D       		.uleb128 0xd
 861 022f 04       		.byte	0x4
 862 0230 34020000 		.4byte	0x234
 863 0234 13       		.uleb128 0x13
 864 0235 A5000000 		.4byte	0xa5
 865 0239 0D       		.uleb128 0xd
 866 023a 04       		.byte	0x4
 867 023b 3F020000 		.4byte	0x23f
 868 023f 13       		.uleb128 0x13
 869 0240 02010000 		.4byte	0x102
 870 0244 14       		.uleb128 0x14
 871 0245 2A000000 		.4byte	.LASF32
 872 0249 01       		.byte	0x1
 873 024a D2       		.byte	0xd2
 874 024b 00000000 		.4byte	.LFB4
 875 024f 5C000000 		.4byte	.LFE4-.LFB4
 876 0253 01       		.uleb128 0x1
 877 0254 9C       		.byte	0x9c
 878 0255 15       		.uleb128 0x15
 879 0256 0D000000 		.4byte	.LASF33
 880 025a 01       		.byte	0x1
 881 025b FD       		.byte	0xfd
ARM GAS  C:\Users\Lars\AppData\Local\Temp\cctsn7gg.s 			page 23


 882 025c 00000000 		.4byte	.LFB5
 883 0260 0A000000 		.4byte	.LFE5-.LFB5
 884 0264 01       		.uleb128 0x1
 885 0265 9C       		.byte	0x9c
 886 0266 16       		.uleb128 0x16
 887 0267 CD010000 		.4byte	.LASF43
 888 026b 01       		.byte	0x1
 889 026c 1501     		.2byte	0x115
 890 026e 5C000000 		.4byte	.LFB6
 891 0272 1C010000 		.4byte	.LFE6-.LFB6
 892 0276 01       		.uleb128 0x1
 893 0277 9C       		.byte	0x9c
 894 0278 32030000 		.4byte	0x332
 895 027c 11       		.uleb128 0x11
 896 027d 64000000 		.4byte	.LBB3
 897 0281 AE000000 		.4byte	.LBE3-.LBB3
 898 0285 17       		.uleb128 0x17
 899 0286 35000000 		.4byte	.LASF34
 900 028a 01       		.byte	0x1
 901 028b 1B01     		.2byte	0x11b
 902 028d 42030000 		.4byte	0x342
 903 0291 05       		.uleb128 0x5
 904 0292 03       		.byte	0x3
 905 0293 0C000000 		.4byte	cy_cfg_addr_table.4864
 906 0297 17       		.uleb128 0x17
 907 0298 47000000 		.4byte	.LASF35
 908 029c 01       		.byte	0x1
 909 029d 2501     		.2byte	0x125
 910 029f 57030000 		.4byte	0x357
 911 02a3 05       		.uleb128 0x5
 912 02a4 03       		.byte	0x3
 913 02a5 28000000 		.4byte	cy_cfg_data_table.4865
 914 02a9 18       		.uleb128 0x18
 915 02aa 06       		.byte	0x6
 916 02ab 01       		.byte	0x1
 917 02ac 3A01     		.2byte	0x13a
 918 02ae CD020000 		.4byte	0x2cd
 919 02b2 19       		.uleb128 0x19
 920 02b3 0B020000 		.4byte	.LASF36
 921 02b7 01       		.byte	0x1
 922 02b8 3B01     		.2byte	0x13b
 923 02ba 84000000 		.4byte	0x84
 924 02be 00       		.byte	0
 925 02bf 19       		.uleb128 0x19
 926 02c0 EC000000 		.4byte	.LASF37
 927 02c4 01       		.byte	0x1
 928 02c5 3C01     		.2byte	0x13c
 929 02c7 99000000 		.4byte	0x99
 930 02cb 04       		.byte	0x4
 931 02cc 00       		.byte	0
 932 02cd 06       		.uleb128 0x6
 933 02ce 2A020000 		.4byte	.LASF38
 934 02d2 01       		.byte	0x1
 935 02d3 3D01     		.2byte	0x13d
 936 02d5 A9020000 		.4byte	0x2a9
 937 02d9 1A       		.uleb128 0x1a
 938 02da E9020000 		.4byte	0x2e9
ARM GAS  C:\Users\Lars\AppData\Local\Temp\cctsn7gg.s 			page 24


 939 02de E9020000 		.4byte	0x2e9
 940 02e2 1B       		.uleb128 0x1b
 941 02e3 7D000000 		.4byte	0x7d
 942 02e7 01       		.byte	0x1
 943 02e8 00       		.byte	0
 944 02e9 13       		.uleb128 0x13
 945 02ea CD020000 		.4byte	0x2cd
 946 02ee 17       		.uleb128 0x17
 947 02ef DC000000 		.4byte	.LASF39
 948 02f3 01       		.byte	0x1
 949 02f4 3F01     		.2byte	0x13f
 950 02f6 00030000 		.4byte	0x300
 951 02fa 05       		.uleb128 0x5
 952 02fb 03       		.byte	0x3
 953 02fc 00000000 		.4byte	cfg_memset_list.4870
 954 0300 13       		.uleb128 0x13
 955 0301 D9020000 		.4byte	0x2d9
 956 0305 1C       		.uleb128 0x1c
 957 0306 6900     		.ascii	"i\000"
 958 0308 01       		.byte	0x1
 959 0309 4501     		.2byte	0x145
 960 030b 8D000000 		.4byte	0x8d
 961 030f 02       		.uleb128 0x2
 962 0310 91       		.byte	0x91
 963 0311 77       		.sleb128 -9
 964 0312 11       		.uleb128 0x11
 965 0313 6C000000 		.4byte	.LBB4
 966 0317 3C000000 		.4byte	.LBE4-.LBB4
 967 031b 1C       		.uleb128 0x1c
 968 031c 6D7300   		.ascii	"ms\000"
 969 031f 01       		.byte	0x1
 970 0320 4A01     		.2byte	0x14a
 971 0322 29030000 		.4byte	0x329
 972 0326 02       		.uleb128 0x2
 973 0327 91       		.byte	0x91
 974 0328 70       		.sleb128 -16
 975 0329 0D       		.uleb128 0xd
 976 032a 04       		.byte	0x4
 977 032b E9020000 		.4byte	0x2e9
 978 032f 00       		.byte	0
 979 0330 00       		.byte	0
 980 0331 00       		.byte	0
 981 0332 1A       		.uleb128 0x1a
 982 0333 34020000 		.4byte	0x234
 983 0337 42030000 		.4byte	0x342
 984 033b 1B       		.uleb128 0x1b
 985 033c 7D000000 		.4byte	0x7d
 986 0340 06       		.byte	0x6
 987 0341 00       		.byte	0
 988 0342 13       		.uleb128 0x13
 989 0343 32030000 		.4byte	0x332
 990 0347 1A       		.uleb128 0x1a
 991 0348 3F020000 		.4byte	0x23f
 992 034c 57030000 		.4byte	0x357
 993 0350 1B       		.uleb128 0x1b
 994 0351 7D000000 		.4byte	0x7d
 995 0355 0F       		.byte	0xf
ARM GAS  C:\Users\Lars\AppData\Local\Temp\cctsn7gg.s 			page 25


 996 0356 00       		.byte	0
 997 0357 13       		.uleb128 0x13
 998 0358 47030000 		.4byte	0x347
 999 035c 00       		.byte	0
 1000              		.section	.debug_abbrev,"",%progbits
 1001              	.Ldebug_abbrev0:
 1002 0000 01       		.uleb128 0x1
 1003 0001 11       		.uleb128 0x11
 1004 0002 01       		.byte	0x1
 1005 0003 25       		.uleb128 0x25
 1006 0004 0E       		.uleb128 0xe
 1007 0005 13       		.uleb128 0x13
 1008 0006 0B       		.uleb128 0xb
 1009 0007 03       		.uleb128 0x3
 1010 0008 0E       		.uleb128 0xe
 1011 0009 1B       		.uleb128 0x1b
 1012 000a 0E       		.uleb128 0xe
 1013 000b 55       		.uleb128 0x55
 1014 000c 17       		.uleb128 0x17
 1015 000d 11       		.uleb128 0x11
 1016 000e 01       		.uleb128 0x1
 1017 000f 10       		.uleb128 0x10
 1018 0010 17       		.uleb128 0x17
 1019 0011 00       		.byte	0
 1020 0012 00       		.byte	0
 1021 0013 02       		.uleb128 0x2
 1022 0014 24       		.uleb128 0x24
 1023 0015 00       		.byte	0
 1024 0016 0B       		.uleb128 0xb
 1025 0017 0B       		.uleb128 0xb
 1026 0018 3E       		.uleb128 0x3e
 1027 0019 0B       		.uleb128 0xb
 1028 001a 03       		.uleb128 0x3
 1029 001b 08       		.uleb128 0x8
 1030 001c 00       		.byte	0
 1031 001d 00       		.byte	0
 1032 001e 03       		.uleb128 0x3
 1033 001f 16       		.uleb128 0x16
 1034 0020 00       		.byte	0
 1035 0021 03       		.uleb128 0x3
 1036 0022 0E       		.uleb128 0xe
 1037 0023 3A       		.uleb128 0x3a
 1038 0024 0B       		.uleb128 0xb
 1039 0025 3B       		.uleb128 0x3b
 1040 0026 0B       		.uleb128 0xb
 1041 0027 49       		.uleb128 0x49
 1042 0028 13       		.uleb128 0x13
 1043 0029 00       		.byte	0
 1044 002a 00       		.byte	0
 1045 002b 04       		.uleb128 0x4
 1046 002c 24       		.uleb128 0x24
 1047 002d 00       		.byte	0
 1048 002e 0B       		.uleb128 0xb
 1049 002f 0B       		.uleb128 0xb
 1050 0030 3E       		.uleb128 0x3e
 1051 0031 0B       		.uleb128 0xb
 1052 0032 03       		.uleb128 0x3
ARM GAS  C:\Users\Lars\AppData\Local\Temp\cctsn7gg.s 			page 26


 1053 0033 0E       		.uleb128 0xe
 1054 0034 00       		.byte	0
 1055 0035 00       		.byte	0
 1056 0036 05       		.uleb128 0x5
 1057 0037 0F       		.uleb128 0xf
 1058 0038 00       		.byte	0
 1059 0039 0B       		.uleb128 0xb
 1060 003a 0B       		.uleb128 0xb
 1061 003b 00       		.byte	0
 1062 003c 00       		.byte	0
 1063 003d 06       		.uleb128 0x6
 1064 003e 16       		.uleb128 0x16
 1065 003f 00       		.byte	0
 1066 0040 03       		.uleb128 0x3
 1067 0041 0E       		.uleb128 0xe
 1068 0042 3A       		.uleb128 0x3a
 1069 0043 0B       		.uleb128 0xb
 1070 0044 3B       		.uleb128 0x3b
 1071 0045 05       		.uleb128 0x5
 1072 0046 49       		.uleb128 0x49
 1073 0047 13       		.uleb128 0x13
 1074 0048 00       		.byte	0
 1075 0049 00       		.byte	0
 1076 004a 07       		.uleb128 0x7
 1077 004b 35       		.uleb128 0x35
 1078 004c 00       		.byte	0
 1079 004d 49       		.uleb128 0x49
 1080 004e 13       		.uleb128 0x13
 1081 004f 00       		.byte	0
 1082 0050 00       		.byte	0
 1083 0051 08       		.uleb128 0x8
 1084 0052 13       		.uleb128 0x13
 1085 0053 01       		.byte	0x1
 1086 0054 0B       		.uleb128 0xb
 1087 0055 0B       		.uleb128 0xb
 1088 0056 3A       		.uleb128 0x3a
 1089 0057 0B       		.uleb128 0xb
 1090 0058 3B       		.uleb128 0x3b
 1091 0059 0B       		.uleb128 0xb
 1092 005a 01       		.uleb128 0x1
 1093 005b 13       		.uleb128 0x13
 1094 005c 00       		.byte	0
 1095 005d 00       		.byte	0
 1096 005e 09       		.uleb128 0x9
 1097 005f 0D       		.uleb128 0xd
 1098 0060 00       		.byte	0
 1099 0061 03       		.uleb128 0x3
 1100 0062 0E       		.uleb128 0xe
 1101 0063 3A       		.uleb128 0x3a
 1102 0064 0B       		.uleb128 0xb
 1103 0065 3B       		.uleb128 0x3b
 1104 0066 0B       		.uleb128 0xb
 1105 0067 49       		.uleb128 0x49
 1106 0068 13       		.uleb128 0x13
 1107 0069 38       		.uleb128 0x38
 1108 006a 0B       		.uleb128 0xb
 1109 006b 00       		.byte	0
ARM GAS  C:\Users\Lars\AppData\Local\Temp\cctsn7gg.s 			page 27


 1110 006c 00       		.byte	0
 1111 006d 0A       		.uleb128 0xa
 1112 006e 2E       		.uleb128 0x2e
 1113 006f 01       		.byte	0x1
 1114 0070 03       		.uleb128 0x3
 1115 0071 0E       		.uleb128 0xe
 1116 0072 3A       		.uleb128 0x3a
 1117 0073 0B       		.uleb128 0xb
 1118 0074 3B       		.uleb128 0x3b
 1119 0075 0B       		.uleb128 0xb
 1120 0076 27       		.uleb128 0x27
 1121 0077 19       		.uleb128 0x19
 1122 0078 11       		.uleb128 0x11
 1123 0079 01       		.uleb128 0x1
 1124 007a 12       		.uleb128 0x12
 1125 007b 06       		.uleb128 0x6
 1126 007c 40       		.uleb128 0x40
 1127 007d 18       		.uleb128 0x18
 1128 007e 9642     		.uleb128 0x2116
 1129 0080 19       		.uleb128 0x19
 1130 0081 01       		.uleb128 0x1
 1131 0082 13       		.uleb128 0x13
 1132 0083 00       		.byte	0
 1133 0084 00       		.byte	0
 1134 0085 0B       		.uleb128 0xb
 1135 0086 05       		.uleb128 0x5
 1136 0087 00       		.byte	0
 1137 0088 03       		.uleb128 0x3
 1138 0089 08       		.uleb128 0x8
 1139 008a 3A       		.uleb128 0x3a
 1140 008b 0B       		.uleb128 0xb
 1141 008c 3B       		.uleb128 0x3b
 1142 008d 0B       		.uleb128 0xb
 1143 008e 49       		.uleb128 0x49
 1144 008f 13       		.uleb128 0x13
 1145 0090 02       		.uleb128 0x2
 1146 0091 18       		.uleb128 0x18
 1147 0092 00       		.byte	0
 1148 0093 00       		.byte	0
 1149 0094 0C       		.uleb128 0xc
 1150 0095 05       		.uleb128 0x5
 1151 0096 00       		.byte	0
 1152 0097 03       		.uleb128 0x3
 1153 0098 0E       		.uleb128 0xe
 1154 0099 3A       		.uleb128 0x3a
 1155 009a 0B       		.uleb128 0xb
 1156 009b 3B       		.uleb128 0x3b
 1157 009c 0B       		.uleb128 0xb
 1158 009d 49       		.uleb128 0x49
 1159 009e 13       		.uleb128 0x13
 1160 009f 02       		.uleb128 0x2
 1161 00a0 18       		.uleb128 0x18
 1162 00a1 00       		.byte	0
 1163 00a2 00       		.byte	0
 1164 00a3 0D       		.uleb128 0xd
 1165 00a4 0F       		.uleb128 0xf
 1166 00a5 00       		.byte	0
ARM GAS  C:\Users\Lars\AppData\Local\Temp\cctsn7gg.s 			page 28


 1167 00a6 0B       		.uleb128 0xb
 1168 00a7 0B       		.uleb128 0xb
 1169 00a8 49       		.uleb128 0x49
 1170 00a9 13       		.uleb128 0x13
 1171 00aa 00       		.byte	0
 1172 00ab 00       		.byte	0
 1173 00ac 0E       		.uleb128 0xe
 1174 00ad 26       		.uleb128 0x26
 1175 00ae 00       		.byte	0
 1176 00af 00       		.byte	0
 1177 00b0 00       		.byte	0
 1178 00b1 0F       		.uleb128 0xf
 1179 00b2 2E       		.uleb128 0x2e
 1180 00b3 01       		.byte	0x1
 1181 00b4 03       		.uleb128 0x3
 1182 00b5 0E       		.uleb128 0xe
 1183 00b6 3A       		.uleb128 0x3a
 1184 00b7 0B       		.uleb128 0xb
 1185 00b8 3B       		.uleb128 0x3b
 1186 00b9 0B       		.uleb128 0xb
 1187 00ba 27       		.uleb128 0x27
 1188 00bb 19       		.uleb128 0x19
 1189 00bc 11       		.uleb128 0x11
 1190 00bd 01       		.uleb128 0x1
 1191 00be 12       		.uleb128 0x12
 1192 00bf 06       		.uleb128 0x6
 1193 00c0 40       		.uleb128 0x40
 1194 00c1 18       		.uleb128 0x18
 1195 00c2 9742     		.uleb128 0x2117
 1196 00c4 19       		.uleb128 0x19
 1197 00c5 01       		.uleb128 0x1
 1198 00c6 13       		.uleb128 0x13
 1199 00c7 00       		.byte	0
 1200 00c8 00       		.byte	0
 1201 00c9 10       		.uleb128 0x10
 1202 00ca 34       		.uleb128 0x34
 1203 00cb 00       		.byte	0
 1204 00cc 03       		.uleb128 0x3
 1205 00cd 08       		.uleb128 0x8
 1206 00ce 3A       		.uleb128 0x3a
 1207 00cf 0B       		.uleb128 0xb
 1208 00d0 3B       		.uleb128 0x3b
 1209 00d1 0B       		.uleb128 0xb
 1210 00d2 49       		.uleb128 0x49
 1211 00d3 13       		.uleb128 0x13
 1212 00d4 02       		.uleb128 0x2
 1213 00d5 18       		.uleb128 0x18
 1214 00d6 00       		.byte	0
 1215 00d7 00       		.byte	0
 1216 00d8 11       		.uleb128 0x11
 1217 00d9 0B       		.uleb128 0xb
 1218 00da 01       		.byte	0x1
 1219 00db 11       		.uleb128 0x11
 1220 00dc 01       		.uleb128 0x1
 1221 00dd 12       		.uleb128 0x12
 1222 00de 06       		.uleb128 0x6
 1223 00df 00       		.byte	0
ARM GAS  C:\Users\Lars\AppData\Local\Temp\cctsn7gg.s 			page 29


 1224 00e0 00       		.byte	0
 1225 00e1 12       		.uleb128 0x12
 1226 00e2 34       		.uleb128 0x34
 1227 00e3 00       		.byte	0
 1228 00e4 03       		.uleb128 0x3
 1229 00e5 0E       		.uleb128 0xe
 1230 00e6 3A       		.uleb128 0x3a
 1231 00e7 0B       		.uleb128 0xb
 1232 00e8 3B       		.uleb128 0x3b
 1233 00e9 0B       		.uleb128 0xb
 1234 00ea 49       		.uleb128 0x49
 1235 00eb 13       		.uleb128 0x13
 1236 00ec 02       		.uleb128 0x2
 1237 00ed 18       		.uleb128 0x18
 1238 00ee 00       		.byte	0
 1239 00ef 00       		.byte	0
 1240 00f0 13       		.uleb128 0x13
 1241 00f1 26       		.uleb128 0x26
 1242 00f2 00       		.byte	0
 1243 00f3 49       		.uleb128 0x49
 1244 00f4 13       		.uleb128 0x13
 1245 00f5 00       		.byte	0
 1246 00f6 00       		.byte	0
 1247 00f7 14       		.uleb128 0x14
 1248 00f8 2E       		.uleb128 0x2e
 1249 00f9 00       		.byte	0
 1250 00fa 03       		.uleb128 0x3
 1251 00fb 0E       		.uleb128 0xe
 1252 00fc 3A       		.uleb128 0x3a
 1253 00fd 0B       		.uleb128 0xb
 1254 00fe 3B       		.uleb128 0x3b
 1255 00ff 0B       		.uleb128 0xb
 1256 0100 27       		.uleb128 0x27
 1257 0101 19       		.uleb128 0x19
 1258 0102 11       		.uleb128 0x11
 1259 0103 01       		.uleb128 0x1
 1260 0104 12       		.uleb128 0x12
 1261 0105 06       		.uleb128 0x6
 1262 0106 40       		.uleb128 0x40
 1263 0107 18       		.uleb128 0x18
 1264 0108 9642     		.uleb128 0x2116
 1265 010a 19       		.uleb128 0x19
 1266 010b 00       		.byte	0
 1267 010c 00       		.byte	0
 1268 010d 15       		.uleb128 0x15
 1269 010e 2E       		.uleb128 0x2e
 1270 010f 00       		.byte	0
 1271 0110 03       		.uleb128 0x3
 1272 0111 0E       		.uleb128 0xe
 1273 0112 3A       		.uleb128 0x3a
 1274 0113 0B       		.uleb128 0xb
 1275 0114 3B       		.uleb128 0x3b
 1276 0115 0B       		.uleb128 0xb
 1277 0116 27       		.uleb128 0x27
 1278 0117 19       		.uleb128 0x19
 1279 0118 11       		.uleb128 0x11
 1280 0119 01       		.uleb128 0x1
ARM GAS  C:\Users\Lars\AppData\Local\Temp\cctsn7gg.s 			page 30


 1281 011a 12       		.uleb128 0x12
 1282 011b 06       		.uleb128 0x6
 1283 011c 40       		.uleb128 0x40
 1284 011d 18       		.uleb128 0x18
 1285 011e 9742     		.uleb128 0x2117
 1286 0120 19       		.uleb128 0x19
 1287 0121 00       		.byte	0
 1288 0122 00       		.byte	0
 1289 0123 16       		.uleb128 0x16
 1290 0124 2E       		.uleb128 0x2e
 1291 0125 01       		.byte	0x1
 1292 0126 3F       		.uleb128 0x3f
 1293 0127 19       		.uleb128 0x19
 1294 0128 03       		.uleb128 0x3
 1295 0129 0E       		.uleb128 0xe
 1296 012a 3A       		.uleb128 0x3a
 1297 012b 0B       		.uleb128 0xb
 1298 012c 3B       		.uleb128 0x3b
 1299 012d 05       		.uleb128 0x5
 1300 012e 27       		.uleb128 0x27
 1301 012f 19       		.uleb128 0x19
 1302 0130 11       		.uleb128 0x11
 1303 0131 01       		.uleb128 0x1
 1304 0132 12       		.uleb128 0x12
 1305 0133 06       		.uleb128 0x6
 1306 0134 40       		.uleb128 0x40
 1307 0135 18       		.uleb128 0x18
 1308 0136 9642     		.uleb128 0x2116
 1309 0138 19       		.uleb128 0x19
 1310 0139 01       		.uleb128 0x1
 1311 013a 13       		.uleb128 0x13
 1312 013b 00       		.byte	0
 1313 013c 00       		.byte	0
 1314 013d 17       		.uleb128 0x17
 1315 013e 34       		.uleb128 0x34
 1316 013f 00       		.byte	0
 1317 0140 03       		.uleb128 0x3
 1318 0141 0E       		.uleb128 0xe
 1319 0142 3A       		.uleb128 0x3a
 1320 0143 0B       		.uleb128 0xb
 1321 0144 3B       		.uleb128 0x3b
 1322 0145 05       		.uleb128 0x5
 1323 0146 49       		.uleb128 0x49
 1324 0147 13       		.uleb128 0x13
 1325 0148 02       		.uleb128 0x2
 1326 0149 18       		.uleb128 0x18
 1327 014a 00       		.byte	0
 1328 014b 00       		.byte	0
 1329 014c 18       		.uleb128 0x18
 1330 014d 13       		.uleb128 0x13
 1331 014e 01       		.byte	0x1
 1332 014f 0B       		.uleb128 0xb
 1333 0150 0B       		.uleb128 0xb
 1334 0151 3A       		.uleb128 0x3a
 1335 0152 0B       		.uleb128 0xb
 1336 0153 3B       		.uleb128 0x3b
 1337 0154 05       		.uleb128 0x5
ARM GAS  C:\Users\Lars\AppData\Local\Temp\cctsn7gg.s 			page 31


 1338 0155 01       		.uleb128 0x1
 1339 0156 13       		.uleb128 0x13
 1340 0157 00       		.byte	0
 1341 0158 00       		.byte	0
 1342 0159 19       		.uleb128 0x19
 1343 015a 0D       		.uleb128 0xd
 1344 015b 00       		.byte	0
 1345 015c 03       		.uleb128 0x3
 1346 015d 0E       		.uleb128 0xe
 1347 015e 3A       		.uleb128 0x3a
 1348 015f 0B       		.uleb128 0xb
 1349 0160 3B       		.uleb128 0x3b
 1350 0161 05       		.uleb128 0x5
 1351 0162 49       		.uleb128 0x49
 1352 0163 13       		.uleb128 0x13
 1353 0164 38       		.uleb128 0x38
 1354 0165 0B       		.uleb128 0xb
 1355 0166 00       		.byte	0
 1356 0167 00       		.byte	0
 1357 0168 1A       		.uleb128 0x1a
 1358 0169 01       		.uleb128 0x1
 1359 016a 01       		.byte	0x1
 1360 016b 49       		.uleb128 0x49
 1361 016c 13       		.uleb128 0x13
 1362 016d 01       		.uleb128 0x1
 1363 016e 13       		.uleb128 0x13
 1364 016f 00       		.byte	0
 1365 0170 00       		.byte	0
 1366 0171 1B       		.uleb128 0x1b
 1367 0172 21       		.uleb128 0x21
 1368 0173 00       		.byte	0
 1369 0174 49       		.uleb128 0x49
 1370 0175 13       		.uleb128 0x13
 1371 0176 2F       		.uleb128 0x2f
 1372 0177 0B       		.uleb128 0xb
 1373 0178 00       		.byte	0
 1374 0179 00       		.byte	0
 1375 017a 1C       		.uleb128 0x1c
 1376 017b 34       		.uleb128 0x34
 1377 017c 00       		.byte	0
 1378 017d 03       		.uleb128 0x3
 1379 017e 08       		.uleb128 0x8
 1380 017f 3A       		.uleb128 0x3a
 1381 0180 0B       		.uleb128 0xb
 1382 0181 3B       		.uleb128 0x3b
 1383 0182 05       		.uleb128 0x5
 1384 0183 49       		.uleb128 0x49
 1385 0184 13       		.uleb128 0x13
 1386 0185 02       		.uleb128 0x2
 1387 0186 18       		.uleb128 0x18
 1388 0187 00       		.byte	0
 1389 0188 00       		.byte	0
 1390 0189 00       		.byte	0
 1391              		.section	.debug_aranges,"",%progbits
 1392 0000 4C000000 		.4byte	0x4c
 1393 0004 0200     		.2byte	0x2
 1394 0006 00000000 		.4byte	.Ldebug_info0
ARM GAS  C:\Users\Lars\AppData\Local\Temp\cctsn7gg.s 			page 32


 1395 000a 04       		.byte	0x4
 1396 000b 00       		.byte	0
 1397 000c 0000     		.2byte	0
 1398 000e 0000     		.2byte	0
 1399 0010 00000000 		.4byte	.LFB0
 1400 0014 1E000000 		.4byte	.LFE0-.LFB0
 1401 0018 00000000 		.4byte	.LFB1
 1402 001c 20000000 		.4byte	.LFE1-.LFB1
 1403 0020 00000000 		.4byte	.LFB2
 1404 0024 20000000 		.4byte	.LFE2-.LFB2
 1405 0028 00000000 		.4byte	.LFB3
 1406 002c 82000000 		.4byte	.LFE3-.LFB3
 1407 0030 00000000 		.4byte	.LFB4
 1408 0034 5C000000 		.4byte	.LFE4-.LFB4
 1409 0038 00000000 		.4byte	.LFB5
 1410 003c 0A000000 		.4byte	.LFE5-.LFB5
 1411 0040 5C000000 		.4byte	.LFB6
 1412 0044 1C010000 		.4byte	.LFE6-.LFB6
 1413 0048 00000000 		.4byte	0
 1414 004c 00000000 		.4byte	0
 1415              		.section	.debug_ranges,"",%progbits
 1416              	.Ldebug_ranges0:
 1417 0000 00000000 		.4byte	.LFB0
 1418 0004 1E000000 		.4byte	.LFE0
 1419 0008 00000000 		.4byte	.LFB1
 1420 000c 20000000 		.4byte	.LFE1
 1421 0010 00000000 		.4byte	.LFB2
 1422 0014 20000000 		.4byte	.LFE2
 1423 0018 00000000 		.4byte	.LFB3
 1424 001c 82000000 		.4byte	.LFE3
 1425 0020 00000000 		.4byte	.LFB4
 1426 0024 5C000000 		.4byte	.LFE4
 1427 0028 00000000 		.4byte	.LFB5
 1428 002c 0A000000 		.4byte	.LFE5
 1429 0030 5C000000 		.4byte	.LFB6
 1430 0034 78010000 		.4byte	.LFE6
 1431 0038 00000000 		.4byte	0
 1432 003c 00000000 		.4byte	0
 1433              		.section	.debug_line,"",%progbits
 1434              	.Ldebug_line0:
 1435 0000 86010000 		.section	.debug_str,"MS",%progbits,1
 1435      0200CB00 
 1435      00000201 
 1435      FB0E0D00 
 1435      01010101 
 1436              	.LASF19:
 1437 0000 72656733 		.ascii	"reg32\000"
 1437      3200
 1438              	.LASF12:
 1439 0006 73697A65 		.ascii	"size_t\000"
 1439      5F7400
 1440              	.LASF33:
 1441 000d 416E616C 		.ascii	"AnalogSetDefault\000"
 1441      6F675365 
 1441      74446566 
 1441      61756C74 
 1441      00
ARM GAS  C:\Users\Lars\AppData\Local\Temp\cctsn7gg.s 			page 33


 1442              	.LASF21:
 1443 001e 76616C75 		.ascii	"value\000"
 1443      6500
 1444              	.LASF31:
 1445 0024 636F756E 		.ascii	"count\000"
 1445      7400
 1446              	.LASF32:
 1447 002a 436C6F63 		.ascii	"ClockSetup\000"
 1447      6B536574 
 1447      757000
 1448              	.LASF34:
 1449 0035 63795F63 		.ascii	"cy_cfg_addr_table\000"
 1449      66675F61 
 1449      6464725F 
 1449      7461626C 
 1449      6500
 1450              	.LASF35:
 1451 0047 63795F63 		.ascii	"cy_cfg_data_table\000"
 1451      66675F64 
 1451      6174615F 
 1451      7461626C 
 1451      6500
 1452              	.LASF42:
 1453 0059 433A5C55 		.ascii	"C:\\Users\\Lars\\Documents\\PSoC Creator\\Workspace"
 1453      73657273 
 1453      5C4C6172 
 1453      735C446F 
 1453      63756D65 
 1454 0087 30315C50 		.ascii	"01\\P4_SingleDiode.cydsn\\PSoC4_Current_Digital_to_"
 1454      345F5369 
 1454      6E676C65 
 1454      44696F64 
 1454      652E6379 
 1455 00b8 416E616C 		.ascii	"Analog_Converter01.cydsn\000"
 1455      6F675F43 
 1455      6F6E7665 
 1455      72746572 
 1455      30312E63 
 1456              	.LASF16:
 1457 00d1 666C6F61 		.ascii	"float\000"
 1457      7400
 1458              	.LASF25:
 1459 00d7 64657374 		.ascii	"dest\000"
 1459      00
 1460              	.LASF39:
 1461 00dc 6366675F 		.ascii	"cfg_memset_list\000"
 1461      6D656D73 
 1461      65745F6C 
 1461      69737400 
 1462              	.LASF37:
 1463 00ec 73697A65 		.ascii	"size\000"
 1463      00
 1464              	.LASF18:
 1465 00f1 72656738 		.ascii	"reg8\000"
 1465      00
 1466              	.LASF8:
 1467 00f6 6C6F6E67 		.ascii	"long unsigned int\000"
ARM GAS  C:\Users\Lars\AppData\Local\Temp\cctsn7gg.s 			page 34


 1467      20756E73 
 1467      69676E65 
 1467      6420696E 
 1467      7400
 1468              	.LASF13:
 1469 0108 75696E74 		.ascii	"uint8\000"
 1469      3800
 1470              	.LASF23:
 1471 010e 43594D45 		.ascii	"CYMEMZERO\000"
 1471      4D5A4552 
 1471      4F00
 1472              	.LASF40:
 1473 0118 474E5520 		.ascii	"GNU C11 5.4.1 20160609 (release) [ARM/embedded-5-br"
 1473      43313120 
 1473      352E342E 
 1473      31203230 
 1473      31363036 
 1474 014b 616E6368 		.ascii	"anch revision 237715] -mcpu=cortex-m0 -mthumb -g -O"
 1474      20726576 
 1474      6973696F 
 1474      6E203233 
 1474      37373135 
 1475 017e 30202D66 		.ascii	"0 -ffunction-sections -ffat-lto-objects\000"
 1475      66756E63 
 1475      74696F6E 
 1475      2D736563 
 1475      74696F6E 
 1476              	.LASF4:
 1477 01a6 756E7369 		.ascii	"unsigned char\000"
 1477      676E6564 
 1477      20636861 
 1477      7200
 1478              	.LASF17:
 1479 01b4 646F7562 		.ascii	"double\000"
 1479      6C6500
 1480              	.LASF27:
 1481 01bb 6366675F 		.ascii	"cfg_write_bytes32\000"
 1481      77726974 
 1481      655F6279 
 1481      74657333 
 1481      3200
 1482              	.LASF43:
 1483 01cd 63796669 		.ascii	"cyfitter_cfg\000"
 1483      74746572 
 1483      5F636667 
 1483      00
 1484              	.LASF28:
 1485 01da 61646472 		.ascii	"addr_table\000"
 1485      5F746162 
 1485      6C6500
 1486              	.LASF14:
 1487 01e5 75696E74 		.ascii	"uint16\000"
 1487      313600
 1488              	.LASF29:
 1489 01ec 64617461 		.ascii	"data_table\000"
 1489      5F746162 
 1489      6C6500
ARM GAS  C:\Users\Lars\AppData\Local\Temp\cctsn7gg.s 			page 35


 1490              	.LASF15:
 1491 01f7 75696E74 		.ascii	"uint32\000"
 1491      333200
 1492              	.LASF0:
 1493 01fe 756E7369 		.ascii	"unsigned int\000"
 1493      676E6564 
 1493      20696E74 
 1493      00
 1494              	.LASF36:
 1495 020b 61646472 		.ascii	"address\000"
 1495      65737300 
 1496              	.LASF9:
 1497 0213 6C6F6E67 		.ascii	"long long unsigned int\000"
 1497      206C6F6E 
 1497      6720756E 
 1497      7369676E 
 1497      65642069 
 1498              	.LASF38:
 1499 022a 6366675F 		.ascii	"cfg_memset_t\000"
 1499      6D656D73 
 1499      65745F74 
 1499      00
 1500              	.LASF30:
 1501 0237 62617365 		.ascii	"baseAddr\000"
 1501      41646472 
 1501      00
 1502              	.LASF10:
 1503 0240 73697A65 		.ascii	"sizetype\000"
 1503      74797065 
 1503      00
 1504              	.LASF6:
 1505 0249 73686F72 		.ascii	"short unsigned int\000"
 1505      7420756E 
 1505      7369676E 
 1505      65642069 
 1505      6E7400
 1506              	.LASF1:
 1507 025c 6C6F6E67 		.ascii	"long long int\000"
 1507      206C6F6E 
 1507      6720696E 
 1507      7400
 1508              	.LASF11:
 1509 026a 63686172 		.ascii	"char\000"
 1509      00
 1510              	.LASF22:
 1511 026f 63795F63 		.ascii	"cy_cfg_addrvalue_t\000"
 1511      66675F61 
 1511      64647276 
 1511      616C7565 
 1511      5F7400
 1512              	.LASF20:
 1513 0282 6F666673 		.ascii	"offset\000"
 1513      657400
 1514              	.LASF5:
 1515 0289 73686F72 		.ascii	"short int\000"
 1515      7420696E 
 1515      7400
ARM GAS  C:\Users\Lars\AppData\Local\Temp\cctsn7gg.s 			page 36


 1516              	.LASF7:
 1517 0293 6C6F6E67 		.ascii	"long int\000"
 1517      20696E74 
 1517      00
 1518              	.LASF2:
 1519 029c 6C6F6E67 		.ascii	"long double\000"
 1519      20646F75 
 1519      626C6500 
 1520              	.LASF3:
 1521 02a8 7369676E 		.ascii	"signed char\000"
 1521      65642063 
 1521      68617200 
 1522              	.LASF41:
 1523 02b4 47656E65 		.ascii	"Generated_Source\\PSoC4\\cyfitter_cfg.c\000"
 1523      72617465 
 1523      645F536F 
 1523      75726365 
 1523      5C50536F 
 1524              	.LASF26:
 1525 02da 4359434F 		.ascii	"CYCONFIGCPYCODE\000"
 1525      4E464947 
 1525      43505943 
 1525      4F444500 
 1526              	.LASF24:
 1527 02ea 4359434F 		.ascii	"CYCONFIGCPY\000"
 1527      4E464947 
 1527      43505900 
 1528              		.ident	"GCC: (GNU Tools for ARM Embedded Processors) 5.4.1 20160609 (release) [ARM/embedded-5-bran
