main.c:116:5:main	40	static
main.c:238:6:SystemClock_Config	232	static
main.c:301:13:MX_NVIC_Init	8	static
main.c:343:13:MX_ADC1_Init	24	static
main.c:393:13:MX_ADC2_Init	24	static
main.c:443:13:MX_I2C1_Init	8	static
main.c:489:13:MX_RTC_Init	40	static
main.c:551:13:MX_SPI1_Init	8	static
main.c:591:13:MX_TIM1_Init	40	static
main.c:639:13:MX_TIM6_Init	24	static
main.c:677:13:MX_TIM7_Init	24	static
main.c:715:13:MX_USART3_UART_Init	8	static
main.c:748:13:MX_DMA_Init	16	static
main.c:772:13:MX_GPIO_Init	64	static
main.c:925:13:burstMode	24	static
main.c:1010:13:configOperator	8	static
main.c:1026:13:configSensors	8	static
main.c:1106:6:Error_Handler	8	static
