stm32f7xx_it.c:81:6:NMI_Handler	4	static
stm32f7xx_it.c:94:6:HardFault_Handler	4	static
stm32f7xx_it.c:109:6:MemManage_Handler	4	static
stm32f7xx_it.c:124:6:BusFault_Handler	4	static
stm32f7xx_it.c:139:6:UsageFault_Handler	4	static
stm32f7xx_it.c:154:6:SVC_Handler	4	static
stm32f7xx_it.c:167:6:DebugMon_Handler	4	static
stm32f7xx_it.c:180:6:PendSV_Handler	4	static
stm32f7xx_it.c:193:6:SysTick_Handler	8	static
stm32f7xx_it.c:214:6:DMA1_Stream0_IRQHandler	8	static
stm32f7xx_it.c:228:6:DMA1_Stream1_IRQHandler	8	static
stm32f7xx_it.c:242:6:DMA1_Stream3_IRQHandler	8	static
stm32f7xx_it.c:256:6:DMA1_Stream6_IRQHandler	8	static
stm32f7xx_it.c:270:6:ADC_IRQHandler	8	static
stm32f7xx_it.c:285:6:I2C1_EV_IRQHandler	8	static
stm32f7xx_it.c:299:6:I2C1_ER_IRQHandler	8	static
stm32f7xx_it.c:313:6:USART3_IRQHandler	8	static
stm32f7xx_it.c:327:6:EXTI15_10_IRQHandler	8	static
stm32f7xx_it.c:341:6:TIM6_DAC_IRQHandler	8	static
stm32f7xx_it.c:355:6:DMA2_Stream0_IRQHandler	8	static
stm32f7xx_it.c:369:6:DMA2_Stream3_IRQHandler	8	static
stm32f7xx_it.c:383:6:DMA2_Stream4_IRQHandler	8	static
